[0.011s] Invoking command in '/home/exhausted/Saisarath/stuff/MRM/mrm_irc_2026/mrm_irc_2026/build/custom_msgs': CMAKE_PREFIX_PATH=${CMAKE_PREFIX_PATH}:/home/exhausted/Saisarath/stuff/MRM/URDF_WS/install/open_cv_stuff:/home/exhausted/Saisarath/stuff/MRM/mrm_irc_2026/install/yolo:/home/exhausted/Saisarath/stuff/MRM/mrm_irc_2026/install/gps:/home/exhausted/Saisarath/stuff/MRM/mrm_irc_2026/install/ex_imu:/home/exhausted/Saisarath/stuff/MRM/ros_ws3/install/image_processing:/home/exhausted/Saisarath/stuff/MRM/ros_ws3/install/gps:/opt/ros/humble /usr/bin/cmake /home/exhausted/Saisarath/stuff/MRM/mrm_irc_2026/mrm_irc_2026/custom_msgs -DCMAKE_INSTALL_PREFIX=/home/exhausted/Saisarath/stuff/MRM/mrm_irc_2026/mrm_irc_2026/install/custom_msgs
[0.083s] -- The C compiler identification is GNU 11.4.0
[0.127s] -- The CXX compiler identification is GNU 11.4.0
[0.134s] -- Detecting C compiler ABI info
[0.185s] -- Detecting C compiler ABI info - done
[0.190s] -- Check for working C compiler: /usr/bin/cc - skipped
[0.191s] -- Detecting C compile features
[0.191s] -- Detecting C compile features - done
[0.194s] -- Detecting CXX compiler ABI info
[0.253s] -- Detecting CXX compiler ABI info - done
[0.258s] -- Check for working CXX compiler: /usr/bin/c++ - skipped
[0.258s] -- Detecting CXX compile features
[0.259s] -- Detecting CXX compile features - done
[0.278s] -- Found ament_cmake: 1.3.12 (/opt/ros/humble/share/ament_cmake/cmake)
[0.525s] -- Found Python3: /usr/bin/python3 (found version "3.10.12") found components: Interpreter 
[0.610s] -- Found rosidl_default_generators: 1.2.0 (/opt/ros/humble/share/rosidl_default_generators/cmake)
[0.618s] -- Using all available rosidl_typesupport_c: rosidl_typesupport_fastrtps_c;rosidl_typesupport_introspection_c
[0.626s] -- Found rosidl_adapter: 3.1.8 (/opt/ros/humble/share/rosidl_adapter/cmake)
[0.674s] -- Using all available rosidl_typesupport_cpp: rosidl_typesupport_fastrtps_cpp;rosidl_typesupport_introspection_cpp
[0.707s] -- Found geometry_msgs: 4.9.0 (/opt/ros/humble/share/geometry_msgs/cmake)
[0.936s] -- Found ament_cmake_ros: 0.10.0 (/opt/ros/humble/share/ament_cmake_ros/cmake)
[1.108s] -- Using all available rosidl_typesupport_c: rosidl_typesupport_fastrtps_c;rosidl_typesupport_introspection_c
[1.322s] -- Using all available rosidl_typesupport_cpp: rosidl_typesupport_fastrtps_cpp;rosidl_typesupport_introspection_cpp
[1.339s] -- Found PythonInterp: /usr/bin/python3 (found suitable version "3.10.12", minimum required is "3.6") 
[1.342s] -- Found python_cmake_module: 0.10.0 (/opt/ros/humble/share/python_cmake_module/cmake)
[1.362s] -- Found PythonLibs: /usr/lib/x86_64-linux-gnu/libpython3.10.so (found suitable version "3.10.12", minimum required is "3.5") 
[1.362s] -- Using PYTHON_EXECUTABLE: /usr/bin/python3
[1.362s] -- Using PYTHON_INCLUDE_DIRS: /usr/include/python3.10
[1.362s] -- Using PYTHON_LIBRARIES: /usr/lib/x86_64-linux-gnu/libpython3.10.so
[1.379s] -- Found PythonExtra: .so  
[1.429s] -- Configuring done
[1.450s] -- Generating done
[1.457s] -- Build files have been written to: /home/exhausted/Saisarath/stuff/MRM/mrm_irc_2026/mrm_irc_2026/build/custom_msgs
[1.465s] Invoked command in '/home/exhausted/Saisarath/stuff/MRM/mrm_irc_2026/mrm_irc_2026/build/custom_msgs' returned '0': CMAKE_PREFIX_PATH=${CMAKE_PREFIX_PATH}:/home/exhausted/Saisarath/stuff/MRM/URDF_WS/install/open_cv_stuff:/home/exhausted/Saisarath/stuff/MRM/mrm_irc_2026/install/yolo:/home/exhausted/Saisarath/stuff/MRM/mrm_irc_2026/install/gps:/home/exhausted/Saisarath/stuff/MRM/mrm_irc_2026/install/ex_imu:/home/exhausted/Saisarath/stuff/MRM/ros_ws3/install/image_processing:/home/exhausted/Saisarath/stuff/MRM/ros_ws3/install/gps:/opt/ros/humble /usr/bin/cmake /home/exhausted/Saisarath/stuff/MRM/mrm_irc_2026/mrm_irc_2026/custom_msgs -DCMAKE_INSTALL_PREFIX=/home/exhausted/Saisarath/stuff/MRM/mrm_irc_2026/mrm_irc_2026/install/custom_msgs
[1.465s] Invoking command in '/home/exhausted/Saisarath/stuff/MRM/mrm_irc_2026/mrm_irc_2026/build/custom_msgs': CMAKE_PREFIX_PATH=${CMAKE_PREFIX_PATH}:/home/exhausted/Saisarath/stuff/MRM/URDF_WS/install/open_cv_stuff:/home/exhausted/Saisarath/stuff/MRM/mrm_irc_2026/install/yolo:/home/exhausted/Saisarath/stuff/MRM/mrm_irc_2026/install/gps:/home/exhausted/Saisarath/stuff/MRM/mrm_irc_2026/install/ex_imu:/home/exhausted/Saisarath/stuff/MRM/ros_ws3/install/image_processing:/home/exhausted/Saisarath/stuff/MRM/ros_ws3/install/gps:/opt/ros/humble /usr/bin/cmake --build /home/exhausted/Saisarath/stuff/MRM/mrm_irc_2026/mrm_irc_2026/build/custom_msgs -- -j16 -l16
[1.494s] [  1%] [34m[1mGenerating C code for ROS interfaces[0m
[1.499s] [  2%] [34m[1mGenerating C++ code for ROS interfaces[0m
[1.503s] [  2%] Built target ament_cmake_python_copy_custom_msgs
[1.652s] running egg_info
[1.653s] creating custom_msgs.egg-info
[1.664s] writing custom_msgs.egg-info/PKG-INFO
[1.665s] writing dependency_links to custom_msgs.egg-info/dependency_links.txt
[1.665s] writing top-level names to custom_msgs.egg-info/top_level.txt
[1.729s] writing manifest file 'custom_msgs.egg-info/SOURCES.txt'
[1.761s] reading manifest file 'custom_msgs.egg-info/SOURCES.txt'
[1.762s] writing manifest file 'custom_msgs.egg-info/SOURCES.txt'
[1.789s] [  2%] Built target ament_cmake_python_build_custom_msgs_egg
[1.801s] [  2%] Built target custom_msgs__cpp
[1.808s] [  7%] [34m[1mGenerating C++ type support for eProsima Fast-RTPS[0m
[1.808s] [  7%] [34m[1mGenerating C++ type support dispatch for ROS interfaces[0m
[1.808s] [  7%] [34m[1mGenerating C++ introspection for ROS interfaces[0m
[1.817s] [  9%] [32mBuilding C object CMakeFiles/custom_msgs__rosidl_generator_c.dir/rosidl_generator_c/custom_msgs/msg/detail/planner_status__functions.c.o[0m
[1.817s] [  9%] [32mBuilding C object CMakeFiles/custom_msgs__rosidl_generator_c.dir/rosidl_generator_c/custom_msgs/msg/detail/gui_command__functions.c.o[0m
[1.817s] [ 11%] [32mBuilding C object CMakeFiles/custom_msgs__rosidl_generator_c.dir/rosidl_generator_c/custom_msgs/msg/detail/marker_tag__functions.c.o[0m
[1.818s] [ 12%] [32mBuilding C object CMakeFiles/custom_msgs__rosidl_generator_c.dir/rosidl_generator_c/custom_msgs/msg/detail/gps_details__functions.c.o[0m
[1.819s] [ 14%] [32mBuilding C object CMakeFiles/custom_msgs__rosidl_generator_c.dir/rosidl_generator_c/custom_msgs/msg/detail/imu_data__functions.c.o[0m
[1.820s] [ 15%] [32mBuilding C object CMakeFiles/custom_msgs__rosidl_generator_c.dir/rosidl_generator_c/custom_msgs/msg/detail/arm_pwm__functions.c.o[0m
[1.860s] [ 16%] [32m[1mLinking C shared library libcustom_msgs__rosidl_generator_c.so[0m
[1.888s] [ 16%] Built target custom_msgs__rosidl_generator_c
[1.895s] [ 18%] [34m[1mGenerating C type support dispatch for ROS interfaces[0m
[1.898s] [ 21%] [34m[1mGenerating C type support for eProsima Fast-RTPS[0m
[1.898s] [ 21%] [34m[1mGenerating C introspection for ROS interfaces[0m
[2.017s] [ 23%] [32mBuilding CXX object CMakeFiles/custom_msgs__rosidl_typesupport_cpp.dir/rosidl_typesupport_cpp/custom_msgs/msg/arm_pwm__type_support.cpp.o[0m
[2.018s] [ 23%] [32mBuilding CXX object CMakeFiles/custom_msgs__rosidl_typesupport_cpp.dir/rosidl_typesupport_cpp/custom_msgs/msg/marker_tag__type_support.cpp.o[0m
[2.018s] [ 25%] [32mBuilding CXX object CMakeFiles/custom_msgs__rosidl_typesupport_cpp.dir/rosidl_typesupport_cpp/custom_msgs/msg/gps_details__type_support.cpp.o[0m
[2.018s] [ 26%] [32mBuilding CXX object CMakeFiles/custom_msgs__rosidl_typesupport_cpp.dir/rosidl_typesupport_cpp/custom_msgs/msg/gui_command__type_support.cpp.o[0m
[2.018s] [ 28%] [32mBuilding CXX object CMakeFiles/custom_msgs__rosidl_typesupport_cpp.dir/rosidl_typesupport_cpp/custom_msgs/msg/planner_status__type_support.cpp.o[0m
[2.019s] [ 29%] [32mBuilding CXX object CMakeFiles/custom_msgs__rosidl_typesupport_cpp.dir/rosidl_typesupport_cpp/custom_msgs/msg/imu_data__type_support.cpp.o[0m
[2.073s] [ 32%] [32mBuilding CXX object CMakeFiles/custom_msgs__rosidl_typesupport_introspection_cpp.dir/rosidl_typesupport_introspection_cpp/custom_msgs/msg/detail/marker_tag__type_support.cpp.o[0m
[2.073s] [ 33%] [32mBuilding CXX object CMakeFiles/custom_msgs__rosidl_typesupport_introspection_cpp.dir/rosidl_typesupport_introspection_cpp/custom_msgs/msg/detail/gps_details__type_support.cpp.o[0m
[2.073s] [ 33%] [32mBuilding CXX object CMakeFiles/custom_msgs__rosidl_typesupport_introspection_cpp.dir/rosidl_typesupport_introspection_cpp/custom_msgs/msg/detail/planner_status__type_support.cpp.o[0m
[2.073s] [ 35%] [32mBuilding CXX object CMakeFiles/custom_msgs__rosidl_typesupport_introspection_cpp.dir/rosidl_typesupport_introspection_cpp/custom_msgs/msg/detail/imu_data__type_support.cpp.o[0m
[2.074s] [ 36%] [32mBuilding CXX object CMakeFiles/custom_msgs__rosidl_typesupport_introspection_cpp.dir/rosidl_typesupport_introspection_cpp/custom_msgs/msg/detail/arm_pwm__type_support.cpp.o[0m
[2.082s] [ 38%] [32mBuilding CXX object CMakeFiles/custom_msgs__rosidl_typesupport_introspection_cpp.dir/rosidl_typesupport_introspection_cpp/custom_msgs/msg/detail/gui_command__type_support.cpp.o[0m
[2.261s] [ 39%] [32mBuilding CXX object CMakeFiles/custom_msgs__rosidl_typesupport_fastrtps_cpp.dir/rosidl_typesupport_fastrtps_cpp/custom_msgs/msg/detail/dds_fastrtps/marker_tag__type_support.cpp.o[0m
[2.266s] [ 40%] [32mBuilding CXX object CMakeFiles/custom_msgs__rosidl_typesupport_c.dir/rosidl_typesupport_c/custom_msgs/msg/marker_tag__type_support.cpp.o[0m
[2.333s] [ 42%] [32mBuilding CXX object CMakeFiles/custom_msgs__rosidl_typesupport_c.dir/rosidl_typesupport_c/custom_msgs/msg/gui_command__type_support.cpp.o[0m
[2.336s] [ 43%] [32mBuilding CXX object CMakeFiles/custom_msgs__rosidl_typesupport_c.dir/rosidl_typesupport_c/custom_msgs/msg/imu_data__type_support.cpp.o[0m
[2.345s] [ 45%] [32mBuilding CXX object CMakeFiles/custom_msgs__rosidl_typesupport_c.dir/rosidl_typesupport_c/custom_msgs/msg/planner_status__type_support.cpp.o[0m
[2.365s] [ 46%] [32mBuilding CXX object CMakeFiles/custom_msgs__rosidl_typesupport_fastrtps_cpp.dir/rosidl_typesupport_fastrtps_cpp/custom_msgs/msg/detail/dds_fastrtps/imu_data__type_support.cpp.o[0m
[2.373s] [ 47%] [32mBuilding CXX object CMakeFiles/custom_msgs__rosidl_typesupport_fastrtps_cpp.dir/rosidl_typesupport_fastrtps_cpp/custom_msgs/msg/detail/dds_fastrtps/gui_command__type_support.cpp.o[0m
[2.379s] [ 49%] [32mBuilding CXX object CMakeFiles/custom_msgs__rosidl_typesupport_c.dir/rosidl_typesupport_c/custom_msgs/msg/gps_details__type_support.cpp.o[0m
[2.384s] [ 50%] [32mBuilding CXX object CMakeFiles/custom_msgs__rosidl_typesupport_fastrtps_cpp.dir/rosidl_typesupport_fastrtps_cpp/custom_msgs/msg/detail/dds_fastrtps/planner_status__type_support.cpp.o[0m
[2.385s] [ 52%] [32mBuilding CXX object CMakeFiles/custom_msgs__rosidl_typesupport_c.dir/rosidl_typesupport_c/custom_msgs/msg/arm_pwm__type_support.cpp.o[0m
[2.396s] [ 53%] [32m[1mLinking CXX shared library libcustom_msgs__rosidl_typesupport_cpp.so[0m
[2.411s] [ 54%] [32mBuilding CXX object CMakeFiles/custom_msgs__rosidl_typesupport_fastrtps_cpp.dir/rosidl_typesupport_fastrtps_cpp/custom_msgs/msg/detail/dds_fastrtps/gps_details__type_support.cpp.o[0m
[2.430s] [ 56%] [32mBuilding CXX object CMakeFiles/custom_msgs__rosidl_typesupport_fastrtps_cpp.dir/rosidl_typesupport_fastrtps_cpp/custom_msgs/msg/detail/dds_fastrtps/arm_pwm__type_support.cpp.o[0m
[2.432s] [ 57%] [32m[1mLinking CXX shared library libcustom_msgs__rosidl_typesupport_c.so[0m
[2.470s] [ 57%] Built target custom_msgs__rosidl_typesupport_cpp
[2.485s] [ 59%] [32mBuilding CXX object CMakeFiles/custom_msgs__rosidl_typesupport_fastrtps_c.dir/rosidl_typesupport_fastrtps_c/custom_msgs/msg/detail/marker_tag__type_support_c.cpp.o[0m
[2.493s] [ 60%] [32mBuilding CXX object CMakeFiles/custom_msgs__rosidl_typesupport_fastrtps_c.dir/rosidl_typesupport_fastrtps_c/custom_msgs/msg/detail/imu_data__type_support_c.cpp.o[0m
[2.533s] [ 61%] Built target custom_msgs__rosidl_typesupport_c
[2.534s] [ 61%] [32mBuilding CXX object CMakeFiles/custom_msgs__rosidl_typesupport_fastrtps_c.dir/rosidl_typesupport_fastrtps_c/custom_msgs/msg/detail/gui_command__type_support_c.cpp.o[0m
[2.552s] [ 63%] [32mBuilding CXX object CMakeFiles/custom_msgs__rosidl_typesupport_fastrtps_c.dir/rosidl_typesupport_fastrtps_c/custom_msgs/msg/detail/planner_status__type_support_c.cpp.o[0m
[2.562s] [ 64%] [32mBuilding CXX object CMakeFiles/custom_msgs__rosidl_typesupport_fastrtps_c.dir/rosidl_typesupport_fastrtps_c/custom_msgs/msg/detail/gps_details__type_support_c.cpp.o[0m
[2.574s] [ 66%] [32mBuilding CXX object CMakeFiles/custom_msgs__rosidl_typesupport_fastrtps_c.dir/rosidl_typesupport_fastrtps_c/custom_msgs/msg/detail/arm_pwm__type_support_c.cpp.o[0m
[2.585s] [ 67%] [32mBuilding C object CMakeFiles/custom_msgs__rosidl_typesupport_introspection_c.dir/rosidl_typesupport_introspection_c/custom_msgs/msg/detail/marker_tag__type_support.c.o[0m
[2.601s] [ 69%] [32mBuilding C object CMakeFiles/custom_msgs__rosidl_typesupport_introspection_c.dir/rosidl_typesupport_introspection_c/custom_msgs/msg/detail/imu_data__type_support.c.o[0m
[2.623s] [ 70%] [32mBuilding C object CMakeFiles/custom_msgs__rosidl_typesupport_introspection_c.dir/rosidl_typesupport_introspection_c/custom_msgs/msg/detail/gui_command__type_support.c.o[0m
[2.628s] [ 71%] [32m[1mLinking CXX shared library libcustom_msgs__rosidl_typesupport_introspection_cpp.so[0m
[2.649s] [ 73%] [32mBuilding C object CMakeFiles/custom_msgs__rosidl_typesupport_introspection_c.dir/rosidl_typesupport_introspection_c/custom_msgs/msg/detail/planner_status__type_support.c.o[0m
[2.668s] [ 74%] [32mBuilding C object CMakeFiles/custom_msgs__rosidl_typesupport_introspection_c.dir/rosidl_typesupport_introspection_c/custom_msgs/msg/detail/gps_details__type_support.c.o[0m
[2.695s] [ 76%] [32mBuilding C object CMakeFiles/custom_msgs__rosidl_typesupport_introspection_c.dir/rosidl_typesupport_introspection_c/custom_msgs/msg/detail/arm_pwm__type_support.c.o[0m
[2.709s] [ 76%] Built target custom_msgs__rosidl_typesupport_introspection_cpp
[2.734s] [ 77%] [32m[1mLinking C shared library libcustom_msgs__rosidl_typesupport_introspection_c.so[0m
[2.771s] [ 77%] Built target custom_msgs__rosidl_typesupport_introspection_c
[2.879s] [ 78%] [32m[1mLinking CXX shared library libcustom_msgs__rosidl_typesupport_fastrtps_cpp.so[0m
[2.913s] [ 80%] [32m[1mLinking CXX shared library libcustom_msgs__rosidl_typesupport_fastrtps_c.so[0m
[2.935s] [ 80%] Built target custom_msgs__rosidl_typesupport_fastrtps_cpp
[2.963s] [ 80%] Built target custom_msgs__rosidl_typesupport_fastrtps_c
[2.980s] [ 80%] Built target custom_msgs
[3.000s] [ 81%] [34m[1mGenerating Python code for ROS interfaces[0m
[3.473s] [ 81%] Built target custom_msgs__py
[3.490s] [ 84%] [32mBuilding C object CMakeFiles/custom_msgs__rosidl_generator_py.dir/rosidl_generator_py/custom_msgs/msg/_gui_command_s.c.o[0m
[3.490s] [ 84%] [32mBuilding C object CMakeFiles/custom_msgs__rosidl_generator_py.dir/rosidl_generator_py/custom_msgs/msg/_gps_details_s.c.o[0m
[3.491s] [ 85%] [32mBuilding C object CMakeFiles/custom_msgs__rosidl_generator_py.dir/rosidl_generator_py/custom_msgs/msg/_marker_tag_s.c.o[0m
[3.491s] [ 87%] [32mBuilding C object CMakeFiles/custom_msgs__rosidl_generator_py.dir/rosidl_generator_py/custom_msgs/msg/_imu_data_s.c.o[0m
[3.492s] [ 88%] [32mBuilding C object CMakeFiles/custom_msgs__rosidl_generator_py.dir/rosidl_generator_py/custom_msgs/msg/_planner_status_s.c.o[0m
[3.495s] [ 90%] [32mBuilding C object CMakeFiles/custom_msgs__rosidl_generator_py.dir/rosidl_generator_py/custom_msgs/msg/_arm_pwm_s.c.o[0m
[3.575s] [ 91%] [32m[1mLinking C shared library rosidl_generator_py/custom_msgs/libcustom_msgs__rosidl_generator_py.so[0m
[3.612s] [ 91%] Built target custom_msgs__rosidl_generator_py
[3.642s] [ 92%] [32mBuilding C object CMakeFiles/custom_msgs__rosidl_typesupport_c__pyext.dir/rosidl_generator_py/custom_msgs/_custom_msgs_s.ep.rosidl_typesupport_c.c.o[0m
[3.645s] [ 94%] [32mBuilding C object CMakeFiles/custom_msgs__rosidl_typesupport_introspection_c__pyext.dir/rosidl_generator_py/custom_msgs/_custom_msgs_s.ep.rosidl_typesupport_introspection_c.c.o[0m
[3.645s] [ 95%] [32mBuilding C object CMakeFiles/custom_msgs__rosidl_typesupport_fastrtps_c__pyext.dir/rosidl_generator_py/custom_msgs/_custom_msgs_s.ep.rosidl_typesupport_fastrtps_c.c.o[0m
[3.713s] [ 98%] [32m[1mLinking C shared library rosidl_generator_py/custom_msgs/custom_msgs_s__rosidl_typesupport_c.cpython-310-x86_64-linux-gnu.so[0m
[3.713s] [ 98%] [32m[1mLinking C shared library rosidl_generator_py/custom_msgs/custom_msgs_s__rosidl_typesupport_introspection_c.cpython-310-x86_64-linux-gnu.so[0m
[3.713s] [100%] [32m[1mLinking C shared library rosidl_generator_py/custom_msgs/custom_msgs_s__rosidl_typesupport_fastrtps_c.cpython-310-x86_64-linux-gnu.so[0m
[3.740s] [100%] Built target custom_msgs__rosidl_typesupport_introspection_c__pyext
[3.740s] [100%] Built target custom_msgs__rosidl_typesupport_fastrtps_c__pyext
[3.740s] [100%] Built target custom_msgs__rosidl_typesupport_c__pyext
[3.749s] Invoked command in '/home/exhausted/Saisarath/stuff/MRM/mrm_irc_2026/mrm_irc_2026/build/custom_msgs' returned '0': CMAKE_PREFIX_PATH=${CMAKE_PREFIX_PATH}:/home/exhausted/Saisarath/stuff/MRM/URDF_WS/install/open_cv_stuff:/home/exhausted/Saisarath/stuff/MRM/mrm_irc_2026/install/yolo:/home/exhausted/Saisarath/stuff/MRM/mrm_irc_2026/install/gps:/home/exhausted/Saisarath/stuff/MRM/mrm_irc_2026/install/ex_imu:/home/exhausted/Saisarath/stuff/MRM/ros_ws3/install/image_processing:/home/exhausted/Saisarath/stuff/MRM/ros_ws3/install/gps:/opt/ros/humble /usr/bin/cmake --build /home/exhausted/Saisarath/stuff/MRM/mrm_irc_2026/mrm_irc_2026/build/custom_msgs -- -j16 -l16
[3.757s] Invoking command in '/home/exhausted/Saisarath/stuff/MRM/mrm_irc_2026/mrm_irc_2026/build/custom_msgs': CMAKE_PREFIX_PATH=${CMAKE_PREFIX_PATH}:/home/exhausted/Saisarath/stuff/MRM/URDF_WS/install/open_cv_stuff:/home/exhausted/Saisarath/stuff/MRM/mrm_irc_2026/install/yolo:/home/exhausted/Saisarath/stuff/MRM/mrm_irc_2026/install/gps:/home/exhausted/Saisarath/stuff/MRM/mrm_irc_2026/install/ex_imu:/home/exhausted/Saisarath/stuff/MRM/ros_ws3/install/image_processing:/home/exhausted/Saisarath/stuff/MRM/ros_ws3/install/gps:/opt/ros/humble /usr/bin/cmake --install /home/exhausted/Saisarath/stuff/MRM/mrm_irc_2026/mrm_irc_2026/build/custom_msgs
[3.763s] -- Install configuration: ""
[3.763s] -- Installing: /home/exhausted/Saisarath/stuff/MRM/mrm_irc_2026/mrm_irc_2026/install/custom_msgs/share/ament_index/resource_index/rosidl_interfaces/custom_msgs
[3.763s] -- Installing: /home/exhausted/Saisarath/stuff/MRM/mrm_irc_2026/mrm_irc_2026/install/custom_msgs/include/custom_msgs/custom_msgs
[3.763s] -- Installing: /home/exhausted/Saisarath/stuff/MRM/mrm_irc_2026/mrm_irc_2026/install/custom_msgs/include/custom_msgs/custom_msgs/msg
[3.763s] -- Installing: /home/exhausted/Saisarath/stuff/MRM/mrm_irc_2026/mrm_irc_2026/install/custom_msgs/include/custom_msgs/custom_msgs/msg/planner_status.h
[3.763s] -- Installing: /home/exhausted/Saisarath/stuff/MRM/mrm_irc_2026/mrm_irc_2026/install/custom_msgs/include/custom_msgs/custom_msgs/msg/imu_data.h
[3.763s] -- Installing: /home/exhausted/Saisarath/stuff/MRM/mrm_irc_2026/mrm_irc_2026/install/custom_msgs/include/custom_msgs/custom_msgs/msg/gps_details.h
[3.763s] -- Installing: /home/exhausted/Saisarath/stuff/MRM/mrm_irc_2026/mrm_irc_2026/install/custom_msgs/include/custom_msgs/custom_msgs/msg/detail
[3.763s] -- Installing: /home/exhausted/Saisarath/stuff/MRM/mrm_irc_2026/mrm_irc_2026/install/custom_msgs/include/custom_msgs/custom_msgs/msg/detail/planner_status__functions.h
[3.763s] -- Installing: /home/exhausted/Saisarath/stuff/MRM/mrm_irc_2026/mrm_irc_2026/install/custom_msgs/include/custom_msgs/custom_msgs/msg/detail/gui_command__struct.h
[3.763s] -- Installing: /home/exhausted/Saisarath/stuff/MRM/mrm_irc_2026/mrm_irc_2026/install/custom_msgs/include/custom_msgs/custom_msgs/msg/detail/arm_pwm__functions.c
[3.763s] -- Installing: /home/exhausted/Saisarath/stuff/MRM/mrm_irc_2026/mrm_irc_2026/install/custom_msgs/include/custom_msgs/custom_msgs/msg/detail/gps_details__functions.h
[3.763s] -- Installing: /home/exhausted/Saisarath/stuff/MRM/mrm_irc_2026/mrm_irc_2026/install/custom_msgs/include/custom_msgs/custom_msgs/msg/detail/arm_pwm__functions.h
[3.763s] -- Installing: /home/exhausted/Saisarath/stuff/MRM/mrm_irc_2026/mrm_irc_2026/install/custom_msgs/include/custom_msgs/custom_msgs/msg/detail/gui_command__functions.c
[3.764s] -- Installing: /home/exhausted/Saisarath/stuff/MRM/mrm_irc_2026/mrm_irc_2026/install/custom_msgs/include/custom_msgs/custom_msgs/msg/detail/imu_data__struct.h
[3.764s] -- Installing: /home/exhausted/Saisarath/stuff/MRM/mrm_irc_2026/mrm_irc_2026/install/custom_msgs/include/custom_msgs/custom_msgs/msg/detail/arm_pwm__struct.h
[3.764s] -- Installing: /home/exhausted/Saisarath/stuff/MRM/mrm_irc_2026/mrm_irc_2026/install/custom_msgs/include/custom_msgs/custom_msgs/msg/detail/marker_tag__functions.c
[3.764s] -- Installing: /home/exhausted/Saisarath/stuff/MRM/mrm_irc_2026/mrm_irc_2026/install/custom_msgs/include/custom_msgs/custom_msgs/msg/detail/gps_details__struct.h
[3.764s] -- Installing: /home/exhausted/Saisarath/stuff/MRM/mrm_irc_2026/mrm_irc_2026/install/custom_msgs/include/custom_msgs/custom_msgs/msg/detail/gui_command__type_support.h
[3.764s] -- Installing: /home/exhausted/Saisarath/stuff/MRM/mrm_irc_2026/mrm_irc_2026/install/custom_msgs/include/custom_msgs/custom_msgs/msg/detail/gps_details__functions.c
[3.764s] -- Installing: /home/exhausted/Saisarath/stuff/MRM/mrm_irc_2026/mrm_irc_2026/install/custom_msgs/include/custom_msgs/custom_msgs/msg/detail/marker_tag__functions.h
[3.764s] -- Installing: /home/exhausted/Saisarath/stuff/MRM/mrm_irc_2026/mrm_irc_2026/install/custom_msgs/include/custom_msgs/custom_msgs/msg/detail/imu_data__functions.h
[3.764s] -- Installing: /home/exhausted/Saisarath/stuff/MRM/mrm_irc_2026/mrm_irc_2026/install/custom_msgs/include/custom_msgs/custom_msgs/msg/detail/arm_pwm__type_support.h
[3.764s] -- Installing: /home/exhausted/Saisarath/stuff/MRM/mrm_irc_2026/mrm_irc_2026/install/custom_msgs/include/custom_msgs/custom_msgs/msg/detail/imu_data__functions.c
[3.764s] -- Installing: /home/exhausted/Saisarath/stuff/MRM/mrm_irc_2026/mrm_irc_2026/install/custom_msgs/include/custom_msgs/custom_msgs/msg/detail/marker_tag__type_support.h
[3.764s] -- Installing: /home/exhausted/Saisarath/stuff/MRM/mrm_irc_2026/mrm_irc_2026/install/custom_msgs/include/custom_msgs/custom_msgs/msg/detail/planner_status__struct.h
[3.764s] -- Installing: /home/exhausted/Saisarath/stuff/MRM/mrm_irc_2026/mrm_irc_2026/install/custom_msgs/include/custom_msgs/custom_msgs/msg/detail/planner_status__functions.c
[3.764s] -- Installing: /home/exhausted/Saisarath/stuff/MRM/mrm_irc_2026/mrm_irc_2026/install/custom_msgs/include/custom_msgs/custom_msgs/msg/detail/gps_details__type_support.h
[3.765s] -- Installing: /home/exhausted/Saisarath/stuff/MRM/mrm_irc_2026/mrm_irc_2026/install/custom_msgs/include/custom_msgs/custom_msgs/msg/detail/planner_status__type_support.h
[3.765s] -- Installing: /home/exhausted/Saisarath/stuff/MRM/mrm_irc_2026/mrm_irc_2026/install/custom_msgs/include/custom_msgs/custom_msgs/msg/detail/imu_data__type_support.h
[3.765s] -- Installing: /home/exhausted/Saisarath/stuff/MRM/mrm_irc_2026/mrm_irc_2026/install/custom_msgs/include/custom_msgs/custom_msgs/msg/detail/gui_command__functions.h
[3.765s] -- Installing: /home/exhausted/Saisarath/stuff/MRM/mrm_irc_2026/mrm_irc_2026/install/custom_msgs/include/custom_msgs/custom_msgs/msg/detail/marker_tag__struct.h
[3.765s] -- Installing: /home/exhausted/Saisarath/stuff/MRM/mrm_irc_2026/mrm_irc_2026/install/custom_msgs/include/custom_msgs/custom_msgs/msg/arm_pwm.h
[3.765s] -- Installing: /home/exhausted/Saisarath/stuff/MRM/mrm_irc_2026/mrm_irc_2026/install/custom_msgs/include/custom_msgs/custom_msgs/msg/marker_tag.h
[3.765s] -- Installing: /home/exhausted/Saisarath/stuff/MRM/mrm_irc_2026/mrm_irc_2026/install/custom_msgs/include/custom_msgs/custom_msgs/msg/rosidl_generator_c__visibility_control.h
[3.765s] -- Installing: /home/exhausted/Saisarath/stuff/MRM/mrm_irc_2026/mrm_irc_2026/install/custom_msgs/include/custom_msgs/custom_msgs/msg/gui_command.h
[3.765s] -- Installing: /home/exhausted/Saisarath/stuff/MRM/mrm_irc_2026/mrm_irc_2026/install/custom_msgs/share/custom_msgs/environment/library_path.sh
[3.765s] -- Installing: /home/exhausted/Saisarath/stuff/MRM/mrm_irc_2026/mrm_irc_2026/install/custom_msgs/share/custom_msgs/environment/library_path.dsv
[3.765s] -- Installing: /home/exhausted/Saisarath/stuff/MRM/mrm_irc_2026/mrm_irc_2026/install/custom_msgs/lib/libcustom_msgs__rosidl_generator_c.so
[3.765s] -- Set runtime path of "/home/exhausted/Saisarath/stuff/MRM/mrm_irc_2026/mrm_irc_2026/install/custom_msgs/lib/libcustom_msgs__rosidl_generator_c.so" to ""
[3.765s] -- Up-to-date: /home/exhausted/Saisarath/stuff/MRM/mrm_irc_2026/mrm_irc_2026/install/custom_msgs/include/custom_msgs/custom_msgs
[3.766s] -- Up-to-date: /home/exhausted/Saisarath/stuff/MRM/mrm_irc_2026/mrm_irc_2026/install/custom_msgs/include/custom_msgs/custom_msgs/msg
[3.766s] -- Up-to-date: /home/exhausted/Saisarath/stuff/MRM/mrm_irc_2026/mrm_irc_2026/install/custom_msgs/include/custom_msgs/custom_msgs/msg/detail
[3.766s] -- Installing: /home/exhausted/Saisarath/stuff/MRM/mrm_irc_2026/mrm_irc_2026/install/custom_msgs/include/custom_msgs/custom_msgs/msg/detail/gui_command__rosidl_typesupport_fastrtps_c.h
[3.766s] -- Installing: /home/exhausted/Saisarath/stuff/MRM/mrm_irc_2026/mrm_irc_2026/install/custom_msgs/include/custom_msgs/custom_msgs/msg/detail/imu_data__rosidl_typesupport_fastrtps_c.h
[3.766s] -- Installing: /home/exhausted/Saisarath/stuff/MRM/mrm_irc_2026/mrm_irc_2026/install/custom_msgs/include/custom_msgs/custom_msgs/msg/detail/gps_details__rosidl_typesupport_fastrtps_c.h
[3.766s] -- Installing: /home/exhausted/Saisarath/stuff/MRM/mrm_irc_2026/mrm_irc_2026/install/custom_msgs/include/custom_msgs/custom_msgs/msg/detail/planner_status__rosidl_typesupport_fastrtps_c.h
[3.766s] -- Installing: /home/exhausted/Saisarath/stuff/MRM/mrm_irc_2026/mrm_irc_2026/install/custom_msgs/include/custom_msgs/custom_msgs/msg/detail/arm_pwm__rosidl_typesupport_fastrtps_c.h
[3.766s] -- Installing: /home/exhausted/Saisarath/stuff/MRM/mrm_irc_2026/mrm_irc_2026/install/custom_msgs/include/custom_msgs/custom_msgs/msg/detail/marker_tag__rosidl_typesupport_fastrtps_c.h
[3.766s] -- Installing: /home/exhausted/Saisarath/stuff/MRM/mrm_irc_2026/mrm_irc_2026/install/custom_msgs/include/custom_msgs/custom_msgs/msg/rosidl_typesupport_fastrtps_c__visibility_control.h
[3.766s] -- Installing: /home/exhausted/Saisarath/stuff/MRM/mrm_irc_2026/mrm_irc_2026/install/custom_msgs/lib/libcustom_msgs__rosidl_typesupport_fastrtps_c.so
[3.766s] -- Set runtime path of "/home/exhausted/Saisarath/stuff/MRM/mrm_irc_2026/mrm_irc_2026/install/custom_msgs/lib/libcustom_msgs__rosidl_typesupport_fastrtps_c.so" to ""
[3.766s] -- Up-to-date: /home/exhausted/Saisarath/stuff/MRM/mrm_irc_2026/mrm_irc_2026/install/custom_msgs/include/custom_msgs/custom_msgs
[3.766s] -- Up-to-date: /home/exhausted/Saisarath/stuff/MRM/mrm_irc_2026/mrm_irc_2026/install/custom_msgs/include/custom_msgs/custom_msgs/msg
[3.766s] -- Up-to-date: /home/exhausted/Saisarath/stuff/MRM/mrm_irc_2026/mrm_irc_2026/install/custom_msgs/include/custom_msgs/custom_msgs/msg/detail
[3.766s] -- Installing: /home/exhausted/Saisarath/stuff/MRM/mrm_irc_2026/mrm_irc_2026/install/custom_msgs/include/custom_msgs/custom_msgs/msg/detail/planner_status__rosidl_typesupport_introspection_c.h
[3.767s] -- Installing: /home/exhausted/Saisarath/stuff/MRM/mrm_irc_2026/mrm_irc_2026/install/custom_msgs/include/custom_msgs/custom_msgs/msg/detail/arm_pwm__type_support.c
[3.767s] -- Installing: /home/exhausted/Saisarath/stuff/MRM/mrm_irc_2026/mrm_irc_2026/install/custom_msgs/include/custom_msgs/custom_msgs/msg/detail/planner_status__type_support.c
[3.767s] -- Installing: /home/exhausted/Saisarath/stuff/MRM/mrm_irc_2026/mrm_irc_2026/install/custom_msgs/include/custom_msgs/custom_msgs/msg/detail/gui_command__type_support.c
[3.767s] -- Installing: /home/exhausted/Saisarath/stuff/MRM/mrm_irc_2026/mrm_irc_2026/install/custom_msgs/include/custom_msgs/custom_msgs/msg/detail/marker_tag__type_support.c
[3.767s] -- Installing: /home/exhausted/Saisarath/stuff/MRM/mrm_irc_2026/mrm_irc_2026/install/custom_msgs/include/custom_msgs/custom_msgs/msg/detail/marker_tag__rosidl_typesupport_introspection_c.h
[3.767s] -- Installing: /home/exhausted/Saisarath/stuff/MRM/mrm_irc_2026/mrm_irc_2026/install/custom_msgs/include/custom_msgs/custom_msgs/msg/detail/arm_pwm__rosidl_typesupport_introspection_c.h
[3.767s] -- Installing: /home/exhausted/Saisarath/stuff/MRM/mrm_irc_2026/mrm_irc_2026/install/custom_msgs/include/custom_msgs/custom_msgs/msg/detail/gps_details__type_support.c
[3.767s] -- Installing: /home/exhausted/Saisarath/stuff/MRM/mrm_irc_2026/mrm_irc_2026/install/custom_msgs/include/custom_msgs/custom_msgs/msg/detail/imu_data__type_support.c
[3.767s] -- Installing: /home/exhausted/Saisarath/stuff/MRM/mrm_irc_2026/mrm_irc_2026/install/custom_msgs/include/custom_msgs/custom_msgs/msg/detail/gui_command__rosidl_typesupport_introspection_c.h
[3.767s] -- Installing: /home/exhausted/Saisarath/stuff/MRM/mrm_irc_2026/mrm_irc_2026/install/custom_msgs/include/custom_msgs/custom_msgs/msg/detail/gps_details__rosidl_typesupport_introspection_c.h
[3.767s] -- Installing: /home/exhausted/Saisarath/stuff/MRM/mrm_irc_2026/mrm_irc_2026/install/custom_msgs/include/custom_msgs/custom_msgs/msg/detail/imu_data__rosidl_typesupport_introspection_c.h
[3.768s] -- Installing: /home/exhausted/Saisarath/stuff/MRM/mrm_irc_2026/mrm_irc_2026/install/custom_msgs/include/custom_msgs/custom_msgs/msg/rosidl_typesupport_introspection_c__visibility_control.h
[3.768s] -- Installing: /home/exhausted/Saisarath/stuff/MRM/mrm_irc_2026/mrm_irc_2026/install/custom_msgs/lib/libcustom_msgs__rosidl_typesupport_introspection_c.so
[3.768s] -- Set runtime path of "/home/exhausted/Saisarath/stuff/MRM/mrm_irc_2026/mrm_irc_2026/install/custom_msgs/lib/libcustom_msgs__rosidl_typesupport_introspection_c.so" to ""
[3.768s] -- Installing: /home/exhausted/Saisarath/stuff/MRM/mrm_irc_2026/mrm_irc_2026/install/custom_msgs/lib/libcustom_msgs__rosidl_typesupport_c.so
[3.768s] -- Set runtime path of "/home/exhausted/Saisarath/stuff/MRM/mrm_irc_2026/mrm_irc_2026/install/custom_msgs/lib/libcustom_msgs__rosidl_typesupport_c.so" to ""
[3.768s] -- Up-to-date: /home/exhausted/Saisarath/stuff/MRM/mrm_irc_2026/mrm_irc_2026/install/custom_msgs/include/custom_msgs/custom_msgs
[3.768s] -- Up-to-date: /home/exhausted/Saisarath/stuff/MRM/mrm_irc_2026/mrm_irc_2026/install/custom_msgs/include/custom_msgs/custom_msgs/msg
[3.768s] -- Installing: /home/exhausted/Saisarath/stuff/MRM/mrm_irc_2026/mrm_irc_2026/install/custom_msgs/include/custom_msgs/custom_msgs/msg/marker_tag.hpp
[3.768s] -- Up-to-date: /home/exhausted/Saisarath/stuff/MRM/mrm_irc_2026/mrm_irc_2026/install/custom_msgs/include/custom_msgs/custom_msgs/msg/detail
[3.768s] -- Installing: /home/exhausted/Saisarath/stuff/MRM/mrm_irc_2026/mrm_irc_2026/install/custom_msgs/include/custom_msgs/custom_msgs/msg/detail/arm_pwm__type_support.hpp
[3.768s] -- Installing: /home/exhausted/Saisarath/stuff/MRM/mrm_irc_2026/mrm_irc_2026/install/custom_msgs/include/custom_msgs/custom_msgs/msg/detail/arm_pwm__builder.hpp
[3.768s] -- Installing: /home/exhausted/Saisarath/stuff/MRM/mrm_irc_2026/mrm_irc_2026/install/custom_msgs/include/custom_msgs/custom_msgs/msg/detail/imu_data__builder.hpp
[3.768s] -- Installing: /home/exhausted/Saisarath/stuff/MRM/mrm_irc_2026/mrm_irc_2026/install/custom_msgs/include/custom_msgs/custom_msgs/msg/detail/imu_data__traits.hpp
[3.769s] -- Installing: /home/exhausted/Saisarath/stuff/MRM/mrm_irc_2026/mrm_irc_2026/install/custom_msgs/include/custom_msgs/custom_msgs/msg/detail/imu_data__type_support.hpp
[3.769s] -- Installing: /home/exhausted/Saisarath/stuff/MRM/mrm_irc_2026/mrm_irc_2026/install/custom_msgs/include/custom_msgs/custom_msgs/msg/detail/marker_tag__struct.hpp
[3.769s] -- Installing: /home/exhausted/Saisarath/stuff/MRM/mrm_irc_2026/mrm_irc_2026/install/custom_msgs/include/custom_msgs/custom_msgs/msg/detail/gui_command__type_support.hpp
[3.769s] -- Installing: /home/exhausted/Saisarath/stuff/MRM/mrm_irc_2026/mrm_irc_2026/install/custom_msgs/include/custom_msgs/custom_msgs/msg/detail/imu_data__struct.hpp
[3.769s] -- Installing: /home/exhausted/Saisarath/stuff/MRM/mrm_irc_2026/mrm_irc_2026/install/custom_msgs/include/custom_msgs/custom_msgs/msg/detail/gui_command__builder.hpp
[3.769s] -- Installing: /home/exhausted/Saisarath/stuff/MRM/mrm_irc_2026/mrm_irc_2026/install/custom_msgs/include/custom_msgs/custom_msgs/msg/detail/gps_details__traits.hpp
[3.769s] -- Installing: /home/exhausted/Saisarath/stuff/MRM/mrm_irc_2026/mrm_irc_2026/install/custom_msgs/include/custom_msgs/custom_msgs/msg/detail/gps_details__struct.hpp
[3.769s] -- Installing: /home/exhausted/Saisarath/stuff/MRM/mrm_irc_2026/mrm_irc_2026/install/custom_msgs/include/custom_msgs/custom_msgs/msg/detail/arm_pwm__traits.hpp
[3.769s] -- Installing: /home/exhausted/Saisarath/stuff/MRM/mrm_irc_2026/mrm_irc_2026/install/custom_msgs/include/custom_msgs/custom_msgs/msg/detail/planner_status__struct.hpp
[3.769s] -- Installing: /home/exhausted/Saisarath/stuff/MRM/mrm_irc_2026/mrm_irc_2026/install/custom_msgs/include/custom_msgs/custom_msgs/msg/detail/marker_tag__builder.hpp
[3.769s] -- Installing: /home/exhausted/Saisarath/stuff/MRM/mrm_irc_2026/mrm_irc_2026/install/custom_msgs/include/custom_msgs/custom_msgs/msg/detail/planner_status__type_support.hpp
[3.769s] -- Installing: /home/exhausted/Saisarath/stuff/MRM/mrm_irc_2026/mrm_irc_2026/install/custom_msgs/include/custom_msgs/custom_msgs/msg/detail/gui_command__struct.hpp
[3.769s] -- Installing: /home/exhausted/Saisarath/stuff/MRM/mrm_irc_2026/mrm_irc_2026/install/custom_msgs/include/custom_msgs/custom_msgs/msg/detail/marker_tag__traits.hpp
[3.769s] -- Installing: /home/exhausted/Saisarath/stuff/MRM/mrm_irc_2026/mrm_irc_2026/install/custom_msgs/include/custom_msgs/custom_msgs/msg/detail/planner_status__builder.hpp
[3.770s] -- Installing: /home/exhausted/Saisarath/stuff/MRM/mrm_irc_2026/mrm_irc_2026/install/custom_msgs/include/custom_msgs/custom_msgs/msg/detail/marker_tag__type_support.hpp
[3.770s] -- Installing: /home/exhausted/Saisarath/stuff/MRM/mrm_irc_2026/mrm_irc_2026/install/custom_msgs/include/custom_msgs/custom_msgs/msg/detail/arm_pwm__struct.hpp
[3.770s] -- Installing: /home/exhausted/Saisarath/stuff/MRM/mrm_irc_2026/mrm_irc_2026/install/custom_msgs/include/custom_msgs/custom_msgs/msg/detail/gui_command__traits.hpp
[3.770s] -- Installing: /home/exhausted/Saisarath/stuff/MRM/mrm_irc_2026/mrm_irc_2026/install/custom_msgs/include/custom_msgs/custom_msgs/msg/detail/gps_details__builder.hpp
[3.770s] -- Installing: /home/exhausted/Saisarath/stuff/MRM/mrm_irc_2026/mrm_irc_2026/install/custom_msgs/include/custom_msgs/custom_msgs/msg/detail/planner_status__traits.hpp
[3.770s] -- Installing: /home/exhausted/Saisarath/stuff/MRM/mrm_irc_2026/mrm_irc_2026/install/custom_msgs/include/custom_msgs/custom_msgs/msg/detail/gps_details__type_support.hpp
[3.770s] -- Installing: /home/exhausted/Saisarath/stuff/MRM/mrm_irc_2026/mrm_irc_2026/install/custom_msgs/include/custom_msgs/custom_msgs/msg/planner_status.hpp
[3.770s] -- Installing: /home/exhausted/Saisarath/stuff/MRM/mrm_irc_2026/mrm_irc_2026/install/custom_msgs/include/custom_msgs/custom_msgs/msg/gui_command.hpp
[3.770s] -- Installing: /home/exhausted/Saisarath/stuff/MRM/mrm_irc_2026/mrm_irc_2026/install/custom_msgs/include/custom_msgs/custom_msgs/msg/arm_pwm.hpp
[3.770s] -- Installing: /home/exhausted/Saisarath/stuff/MRM/mrm_irc_2026/mrm_irc_2026/install/custom_msgs/include/custom_msgs/custom_msgs/msg/gps_details.hpp
[3.770s] -- Installing: /home/exhausted/Saisarath/stuff/MRM/mrm_irc_2026/mrm_irc_2026/install/custom_msgs/include/custom_msgs/custom_msgs/msg/rosidl_generator_cpp__visibility_control.hpp
[3.770s] -- Installing: /home/exhausted/Saisarath/stuff/MRM/mrm_irc_2026/mrm_irc_2026/install/custom_msgs/include/custom_msgs/custom_msgs/msg/imu_data.hpp
[3.770s] -- Up-to-date: /home/exhausted/Saisarath/stuff/MRM/mrm_irc_2026/mrm_irc_2026/install/custom_msgs/include/custom_msgs/custom_msgs
[3.770s] -- Up-to-date: /home/exhausted/Saisarath/stuff/MRM/mrm_irc_2026/mrm_irc_2026/install/custom_msgs/include/custom_msgs/custom_msgs/msg
[3.770s] -- Up-to-date: /home/exhausted/Saisarath/stuff/MRM/mrm_irc_2026/mrm_irc_2026/install/custom_msgs/include/custom_msgs/custom_msgs/msg/detail
[3.770s] -- Installing: /home/exhausted/Saisarath/stuff/MRM/mrm_irc_2026/mrm_irc_2026/install/custom_msgs/include/custom_msgs/custom_msgs/msg/detail/arm_pwm__rosidl_typesupport_fastrtps_cpp.hpp
[3.771s] -- Installing: /home/exhausted/Saisarath/stuff/MRM/mrm_irc_2026/mrm_irc_2026/install/custom_msgs/include/custom_msgs/custom_msgs/msg/detail/imu_data__rosidl_typesupport_fastrtps_cpp.hpp
[3.771s] -- Installing: /home/exhausted/Saisarath/stuff/MRM/mrm_irc_2026/mrm_irc_2026/install/custom_msgs/include/custom_msgs/custom_msgs/msg/detail/gui_command__rosidl_typesupport_fastrtps_cpp.hpp
[3.771s] -- Installing: /home/exhausted/Saisarath/stuff/MRM/mrm_irc_2026/mrm_irc_2026/install/custom_msgs/include/custom_msgs/custom_msgs/msg/detail/gps_details__rosidl_typesupport_fastrtps_cpp.hpp
[3.771s] -- Installing: /home/exhausted/Saisarath/stuff/MRM/mrm_irc_2026/mrm_irc_2026/install/custom_msgs/include/custom_msgs/custom_msgs/msg/detail/dds_fastrtps
[3.771s] -- Installing: /home/exhausted/Saisarath/stuff/MRM/mrm_irc_2026/mrm_irc_2026/install/custom_msgs/include/custom_msgs/custom_msgs/msg/detail/planner_status__rosidl_typesupport_fastrtps_cpp.hpp
[3.771s] -- Installing: /home/exhausted/Saisarath/stuff/MRM/mrm_irc_2026/mrm_irc_2026/install/custom_msgs/include/custom_msgs/custom_msgs/msg/detail/marker_tag__rosidl_typesupport_fastrtps_cpp.hpp
[3.771s] -- Installing: /home/exhausted/Saisarath/stuff/MRM/mrm_irc_2026/mrm_irc_2026/install/custom_msgs/include/custom_msgs/custom_msgs/msg/rosidl_typesupport_fastrtps_cpp__visibility_control.h
[3.771s] -- Installing: /home/exhausted/Saisarath/stuff/MRM/mrm_irc_2026/mrm_irc_2026/install/custom_msgs/lib/libcustom_msgs__rosidl_typesupport_fastrtps_cpp.so
[3.771s] -- Set runtime path of "/home/exhausted/Saisarath/stuff/MRM/mrm_irc_2026/mrm_irc_2026/install/custom_msgs/lib/libcustom_msgs__rosidl_typesupport_fastrtps_cpp.so" to ""
[3.771s] -- Up-to-date: /home/exhausted/Saisarath/stuff/MRM/mrm_irc_2026/mrm_irc_2026/install/custom_msgs/include/custom_msgs/custom_msgs
[3.771s] -- Up-to-date: /home/exhausted/Saisarath/stuff/MRM/mrm_irc_2026/mrm_irc_2026/install/custom_msgs/include/custom_msgs/custom_msgs/msg
[3.771s] -- Up-to-date: /home/exhausted/Saisarath/stuff/MRM/mrm_irc_2026/mrm_irc_2026/install/custom_msgs/include/custom_msgs/custom_msgs/msg/detail
[3.772s] -- Installing: /home/exhausted/Saisarath/stuff/MRM/mrm_irc_2026/mrm_irc_2026/install/custom_msgs/include/custom_msgs/custom_msgs/msg/detail/arm_pwm__type_support.cpp
[3.772s] -- Installing: /home/exhausted/Saisarath/stuff/MRM/mrm_irc_2026/mrm_irc_2026/install/custom_msgs/include/custom_msgs/custom_msgs/msg/detail/gps_details__rosidl_typesupport_introspection_cpp.hpp
[3.772s] -- Installing: /home/exhausted/Saisarath/stuff/MRM/mrm_irc_2026/mrm_irc_2026/install/custom_msgs/include/custom_msgs/custom_msgs/msg/detail/planner_status__type_support.cpp
[3.772s] -- Installing: /home/exhausted/Saisarath/stuff/MRM/mrm_irc_2026/mrm_irc_2026/install/custom_msgs/include/custom_msgs/custom_msgs/msg/detail/imu_data__rosidl_typesupport_introspection_cpp.hpp
[3.772s] -- Installing: /home/exhausted/Saisarath/stuff/MRM/mrm_irc_2026/mrm_irc_2026/install/custom_msgs/include/custom_msgs/custom_msgs/msg/detail/gui_command__rosidl_typesupport_introspection_cpp.hpp
[3.772s] -- Installing: /home/exhausted/Saisarath/stuff/MRM/mrm_irc_2026/mrm_irc_2026/install/custom_msgs/include/custom_msgs/custom_msgs/msg/detail/imu_data__type_support.cpp
[3.772s] -- Installing: /home/exhausted/Saisarath/stuff/MRM/mrm_irc_2026/mrm_irc_2026/install/custom_msgs/include/custom_msgs/custom_msgs/msg/detail/planner_status__rosidl_typesupport_introspection_cpp.hpp
[3.772s] -- Installing: /home/exhausted/Saisarath/stuff/MRM/mrm_irc_2026/mrm_irc_2026/install/custom_msgs/include/custom_msgs/custom_msgs/msg/detail/marker_tag__type_support.cpp
[3.772s] -- Installing: /home/exhausted/Saisarath/stuff/MRM/mrm_irc_2026/mrm_irc_2026/install/custom_msgs/include/custom_msgs/custom_msgs/msg/detail/gps_details__type_support.cpp
[3.772s] -- Installing: /home/exhausted/Saisarath/stuff/MRM/mrm_irc_2026/mrm_irc_2026/install/custom_msgs/include/custom_msgs/custom_msgs/msg/detail/arm_pwm__rosidl_typesupport_introspection_cpp.hpp
[3.772s] -- Installing: /home/exhausted/Saisarath/stuff/MRM/mrm_irc_2026/mrm_irc_2026/install/custom_msgs/include/custom_msgs/custom_msgs/msg/detail/marker_tag__rosidl_typesupport_introspection_cpp.hpp
[3.772s] -- Installing: /home/exhausted/Saisarath/stuff/MRM/mrm_irc_2026/mrm_irc_2026/install/custom_msgs/include/custom_msgs/custom_msgs/msg/detail/gui_command__type_support.cpp
[3.772s] -- Installing: /home/exhausted/Saisarath/stuff/MRM/mrm_irc_2026/mrm_irc_2026/install/custom_msgs/lib/libcustom_msgs__rosidl_typesupport_introspection_cpp.so
[3.772s] -- Set runtime path of "/home/exhausted/Saisarath/stuff/MRM/mrm_irc_2026/mrm_irc_2026/install/custom_msgs/lib/libcustom_msgs__rosidl_typesupport_introspection_cpp.so" to ""
[3.772s] -- Installing: /home/exhausted/Saisarath/stuff/MRM/mrm_irc_2026/mrm_irc_2026/install/custom_msgs/lib/libcustom_msgs__rosidl_typesupport_cpp.so
[3.773s] -- Set runtime path of "/home/exhausted/Saisarath/stuff/MRM/mrm_irc_2026/mrm_irc_2026/install/custom_msgs/lib/libcustom_msgs__rosidl_typesupport_cpp.so" to ""
[3.773s] -- Installing: /home/exhausted/Saisarath/stuff/MRM/mrm_irc_2026/mrm_irc_2026/install/custom_msgs/share/custom_msgs/environment/pythonpath.sh
[3.773s] -- Installing: /home/exhausted/Saisarath/stuff/MRM/mrm_irc_2026/mrm_irc_2026/install/custom_msgs/share/custom_msgs/environment/pythonpath.dsv
[3.773s] -- Installing: /home/exhausted/Saisarath/stuff/MRM/mrm_irc_2026/mrm_irc_2026/install/custom_msgs/local/lib/python3.10/dist-packages/custom_msgs-0.0.1-py3.10.egg-info
[3.773s] -- Installing: /home/exhausted/Saisarath/stuff/MRM/mrm_irc_2026/mrm_irc_2026/install/custom_msgs/local/lib/python3.10/dist-packages/custom_msgs-0.0.1-py3.10.egg-info/top_level.txt
[3.773s] -- Installing: /home/exhausted/Saisarath/stuff/MRM/mrm_irc_2026/mrm_irc_2026/install/custom_msgs/local/lib/python3.10/dist-packages/custom_msgs-0.0.1-py3.10.egg-info/dependency_links.txt
[3.773s] -- Installing: /home/exhausted/Saisarath/stuff/MRM/mrm_irc_2026/mrm_irc_2026/install/custom_msgs/local/lib/python3.10/dist-packages/custom_msgs-0.0.1-py3.10.egg-info/SOURCES.txt
[3.773s] -- Installing: /home/exhausted/Saisarath/stuff/MRM/mrm_irc_2026/mrm_irc_2026/install/custom_msgs/local/lib/python3.10/dist-packages/custom_msgs-0.0.1-py3.10.egg-info/PKG-INFO
[3.773s] -- Installing: /home/exhausted/Saisarath/stuff/MRM/mrm_irc_2026/mrm_irc_2026/install/custom_msgs/local/lib/python3.10/dist-packages/custom_msgs
[3.773s] -- Installing: /home/exhausted/Saisarath/stuff/MRM/mrm_irc_2026/mrm_irc_2026/install/custom_msgs/local/lib/python3.10/dist-packages/custom_msgs/_custom_msgs_s.ep.rosidl_typesupport_c.c
[3.773s] -- Installing: /home/exhausted/Saisarath/stuff/MRM/mrm_irc_2026/mrm_irc_2026/install/custom_msgs/local/lib/python3.10/dist-packages/custom_msgs/custom_msgs_s__rosidl_typesupport_c.cpython-310-x86_64-linux-gnu.so
[3.773s] -- Installing: /home/exhausted/Saisarath/stuff/MRM/mrm_irc_2026/mrm_irc_2026/install/custom_msgs/local/lib/python3.10/dist-packages/custom_msgs/msg
[3.773s] -- Installing: /home/exhausted/Saisarath/stuff/MRM/mrm_irc_2026/mrm_irc_2026/install/custom_msgs/local/lib/python3.10/dist-packages/custom_msgs/msg/_gps_details.py
[3.773s] -- Installing: /home/exhausted/Saisarath/stuff/MRM/mrm_irc_2026/mrm_irc_2026/install/custom_msgs/local/lib/python3.10/dist-packages/custom_msgs/msg/_planner_status_s.c
[3.773s] -- Installing: /home/exhausted/Saisarath/stuff/MRM/mrm_irc_2026/mrm_irc_2026/install/custom_msgs/local/lib/python3.10/dist-packages/custom_msgs/msg/_imu_data_s.c
[3.773s] -- Installing: /home/exhausted/Saisarath/stuff/MRM/mrm_irc_2026/mrm_irc_2026/install/custom_msgs/local/lib/python3.10/dist-packages/custom_msgs/msg/_gui_command.py
[3.774s] -- Installing: /home/exhausted/Saisarath/stuff/MRM/mrm_irc_2026/mrm_irc_2026/install/custom_msgs/local/lib/python3.10/dist-packages/custom_msgs/msg/_marker_tag_s.c
[3.774s] -- Installing: /home/exhausted/Saisarath/stuff/MRM/mrm_irc_2026/mrm_irc_2026/install/custom_msgs/local/lib/python3.10/dist-packages/custom_msgs/msg/_imu_data.py
[3.774s] -- Installing: /home/exhausted/Saisarath/stuff/MRM/mrm_irc_2026/mrm_irc_2026/install/custom_msgs/local/lib/python3.10/dist-packages/custom_msgs/msg/_gps_details_s.c
[3.774s] -- Installing: /home/exhausted/Saisarath/stuff/MRM/mrm_irc_2026/mrm_irc_2026/install/custom_msgs/local/lib/python3.10/dist-packages/custom_msgs/msg/__init__.py
[3.774s] -- Installing: /home/exhausted/Saisarath/stuff/MRM/mrm_irc_2026/mrm_irc_2026/install/custom_msgs/local/lib/python3.10/dist-packages/custom_msgs/msg/_arm_pwm.py
[3.774s] -- Installing: /home/exhausted/Saisarath/stuff/MRM/mrm_irc_2026/mrm_irc_2026/install/custom_msgs/local/lib/python3.10/dist-packages/custom_msgs/msg/_marker_tag.py
[3.774s] -- Installing: /home/exhausted/Saisarath/stuff/MRM/mrm_irc_2026/mrm_irc_2026/install/custom_msgs/local/lib/python3.10/dist-packages/custom_msgs/msg/_arm_pwm_s.c
[3.774s] -- Installing: /home/exhausted/Saisarath/stuff/MRM/mrm_irc_2026/mrm_irc_2026/install/custom_msgs/local/lib/python3.10/dist-packages/custom_msgs/msg/_planner_status.py
[3.774s] -- Installing: /home/exhausted/Saisarath/stuff/MRM/mrm_irc_2026/mrm_irc_2026/install/custom_msgs/local/lib/python3.10/dist-packages/custom_msgs/msg/_gui_command_s.c
[3.774s] -- Installing: /home/exhausted/Saisarath/stuff/MRM/mrm_irc_2026/mrm_irc_2026/install/custom_msgs/local/lib/python3.10/dist-packages/custom_msgs/_custom_msgs_s.ep.rosidl_typesupport_fastrtps_c.c
[3.774s] -- Installing: /home/exhausted/Saisarath/stuff/MRM/mrm_irc_2026/mrm_irc_2026/install/custom_msgs/local/lib/python3.10/dist-packages/custom_msgs/custom_msgs_s__rosidl_typesupport_introspection_c.cpython-310-x86_64-linux-gnu.so
[3.774s] -- Installing: /home/exhausted/Saisarath/stuff/MRM/mrm_irc_2026/mrm_irc_2026/install/custom_msgs/local/lib/python3.10/dist-packages/custom_msgs/__init__.py
[3.774s] -- Installing: /home/exhausted/Saisarath/stuff/MRM/mrm_irc_2026/mrm_irc_2026/install/custom_msgs/local/lib/python3.10/dist-packages/custom_msgs/custom_msgs_s__rosidl_typesupport_fastrtps_c.cpython-310-x86_64-linux-gnu.so
[3.774s] -- Installing: /home/exhausted/Saisarath/stuff/MRM/mrm_irc_2026/mrm_irc_2026/install/custom_msgs/local/lib/python3.10/dist-packages/custom_msgs/libcustom_msgs__rosidl_generator_py.so
[3.774s] -- Installing: /home/exhausted/Saisarath/stuff/MRM/mrm_irc_2026/mrm_irc_2026/install/custom_msgs/local/lib/python3.10/dist-packages/custom_msgs/_custom_msgs_s.ep.rosidl_typesupport_introspection_c.c
[3.801s] Listing '/home/exhausted/Saisarath/stuff/MRM/mrm_irc_2026/mrm_irc_2026/install/custom_msgs/local/lib/python3.10/dist-packages/custom_msgs'...
[3.801s] Compiling '/home/exhausted/Saisarath/stuff/MRM/mrm_irc_2026/mrm_irc_2026/install/custom_msgs/local/lib/python3.10/dist-packages/custom_msgs/__init__.py'...
[3.801s] Listing '/home/exhausted/Saisarath/stuff/MRM/mrm_irc_2026/mrm_irc_2026/install/custom_msgs/local/lib/python3.10/dist-packages/custom_msgs/msg'...
[3.801s] Compiling '/home/exhausted/Saisarath/stuff/MRM/mrm_irc_2026/mrm_irc_2026/install/custom_msgs/local/lib/python3.10/dist-packages/custom_msgs/msg/__init__.py'...
[3.801s] Compiling '/home/exhausted/Saisarath/stuff/MRM/mrm_irc_2026/mrm_irc_2026/install/custom_msgs/local/lib/python3.10/dist-packages/custom_msgs/msg/_arm_pwm.py'...
[3.801s] Compiling '/home/exhausted/Saisarath/stuff/MRM/mrm_irc_2026/mrm_irc_2026/install/custom_msgs/local/lib/python3.10/dist-packages/custom_msgs/msg/_gps_details.py'...
[3.801s] Compiling '/home/exhausted/Saisarath/stuff/MRM/mrm_irc_2026/mrm_irc_2026/install/custom_msgs/local/lib/python3.10/dist-packages/custom_msgs/msg/_gui_command.py'...
[3.801s] Compiling '/home/exhausted/Saisarath/stuff/MRM/mrm_irc_2026/mrm_irc_2026/install/custom_msgs/local/lib/python3.10/dist-packages/custom_msgs/msg/_imu_data.py'...
[3.801s] Compiling '/home/exhausted/Saisarath/stuff/MRM/mrm_irc_2026/mrm_irc_2026/install/custom_msgs/local/lib/python3.10/dist-packages/custom_msgs/msg/_marker_tag.py'...
[3.801s] Compiling '/home/exhausted/Saisarath/stuff/MRM/mrm_irc_2026/mrm_irc_2026/install/custom_msgs/local/lib/python3.10/dist-packages/custom_msgs/msg/_planner_status.py'...
[3.804s] -- Installing: /home/exhausted/Saisarath/stuff/MRM/mrm_irc_2026/mrm_irc_2026/install/custom_msgs/local/lib/python3.10/dist-packages/custom_msgs/custom_msgs_s__rosidl_typesupport_fastrtps_c.cpython-310-x86_64-linux-gnu.so
[3.804s] -- Set runtime path of "/home/exhausted/Saisarath/stuff/MRM/mrm_irc_2026/mrm_irc_2026/install/custom_msgs/local/lib/python3.10/dist-packages/custom_msgs/custom_msgs_s__rosidl_typesupport_fastrtps_c.cpython-310-x86_64-linux-gnu.so" to ""
[3.804s] -- Installing: /home/exhausted/Saisarath/stuff/MRM/mrm_irc_2026/mrm_irc_2026/install/custom_msgs/local/lib/python3.10/dist-packages/custom_msgs/custom_msgs_s__rosidl_typesupport_introspection_c.cpython-310-x86_64-linux-gnu.so
[3.804s] -- Set runtime path of "/home/exhausted/Saisarath/stuff/MRM/mrm_irc_2026/mrm_irc_2026/install/custom_msgs/local/lib/python3.10/dist-packages/custom_msgs/custom_msgs_s__rosidl_typesupport_introspection_c.cpython-310-x86_64-linux-gnu.so" to ""
[3.804s] -- Installing: /home/exhausted/Saisarath/stuff/MRM/mrm_irc_2026/mrm_irc_2026/install/custom_msgs/local/lib/python3.10/dist-packages/custom_msgs/custom_msgs_s__rosidl_typesupport_c.cpython-310-x86_64-linux-gnu.so
[3.804s] -- Set runtime path of "/home/exhausted/Saisarath/stuff/MRM/mrm_irc_2026/mrm_irc_2026/install/custom_msgs/local/lib/python3.10/dist-packages/custom_msgs/custom_msgs_s__rosidl_typesupport_c.cpython-310-x86_64-linux-gnu.so" to ""
[3.804s] -- Installing: /home/exhausted/Saisarath/stuff/MRM/mrm_irc_2026/mrm_irc_2026/install/custom_msgs/lib/libcustom_msgs__rosidl_generator_py.so
[3.805s] -- Set runtime path of "/home/exhausted/Saisarath/stuff/MRM/mrm_irc_2026/mrm_irc_2026/install/custom_msgs/lib/libcustom_msgs__rosidl_generator_py.so" to ""
[3.805s] -- Installing: /home/exhausted/Saisarath/stuff/MRM/mrm_irc_2026/mrm_irc_2026/install/custom_msgs/share/custom_msgs/msg/MarkerTag.idl
[3.805s] -- Installing: /home/exhausted/Saisarath/stuff/MRM/mrm_irc_2026/mrm_irc_2026/install/custom_msgs/share/custom_msgs/msg/ImuData.idl
[3.805s] -- Installing: /home/exhausted/Saisarath/stuff/MRM/mrm_irc_2026/mrm_irc_2026/install/custom_msgs/share/custom_msgs/msg/GuiCommand.idl
[3.805s] -- Installing: /home/exhausted/Saisarath/stuff/MRM/mrm_irc_2026/mrm_irc_2026/install/custom_msgs/share/custom_msgs/msg/PlannerStatus.idl
[3.805s] -- Installing: /home/exhausted/Saisarath/stuff/MRM/mrm_irc_2026/mrm_irc_2026/install/custom_msgs/share/custom_msgs/msg/GpsDetails.idl
[3.805s] -- Installing: /home/exhausted/Saisarath/stuff/MRM/mrm_irc_2026/mrm_irc_2026/install/custom_msgs/share/custom_msgs/msg/ArmPwm.idl
[3.805s] -- Installing: /home/exhausted/Saisarath/stuff/MRM/mrm_irc_2026/mrm_irc_2026/install/custom_msgs/share/custom_msgs/msg/MarkerTag.msg
[3.805s] -- Installing: /home/exhausted/Saisarath/stuff/MRM/mrm_irc_2026/mrm_irc_2026/install/custom_msgs/share/custom_msgs/msg/ImuData.msg
[3.805s] -- Installing: /home/exhausted/Saisarath/stuff/MRM/mrm_irc_2026/mrm_irc_2026/install/custom_msgs/share/custom_msgs/msg/GuiCommand.msg
[3.805s] -- Installing: /home/exhausted/Saisarath/stuff/MRM/mrm_irc_2026/mrm_irc_2026/install/custom_msgs/share/custom_msgs/msg/PlannerStatus.msg
[3.805s] -- Installing: /home/exhausted/Saisarath/stuff/MRM/mrm_irc_2026/mrm_irc_2026/install/custom_msgs/share/custom_msgs/msg/GpsDetails.msg
[3.805s] -- Installing: /home/exhausted/Saisarath/stuff/MRM/mrm_irc_2026/mrm_irc_2026/install/custom_msgs/share/custom_msgs/msg/ArmPwm.msg
[3.805s] -- Installing: /home/exhausted/Saisarath/stuff/MRM/mrm_irc_2026/mrm_irc_2026/install/custom_msgs/share/ament_index/resource_index/package_run_dependencies/custom_msgs
[3.805s] -- Installing: /home/exhausted/Saisarath/stuff/MRM/mrm_irc_2026/mrm_irc_2026/install/custom_msgs/share/ament_index/resource_index/parent_prefix_path/custom_msgs
[3.805s] -- Installing: /home/exhausted/Saisarath/stuff/MRM/mrm_irc_2026/mrm_irc_2026/install/custom_msgs/share/custom_msgs/environment/ament_prefix_path.sh
[3.806s] -- Installing: /home/exhausted/Saisarath/stuff/MRM/mrm_irc_2026/mrm_irc_2026/install/custom_msgs/share/custom_msgs/environment/ament_prefix_path.dsv
[3.806s] -- Installing: /home/exhausted/Saisarath/stuff/MRM/mrm_irc_2026/mrm_irc_2026/install/custom_msgs/share/custom_msgs/environment/path.sh
[3.806s] -- Installing: /home/exhausted/Saisarath/stuff/MRM/mrm_irc_2026/mrm_irc_2026/install/custom_msgs/share/custom_msgs/environment/path.dsv
[3.806s] -- Installing: /home/exhausted/Saisarath/stuff/MRM/mrm_irc_2026/mrm_irc_2026/install/custom_msgs/share/custom_msgs/local_setup.bash
[3.806s] -- Installing: /home/exhausted/Saisarath/stuff/MRM/mrm_irc_2026/mrm_irc_2026/install/custom_msgs/share/custom_msgs/local_setup.sh
[3.806s] -- Installing: /home/exhausted/Saisarath/stuff/MRM/mrm_irc_2026/mrm_irc_2026/install/custom_msgs/share/custom_msgs/local_setup.zsh
[3.806s] -- Installing: /home/exhausted/Saisarath/stuff/MRM/mrm_irc_2026/mrm_irc_2026/install/custom_msgs/share/custom_msgs/local_setup.dsv
[3.806s] -- Installing: /home/exhausted/Saisarath/stuff/MRM/mrm_irc_2026/mrm_irc_2026/install/custom_msgs/share/custom_msgs/package.dsv
[3.806s] -- Installing: /home/exhausted/Saisarath/stuff/MRM/mrm_irc_2026/mrm_irc_2026/install/custom_msgs/share/ament_index/resource_index/packages/custom_msgs
[3.806s] -- Installing: /home/exhausted/Saisarath/stuff/MRM/mrm_irc_2026/mrm_irc_2026/install/custom_msgs/share/custom_msgs/cmake/export_custom_msgs__rosidl_generator_cExport.cmake
[3.806s] -- Installing: /home/exhausted/Saisarath/stuff/MRM/mrm_irc_2026/mrm_irc_2026/install/custom_msgs/share/custom_msgs/cmake/export_custom_msgs__rosidl_generator_cExport-noconfig.cmake
[3.806s] -- Installing: /home/exhausted/Saisarath/stuff/MRM/mrm_irc_2026/mrm_irc_2026/install/custom_msgs/share/custom_msgs/cmake/export_custom_msgs__rosidl_typesupport_fastrtps_cExport.cmake
[3.806s] -- Installing: /home/exhausted/Saisarath/stuff/MRM/mrm_irc_2026/mrm_irc_2026/install/custom_msgs/share/custom_msgs/cmake/export_custom_msgs__rosidl_typesupport_fastrtps_cExport-noconfig.cmake
[3.806s] -- Installing: /home/exhausted/Saisarath/stuff/MRM/mrm_irc_2026/mrm_irc_2026/install/custom_msgs/share/custom_msgs/cmake/custom_msgs__rosidl_typesupport_introspection_cExport.cmake
[3.806s] -- Installing: /home/exhausted/Saisarath/stuff/MRM/mrm_irc_2026/mrm_irc_2026/install/custom_msgs/share/custom_msgs/cmake/custom_msgs__rosidl_typesupport_introspection_cExport-noconfig.cmake
[3.806s] -- Installing: /home/exhausted/Saisarath/stuff/MRM/mrm_irc_2026/mrm_irc_2026/install/custom_msgs/share/custom_msgs/cmake/custom_msgs__rosidl_typesupport_cExport.cmake
[3.806s] -- Installing: /home/exhausted/Saisarath/stuff/MRM/mrm_irc_2026/mrm_irc_2026/install/custom_msgs/share/custom_msgs/cmake/custom_msgs__rosidl_typesupport_cExport-noconfig.cmake
[3.807s] -- Installing: /home/exhausted/Saisarath/stuff/MRM/mrm_irc_2026/mrm_irc_2026/install/custom_msgs/share/custom_msgs/cmake/export_custom_msgs__rosidl_generator_cppExport.cmake
[3.807s] -- Installing: /home/exhausted/Saisarath/stuff/MRM/mrm_irc_2026/mrm_irc_2026/install/custom_msgs/share/custom_msgs/cmake/export_custom_msgs__rosidl_typesupport_fastrtps_cppExport.cmake
[3.807s] -- Installing: /home/exhausted/Saisarath/stuff/MRM/mrm_irc_2026/mrm_irc_2026/install/custom_msgs/share/custom_msgs/cmake/export_custom_msgs__rosidl_typesupport_fastrtps_cppExport-noconfig.cmake
[3.807s] -- Installing: /home/exhausted/Saisarath/stuff/MRM/mrm_irc_2026/mrm_irc_2026/install/custom_msgs/share/custom_msgs/cmake/custom_msgs__rosidl_typesupport_introspection_cppExport.cmake
[3.807s] -- Installing: /home/exhausted/Saisarath/stuff/MRM/mrm_irc_2026/mrm_irc_2026/install/custom_msgs/share/custom_msgs/cmake/custom_msgs__rosidl_typesupport_introspection_cppExport-noconfig.cmake
[3.807s] -- Installing: /home/exhausted/Saisarath/stuff/MRM/mrm_irc_2026/mrm_irc_2026/install/custom_msgs/share/custom_msgs/cmake/custom_msgs__rosidl_typesupport_cppExport.cmake
[3.807s] -- Installing: /home/exhausted/Saisarath/stuff/MRM/mrm_irc_2026/mrm_irc_2026/install/custom_msgs/share/custom_msgs/cmake/custom_msgs__rosidl_typesupport_cppExport-noconfig.cmake
[3.807s] -- Installing: /home/exhausted/Saisarath/stuff/MRM/mrm_irc_2026/mrm_irc_2026/install/custom_msgs/share/custom_msgs/cmake/export_custom_msgs__rosidl_generator_pyExport.cmake
[3.807s] -- Installing: /home/exhausted/Saisarath/stuff/MRM/mrm_irc_2026/mrm_irc_2026/install/custom_msgs/share/custom_msgs/cmake/export_custom_msgs__rosidl_generator_pyExport-noconfig.cmake
[3.807s] -- Installing: /home/exhausted/Saisarath/stuff/MRM/mrm_irc_2026/mrm_irc_2026/install/custom_msgs/share/custom_msgs/cmake/rosidl_cmake-extras.cmake
[3.807s] -- Installing: /home/exhausted/Saisarath/stuff/MRM/mrm_irc_2026/mrm_irc_2026/install/custom_msgs/share/custom_msgs/cmake/ament_cmake_export_dependencies-extras.cmake
[3.807s] -- Installing: /home/exhausted/Saisarath/stuff/MRM/mrm_irc_2026/mrm_irc_2026/install/custom_msgs/share/custom_msgs/cmake/ament_cmake_export_include_directories-extras.cmake
[3.807s] -- Installing: /home/exhausted/Saisarath/stuff/MRM/mrm_irc_2026/mrm_irc_2026/install/custom_msgs/share/custom_msgs/cmake/ament_cmake_export_libraries-extras.cmake
[3.807s] -- Installing: /home/exhausted/Saisarath/stuff/MRM/mrm_irc_2026/mrm_irc_2026/install/custom_msgs/share/custom_msgs/cmake/ament_cmake_export_targets-extras.cmake
[3.807s] -- Installing: /home/exhausted/Saisarath/stuff/MRM/mrm_irc_2026/mrm_irc_2026/install/custom_msgs/share/custom_msgs/cmake/rosidl_cmake_export_typesupport_targets-extras.cmake
[3.807s] -- Installing: /home/exhausted/Saisarath/stuff/MRM/mrm_irc_2026/mrm_irc_2026/install/custom_msgs/share/custom_msgs/cmake/rosidl_cmake_export_typesupport_libraries-extras.cmake
[3.807s] -- Installing: /home/exhausted/Saisarath/stuff/MRM/mrm_irc_2026/mrm_irc_2026/install/custom_msgs/share/custom_msgs/cmake/custom_msgsConfig.cmake
[3.807s] -- Installing: /home/exhausted/Saisarath/stuff/MRM/mrm_irc_2026/mrm_irc_2026/install/custom_msgs/share/custom_msgs/cmake/custom_msgsConfig-version.cmake
[3.808s] -- Installing: /home/exhausted/Saisarath/stuff/MRM/mrm_irc_2026/mrm_irc_2026/install/custom_msgs/share/custom_msgs/package.xml
[3.809s] Invoked command in '/home/exhausted/Saisarath/stuff/MRM/mrm_irc_2026/mrm_irc_2026/build/custom_msgs' returned '0': CMAKE_PREFIX_PATH=${CMAKE_PREFIX_PATH}:/home/exhausted/Saisarath/stuff/MRM/URDF_WS/install/open_cv_stuff:/home/exhausted/Saisarath/stuff/MRM/mrm_irc_2026/install/yolo:/home/exhausted/Saisarath/stuff/MRM/mrm_irc_2026/install/gps:/home/exhausted/Saisarath/stuff/MRM/mrm_irc_2026/install/ex_imu:/home/exhausted/Saisarath/stuff/MRM/ros_ws3/install/image_processing:/home/exhausted/Saisarath/stuff/MRM/ros_ws3/install/gps:/opt/ros/humble /usr/bin/cmake --install /home/exhausted/Saisarath/stuff/MRM/mrm_irc_2026/mrm_irc_2026/build/custom_msgs
