/home/exhausted/Saisarath/stuff/MRM/mrm_irc_2026/mrm_irc_2026/install/ex_imu/lib/python3.10/site-packages/ex_imu/imu_node.py
/home/exhausted/Saisarath/stuff/MRM/mrm_irc_2026/mrm_irc_2026/install/ex_imu/lib/python3.10/site-packages/ex_imu/__init__.py
/home/exhausted/Saisarath/stuff/MRM/mrm_irc_2026/mrm_irc_2026/install/ex_imu/lib/python3.10/site-packages/ex_imu/imu_node_rm.py
/home/exhausted/Saisarath/stuff/MRM/mrm_irc_2026/mrm_irc_2026/install/ex_imu/lib/python3.10/site-packages/ex_imu/imu_quat.py
/home/exhausted/Saisarath/stuff/MRM/mrm_irc_2026/mrm_irc_2026/install/ex_imu/lib/python3.10/site-packages/ex_imu/__pycache__/imu_node.cpython-310.pyc
/home/exhausted/Saisarath/stuff/MRM/mrm_irc_2026/mrm_irc_2026/install/ex_imu/lib/python3.10/site-packages/ex_imu/__pycache__/__init__.cpython-310.pyc
/home/exhausted/Saisarath/stuff/MRM/mrm_irc_2026/mrm_irc_2026/install/ex_imu/lib/python3.10/site-packages/ex_imu/__pycache__/imu_node_rm.cpython-310.pyc
/home/exhausted/Saisarath/stuff/MRM/mrm_irc_2026/mrm_irc_2026/install/ex_imu/lib/python3.10/site-packages/ex_imu/__pycache__/imu_quat.cpython-310.pyc
/home/exhausted/Saisarath/stuff/MRM/mrm_irc_2026/mrm_irc_2026/install/ex_imu/share/ament_index/resource_index/packages/ex_imu
/home/exhausted/Saisarath/stuff/MRM/mrm_irc_2026/mrm_irc_2026/install/ex_imu/share/ex_imu/package.xml
/home/exhausted/Saisarath/stuff/MRM/mrm_irc_2026/mrm_irc_2026/install/ex_imu/lib/python3.10/site-packages/ex_imu-0.0.0-py3.10.egg-info/requires.txt
/home/exhausted/Saisarath/stuff/MRM/mrm_irc_2026/mrm_irc_2026/install/ex_imu/lib/python3.10/site-packages/ex_imu-0.0.0-py3.10.egg-info/top_level.txt
/home/exhausted/Saisarath/stuff/MRM/mrm_irc_2026/mrm_irc_2026/install/ex_imu/lib/python3.10/site-packages/ex_imu-0.0.0-py3.10.egg-info/dependency_links.txt
/home/exhausted/Saisarath/stuff/MRM/mrm_irc_2026/mrm_irc_2026/install/ex_imu/lib/python3.10/site-packages/ex_imu-0.0.0-py3.10.egg-info/SOURCES.txt
/home/exhausted/Saisarath/stuff/MRM/mrm_irc_2026/mrm_irc_2026/install/ex_imu/lib/python3.10/site-packages/ex_imu-0.0.0-py3.10.egg-info/zip-safe
/home/exhausted/Saisarath/stuff/MRM/mrm_irc_2026/mrm_irc_2026/install/ex_imu/lib/python3.10/site-packages/ex_imu-0.0.0-py3.10.egg-info/entry_points.txt
/home/exhausted/Saisarath/stuff/MRM/mrm_irc_2026/mrm_irc_2026/install/ex_imu/lib/python3.10/site-packages/ex_imu-0.0.0-py3.10.egg-info/PKG-INFO
/home/exhausted/Saisarath/stuff/MRM/mrm_irc_2026/mrm_irc_2026/install/ex_imu/lib/ex_imu/ex_imu
/home/exhausted/Saisarath/stuff/MRM/mrm_irc_2026/mrm_irc_2026/install/ex_imu/lib/ex_imu/ex_imu_quat
/home/exhausted/Saisarath/stuff/MRM/mrm_irc_2026/mrm_irc_2026/install/ex_imu/lib/ex_imu/rm_auto
