[0.773s] Invoking command in '/home/exhausted/Saisarath/stuff/MRM/mrm_irc_2026/mrm_irc_2026/ex_imu': AMENT_PREFIX_PATH=/home/exhausted/Saisarath/stuff/MRM/mrm_irc_2026/mrm_irc_2026/install/custom_msgs:${AMENT_PREFIX_PATH} CMAKE_PREFIX_PATH=/home/exhausted/Saisarath/stuff/MRM/mrm_irc_2026/mrm_irc_2026/install/custom_msgs:${CMAKE_PREFIX_PATH} LD_LIBRARY_PATH=/home/exhausted/Saisarath/stuff/MRM/mrm_irc_2026/mrm_irc_2026/install/custom_msgs/lib:${LD_LIBRARY_PATH} PYTHONPATH=/home/exhausted/Saisarath/stuff/MRM/mrm_irc_2026/mrm_irc_2026/build/ex_imu/prefix_override:/usr/lib/python3/dist-packages/colcon_core/task/python/colcon_distutils_commands:/home/exhausted/Saisarath/stuff/MRM/mrm_irc_2026/mrm_irc_2026/install/ex_imu/lib/python3.10/site-packages:/home/exhausted/Saisarath/stuff/MRM/mrm_irc_2026/mrm_irc_2026/install/custom_msgs/local/lib/python3.10/dist-packages:${PYTHONPATH} /usr/bin/python3 -W ignore:setup.py install is deprecated -W ignore:easy_install command is deprecated setup.py egg_info --egg-base ../build/ex_imu build --build-base /home/exhausted/Saisarath/stuff/MRM/mrm_irc_2026/mrm_irc_2026/build/ex_imu/build install --record /home/exhausted/Saisarath/stuff/MRM/mrm_irc_2026/mrm_irc_2026/build/ex_imu/install.log --single-version-externally-managed install_data
[0.946s] running egg_info
[0.946s] creating ../build/ex_imu/ex_imu.egg-info
[0.957s] writing ../build/ex_imu/ex_imu.egg-info/PKG-INFO
[0.958s] writing dependency_links to ../build/ex_imu/ex_imu.egg-info/dependency_links.txt
[0.958s] writing entry points to ../build/ex_imu/ex_imu.egg-info/entry_points.txt
[0.958s] writing requirements to ../build/ex_imu/ex_imu.egg-info/requires.txt
[0.958s] writing top-level names to ../build/ex_imu/ex_imu.egg-info/top_level.txt
[1.024s] writing manifest file '../build/ex_imu/ex_imu.egg-info/SOURCES.txt'
[1.051s] reading manifest file '../build/ex_imu/ex_imu.egg-info/SOURCES.txt'
[1.051s] writing manifest file '../build/ex_imu/ex_imu.egg-info/SOURCES.txt'
[1.052s] running build
[1.052s] running build_py
[1.052s] creating /home/exhausted/Saisarath/stuff/MRM/mrm_irc_2026/mrm_irc_2026/build/ex_imu/build
[1.052s] creating /home/exhausted/Saisarath/stuff/MRM/mrm_irc_2026/mrm_irc_2026/build/ex_imu/build/lib
[1.052s] creating /home/exhausted/Saisarath/stuff/MRM/mrm_irc_2026/mrm_irc_2026/build/ex_imu/build/lib/ex_imu
[1.052s] copying ex_imu/imu_node.py -> /home/exhausted/Saisarath/stuff/MRM/mrm_irc_2026/mrm_irc_2026/build/ex_imu/build/lib/ex_imu
[1.052s] copying ex_imu/__init__.py -> /home/exhausted/Saisarath/stuff/MRM/mrm_irc_2026/mrm_irc_2026/build/ex_imu/build/lib/ex_imu
[1.052s] copying ex_imu/imu_node_rm.py -> /home/exhausted/Saisarath/stuff/MRM/mrm_irc_2026/mrm_irc_2026/build/ex_imu/build/lib/ex_imu
[1.052s] copying ex_imu/imu_quat.py -> /home/exhausted/Saisarath/stuff/MRM/mrm_irc_2026/mrm_irc_2026/build/ex_imu/build/lib/ex_imu
[1.052s] running install
[1.055s] running install_lib
[1.067s] creating /home/exhausted/Saisarath/stuff/MRM/mrm_irc_2026/mrm_irc_2026/install/ex_imu/lib/python3.10/site-packages/ex_imu
[1.067s] copying /home/exhausted/Saisarath/stuff/MRM/mrm_irc_2026/mrm_irc_2026/build/ex_imu/build/lib/ex_imu/imu_node.py -> /home/exhausted/Saisarath/stuff/MRM/mrm_irc_2026/mrm_irc_2026/install/ex_imu/lib/python3.10/site-packages/ex_imu
[1.068s] copying /home/exhausted/Saisarath/stuff/MRM/mrm_irc_2026/mrm_irc_2026/build/ex_imu/build/lib/ex_imu/__init__.py -> /home/exhausted/Saisarath/stuff/MRM/mrm_irc_2026/mrm_irc_2026/install/ex_imu/lib/python3.10/site-packages/ex_imu
[1.068s] copying /home/exhausted/Saisarath/stuff/MRM/mrm_irc_2026/mrm_irc_2026/build/ex_imu/build/lib/ex_imu/imu_node_rm.py -> /home/exhausted/Saisarath/stuff/MRM/mrm_irc_2026/mrm_irc_2026/install/ex_imu/lib/python3.10/site-packages/ex_imu
[1.068s] copying /home/exhausted/Saisarath/stuff/MRM/mrm_irc_2026/mrm_irc_2026/build/ex_imu/build/lib/ex_imu/imu_quat.py -> /home/exhausted/Saisarath/stuff/MRM/mrm_irc_2026/mrm_irc_2026/install/ex_imu/lib/python3.10/site-packages/ex_imu
[1.068s] byte-compiling /home/exhausted/Saisarath/stuff/MRM/mrm_irc_2026/mrm_irc_2026/install/ex_imu/lib/python3.10/site-packages/ex_imu/imu_node.py to imu_node.cpython-310.pyc
[1.069s] byte-compiling /home/exhausted/Saisarath/stuff/MRM/mrm_irc_2026/mrm_irc_2026/install/ex_imu/lib/python3.10/site-packages/ex_imu/__init__.py to __init__.cpython-310.pyc
[1.069s] byte-compiling /home/exhausted/Saisarath/stuff/MRM/mrm_irc_2026/mrm_irc_2026/install/ex_imu/lib/python3.10/site-packages/ex_imu/imu_node_rm.py to imu_node_rm.cpython-310.pyc
[1.069s] byte-compiling /home/exhausted/Saisarath/stuff/MRM/mrm_irc_2026/mrm_irc_2026/install/ex_imu/lib/python3.10/site-packages/ex_imu/imu_quat.py to imu_quat.cpython-310.pyc
[1.070s] running install_data
[1.070s] creating /home/exhausted/Saisarath/stuff/MRM/mrm_irc_2026/mrm_irc_2026/install/ex_imu/share/ament_index
[1.070s] creating /home/exhausted/Saisarath/stuff/MRM/mrm_irc_2026/mrm_irc_2026/install/ex_imu/share/ament_index/resource_index
[1.070s] creating /home/exhausted/Saisarath/stuff/MRM/mrm_irc_2026/mrm_irc_2026/install/ex_imu/share/ament_index/resource_index/packages
[1.070s] copying resource/ex_imu -> /home/exhausted/Saisarath/stuff/MRM/mrm_irc_2026/mrm_irc_2026/install/ex_imu/share/ament_index/resource_index/packages
[1.070s] copying package.xml -> /home/exhausted/Saisarath/stuff/MRM/mrm_irc_2026/mrm_irc_2026/install/ex_imu/share/ex_imu
[1.070s] running install_egg_info
[1.083s] Copying ../build/ex_imu/ex_imu.egg-info to /home/exhausted/Saisarath/stuff/MRM/mrm_irc_2026/mrm_irc_2026/install/ex_imu/lib/python3.10/site-packages/ex_imu-0.0.0-py3.10.egg-info
[1.084s] running install_scripts
[1.113s] Installing ex_imu script to /home/exhausted/Saisarath/stuff/MRM/mrm_irc_2026/mrm_irc_2026/install/ex_imu/lib/ex_imu
[1.113s] Installing ex_imu_quat script to /home/exhausted/Saisarath/stuff/MRM/mrm_irc_2026/mrm_irc_2026/install/ex_imu/lib/ex_imu
[1.113s] Installing rm_auto script to /home/exhausted/Saisarath/stuff/MRM/mrm_irc_2026/mrm_irc_2026/install/ex_imu/lib/ex_imu
[1.113s] writing list of installed files to '/home/exhausted/Saisarath/stuff/MRM/mrm_irc_2026/mrm_irc_2026/build/ex_imu/install.log'
[1.137s] Invoked command in '/home/exhausted/Saisarath/stuff/MRM/mrm_irc_2026/mrm_irc_2026/ex_imu' returned '0': AMENT_PREFIX_PATH=/home/exhausted/Saisarath/stuff/MRM/mrm_irc_2026/mrm_irc_2026/install/custom_msgs:${AMENT_PREFIX_PATH} CMAKE_PREFIX_PATH=/home/exhausted/Saisarath/stuff/MRM/mrm_irc_2026/mrm_irc_2026/install/custom_msgs:${CMAKE_PREFIX_PATH} LD_LIBRARY_PATH=/home/exhausted/Saisarath/stuff/MRM/mrm_irc_2026/mrm_irc_2026/install/custom_msgs/lib:${LD_LIBRARY_PATH} PYTHONPATH=/home/exhausted/Saisarath/stuff/MRM/mrm_irc_2026/mrm_irc_2026/build/ex_imu/prefix_override:/usr/lib/python3/dist-packages/colcon_core/task/python/colcon_distutils_commands:/home/exhausted/Saisarath/stuff/MRM/mrm_irc_2026/mrm_irc_2026/install/ex_imu/lib/python3.10/site-packages:/home/exhausted/Saisarath/stuff/MRM/mrm_irc_2026/mrm_irc_2026/install/custom_msgs/local/lib/python3.10/dist-packages:${PYTHONPATH} /usr/bin/python3 -W ignore:setup.py install is deprecated -W ignore:easy_install command is deprecated setup.py egg_info --egg-base ../build/ex_imu build --build-base /home/exhausted/Saisarath/stuff/MRM/mrm_irc_2026/mrm_irc_2026/build/ex_imu/build install --record /home/exhausted/Saisarath/stuff/MRM/mrm_irc_2026/mrm_irc_2026/build/ex_imu/install.log --single-version-externally-managed install_data
