[0.063s] DEBUG:colcon:Command line arguments: ['/usr/bin/colcon', 'build']
[0.063s] DEBUG:colcon:Parsed command line arguments: Namespace(log_base=None, log_level=None, verb_name='build', build_base='build', install_base='install', merge_install=False, symlink_install=False, test_result_base=None, continue_on_error=False, executor='parallel', parallel_workers=16, event_handlers=None, ignore_user_meta=False, metas=['./colcon.meta'], base_paths=['.'], packages_ignore=None, packages_ignore_regex=None, paths=None, packages_up_to=None, packages_up_to_regex=None, packages_above=None, packages_above_and_dependencies=None, packages_above_depth=None, packages_select_by_dep=None, packages_skip_by_dep=None, packages_skip_up_to=None, packages_select_build_failed=False, packages_skip_build_finished=False, packages_select_test_failures=False, packages_skip_test_passed=False, packages_select=None, packages_skip=None, packages_select_regex=None, packages_skip_regex=None, packages_start=None, packages_end=None, allow_overriding=[], cmake_args=None, cmake_target=None, cmake_target_skip_unavailable=False, cmake_clean_cache=False, cmake_clean_first=False, cmake_force_configure=False, ament_cmake_args=None, catkin_cmake_args=None, catkin_skip_building_tests=False, mixin_files=None, mixin=None, verb_parser=<colcon_mixin.mixin.mixin_argument.MixinArgumentDecorator object at 0x7fe80bbb3280>, verb_extension=<colcon_core.verb.build.BuildVerb object at 0x7fe80bcdc1f0>, main=<bound method BuildVerb.main of <colcon_core.verb.build.BuildVerb object at 0x7fe80bcdc1f0>>, mixin_verb=('build',))
[0.085s] Level 1:colcon.colcon_core.package_discovery:discover_packages(colcon_meta) check parameters
[0.085s] Level 1:colcon.colcon_core.package_discovery:discover_packages(recursive) check parameters
[0.085s] Level 1:colcon.colcon_core.package_discovery:discover_packages(ignore) check parameters
[0.085s] Level 1:colcon.colcon_core.package_discovery:discover_packages(path) check parameters
[0.085s] Level 1:colcon.colcon_core.package_discovery:discover_packages(colcon_meta) discover
[0.085s] Level 1:colcon.colcon_core.package_discovery:discover_packages(recursive) discover
[0.085s] INFO:colcon.colcon_core.package_discovery:Crawling recursively for packages in '/home/exhausted/Saisarath/stuff/MRM/mrm_irc_2026/mrm_irc_2026'
[0.085s] Level 1:colcon.colcon_core.package_identification:_identify(.) by extensions ['ignore', 'ignore_ament_install']
[0.085s] Level 1:colcon.colcon_core.package_identification:_identify(.) by extension 'ignore'
[0.085s] Level 1:colcon.colcon_core.package_identification:_identify(.) by extension 'ignore_ament_install'
[0.085s] Level 1:colcon.colcon_core.package_identification:_identify(.) by extensions ['colcon_pkg']
[0.085s] Level 1:colcon.colcon_core.package_identification:_identify(.) by extension 'colcon_pkg'
[0.085s] Level 1:colcon.colcon_core.package_identification:_identify(.) by extensions ['colcon_meta']
[0.085s] Level 1:colcon.colcon_core.package_identification:_identify(.) by extension 'colcon_meta'
[0.085s] Level 1:colcon.colcon_core.package_identification:_identify(.) by extensions ['ros']
[0.085s] Level 1:colcon.colcon_core.package_identification:_identify(.) by extension 'ros'
[0.093s] Level 1:colcon.colcon_core.package_identification:_identify(.) by extensions ['cmake', 'python']
[0.093s] Level 1:colcon.colcon_core.package_identification:_identify(.) by extension 'cmake'
[0.093s] Level 1:colcon.colcon_core.package_identification:_identify(.) by extension 'python'
[0.093s] Level 1:colcon.colcon_core.package_identification:_identify(.) by extensions ['python_setup_py']
[0.093s] Level 1:colcon.colcon_core.package_identification:_identify(.) by extension 'python_setup_py'
[0.093s] Level 1:colcon.colcon_core.package_identification:_identify(build) by extensions ['ignore', 'ignore_ament_install']
[0.094s] Level 1:colcon.colcon_core.package_identification:_identify(build) by extension 'ignore'
[0.094s] Level 1:colcon.colcon_core.package_identification:_identify(build) ignored
[0.094s] Level 1:colcon.colcon_core.package_identification:_identify(custom_msgs) by extensions ['ignore', 'ignore_ament_install']
[0.094s] Level 1:colcon.colcon_core.package_identification:_identify(custom_msgs) by extension 'ignore'
[0.094s] Level 1:colcon.colcon_core.package_identification:_identify(custom_msgs) by extension 'ignore_ament_install'
[0.094s] Level 1:colcon.colcon_core.package_identification:_identify(custom_msgs) by extensions ['colcon_pkg']
[0.094s] Level 1:colcon.colcon_core.package_identification:_identify(custom_msgs) by extension 'colcon_pkg'
[0.094s] Level 1:colcon.colcon_core.package_identification:_identify(custom_msgs) by extensions ['colcon_meta']
[0.094s] Level 1:colcon.colcon_core.package_identification:_identify(custom_msgs) by extension 'colcon_meta'
[0.094s] Level 1:colcon.colcon_core.package_identification:_identify(custom_msgs) by extensions ['ros']
[0.094s] Level 1:colcon.colcon_core.package_identification:_identify(custom_msgs) by extension 'ros'
[0.095s] DEBUG:colcon.colcon_core.package_identification:Package 'custom_msgs' with type 'ros.ament_cmake' and name 'custom_msgs'
[0.096s] Level 1:colcon.colcon_core.package_identification:_identify(esp_code_imu) by extensions ['ignore', 'ignore_ament_install']
[0.096s] Level 1:colcon.colcon_core.package_identification:_identify(esp_code_imu) by extension 'ignore'
[0.096s] Level 1:colcon.colcon_core.package_identification:_identify(esp_code_imu) by extension 'ignore_ament_install'
[0.096s] Level 1:colcon.colcon_core.package_identification:_identify(esp_code_imu) by extensions ['colcon_pkg']
[0.096s] Level 1:colcon.colcon_core.package_identification:_identify(esp_code_imu) by extension 'colcon_pkg'
[0.096s] Level 1:colcon.colcon_core.package_identification:_identify(esp_code_imu) by extensions ['colcon_meta']
[0.096s] Level 1:colcon.colcon_core.package_identification:_identify(esp_code_imu) by extension 'colcon_meta'
[0.096s] Level 1:colcon.colcon_core.package_identification:_identify(esp_code_imu) by extensions ['ros']
[0.096s] Level 1:colcon.colcon_core.package_identification:_identify(esp_code_imu) by extension 'ros'
[0.096s] Level 1:colcon.colcon_core.package_identification:_identify(esp_code_imu) by extensions ['cmake', 'python']
[0.096s] Level 1:colcon.colcon_core.package_identification:_identify(esp_code_imu) by extension 'cmake'
[0.096s] Level 1:colcon.colcon_core.package_identification:_identify(esp_code_imu) by extension 'python'
[0.096s] Level 1:colcon.colcon_core.package_identification:_identify(esp_code_imu) by extensions ['python_setup_py']
[0.096s] Level 1:colcon.colcon_core.package_identification:_identify(esp_code_imu) by extension 'python_setup_py'
[0.096s] Level 1:colcon.colcon_core.package_identification:_identify(esp_code_imu/esp_code_imu_bno055) by extensions ['ignore', 'ignore_ament_install']
[0.096s] Level 1:colcon.colcon_core.package_identification:_identify(esp_code_imu/esp_code_imu_bno055) by extension 'ignore'
[0.096s] Level 1:colcon.colcon_core.package_identification:_identify(esp_code_imu/esp_code_imu_bno055) by extension 'ignore_ament_install'
[0.096s] Level 1:colcon.colcon_core.package_identification:_identify(esp_code_imu/esp_code_imu_bno055) by extensions ['colcon_pkg']
[0.096s] Level 1:colcon.colcon_core.package_identification:_identify(esp_code_imu/esp_code_imu_bno055) by extension 'colcon_pkg'
[0.096s] Level 1:colcon.colcon_core.package_identification:_identify(esp_code_imu/esp_code_imu_bno055) by extensions ['colcon_meta']
[0.096s] Level 1:colcon.colcon_core.package_identification:_identify(esp_code_imu/esp_code_imu_bno055) by extension 'colcon_meta'
[0.096s] Level 1:colcon.colcon_core.package_identification:_identify(esp_code_imu/esp_code_imu_bno055) by extensions ['ros']
[0.096s] Level 1:colcon.colcon_core.package_identification:_identify(esp_code_imu/esp_code_imu_bno055) by extension 'ros'
[0.096s] Level 1:colcon.colcon_core.package_identification:_identify(esp_code_imu/esp_code_imu_bno055) by extensions ['cmake', 'python']
[0.096s] Level 1:colcon.colcon_core.package_identification:_identify(esp_code_imu/esp_code_imu_bno055) by extension 'cmake'
[0.096s] Level 1:colcon.colcon_core.package_identification:_identify(esp_code_imu/esp_code_imu_bno055) by extension 'python'
[0.096s] Level 1:colcon.colcon_core.package_identification:_identify(esp_code_imu/esp_code_imu_bno055) by extensions ['python_setup_py']
[0.096s] Level 1:colcon.colcon_core.package_identification:_identify(esp_code_imu/esp_code_imu_bno055) by extension 'python_setup_py'
[0.096s] Level 1:colcon.colcon_core.package_identification:_identify(esp_code_imu/rm_espcde) by extensions ['ignore', 'ignore_ament_install']
[0.096s] Level 1:colcon.colcon_core.package_identification:_identify(esp_code_imu/rm_espcde) by extension 'ignore'
[0.096s] Level 1:colcon.colcon_core.package_identification:_identify(esp_code_imu/rm_espcde) by extension 'ignore_ament_install'
[0.096s] Level 1:colcon.colcon_core.package_identification:_identify(esp_code_imu/rm_espcde) by extensions ['colcon_pkg']
[0.096s] Level 1:colcon.colcon_core.package_identification:_identify(esp_code_imu/rm_espcde) by extension 'colcon_pkg'
[0.096s] Level 1:colcon.colcon_core.package_identification:_identify(esp_code_imu/rm_espcde) by extensions ['colcon_meta']
[0.096s] Level 1:colcon.colcon_core.package_identification:_identify(esp_code_imu/rm_espcde) by extension 'colcon_meta'
[0.096s] Level 1:colcon.colcon_core.package_identification:_identify(esp_code_imu/rm_espcde) by extensions ['ros']
[0.096s] Level 1:colcon.colcon_core.package_identification:_identify(esp_code_imu/rm_espcde) by extension 'ros'
[0.096s] Level 1:colcon.colcon_core.package_identification:_identify(esp_code_imu/rm_espcde) by extensions ['cmake', 'python']
[0.096s] Level 1:colcon.colcon_core.package_identification:_identify(esp_code_imu/rm_espcde) by extension 'cmake'
[0.096s] Level 1:colcon.colcon_core.package_identification:_identify(esp_code_imu/rm_espcde) by extension 'python'
[0.096s] Level 1:colcon.colcon_core.package_identification:_identify(esp_code_imu/rm_espcde) by extensions ['python_setup_py']
[0.096s] Level 1:colcon.colcon_core.package_identification:_identify(esp_code_imu/rm_espcde) by extension 'python_setup_py'
[0.096s] Level 1:colcon.colcon_core.package_identification:_identify(ex_imu) by extensions ['ignore', 'ignore_ament_install']
[0.097s] Level 1:colcon.colcon_core.package_identification:_identify(ex_imu) by extension 'ignore'
[0.097s] Level 1:colcon.colcon_core.package_identification:_identify(ex_imu) by extension 'ignore_ament_install'
[0.097s] Level 1:colcon.colcon_core.package_identification:_identify(ex_imu) by extensions ['colcon_pkg']
[0.097s] Level 1:colcon.colcon_core.package_identification:_identify(ex_imu) by extension 'colcon_pkg'
[0.097s] Level 1:colcon.colcon_core.package_identification:_identify(ex_imu) by extensions ['colcon_meta']
[0.097s] Level 1:colcon.colcon_core.package_identification:_identify(ex_imu) by extension 'colcon_meta'
[0.097s] Level 1:colcon.colcon_core.package_identification:_identify(ex_imu) by extensions ['ros']
[0.097s] Level 1:colcon.colcon_core.package_identification:_identify(ex_imu) by extension 'ros'
[0.097s] DEBUG:colcon.colcon_core.package_identification:Package 'ex_imu' with type 'ros.ament_python' and name 'ex_imu'
[0.097s] Level 1:colcon.colcon_core.package_identification:_identify(gps) by extensions ['ignore', 'ignore_ament_install']
[0.097s] Level 1:colcon.colcon_core.package_identification:_identify(gps) by extension 'ignore'
[0.097s] Level 1:colcon.colcon_core.package_identification:_identify(gps) by extension 'ignore_ament_install'
[0.097s] Level 1:colcon.colcon_core.package_identification:_identify(gps) by extensions ['colcon_pkg']
[0.097s] Level 1:colcon.colcon_core.package_identification:_identify(gps) by extension 'colcon_pkg'
[0.097s] Level 1:colcon.colcon_core.package_identification:_identify(gps) by extensions ['colcon_meta']
[0.097s] Level 1:colcon.colcon_core.package_identification:_identify(gps) by extension 'colcon_meta'
[0.097s] Level 1:colcon.colcon_core.package_identification:_identify(gps) by extensions ['ros']
[0.097s] Level 1:colcon.colcon_core.package_identification:_identify(gps) by extension 'ros'
[0.098s] DEBUG:colcon.colcon_core.package_identification:Package 'gps' with type 'ros.ament_python' and name 'gps'
[0.098s] Level 1:colcon.colcon_core.package_identification:_identify(install) by extensions ['ignore', 'ignore_ament_install']
[0.098s] Level 1:colcon.colcon_core.package_identification:_identify(install) by extension 'ignore'
[0.098s] Level 1:colcon.colcon_core.package_identification:_identify(install) ignored
[0.098s] Level 1:colcon.colcon_core.package_identification:_identify(log) by extensions ['ignore', 'ignore_ament_install']
[0.098s] Level 1:colcon.colcon_core.package_identification:_identify(log) by extension 'ignore'
[0.098s] Level 1:colcon.colcon_core.package_identification:_identify(log) ignored
[0.098s] Level 1:colcon.colcon_core.package_identification:_identify(planner) by extensions ['ignore', 'ignore_ament_install']
[0.098s] Level 1:colcon.colcon_core.package_identification:_identify(planner) by extension 'ignore'
[0.098s] Level 1:colcon.colcon_core.package_identification:_identify(planner) by extension 'ignore_ament_install'
[0.098s] Level 1:colcon.colcon_core.package_identification:_identify(planner) by extensions ['colcon_pkg']
[0.098s] Level 1:colcon.colcon_core.package_identification:_identify(planner) by extension 'colcon_pkg'
[0.098s] Level 1:colcon.colcon_core.package_identification:_identify(planner) by extensions ['colcon_meta']
[0.098s] Level 1:colcon.colcon_core.package_identification:_identify(planner) by extension 'colcon_meta'
[0.098s] Level 1:colcon.colcon_core.package_identification:_identify(planner) by extensions ['ros']
[0.098s] Level 1:colcon.colcon_core.package_identification:_identify(planner) by extension 'ros'
[0.099s] DEBUG:colcon.colcon_core.package_identification:Package 'planner' with type 'ros.ament_cmake' and name 'planner'
[0.099s] Level 1:colcon.colcon_core.package_identification:_identify(yolo) by extensions ['ignore', 'ignore_ament_install']
[0.099s] Level 1:colcon.colcon_core.package_identification:_identify(yolo) by extension 'ignore'
[0.099s] Level 1:colcon.colcon_core.package_identification:_identify(yolo) by extension 'ignore_ament_install'
[0.099s] Level 1:colcon.colcon_core.package_identification:_identify(yolo) by extensions ['colcon_pkg']
[0.099s] Level 1:colcon.colcon_core.package_identification:_identify(yolo) by extension 'colcon_pkg'
[0.099s] Level 1:colcon.colcon_core.package_identification:_identify(yolo) by extensions ['colcon_meta']
[0.099s] Level 1:colcon.colcon_core.package_identification:_identify(yolo) by extension 'colcon_meta'
[0.099s] Level 1:colcon.colcon_core.package_identification:_identify(yolo) by extensions ['ros']
[0.099s] Level 1:colcon.colcon_core.package_identification:_identify(yolo) by extension 'ros'
[0.100s] DEBUG:colcon.colcon_core.package_identification:Package 'yolo' with type 'ros.ament_python' and name 'yolo'
[0.100s] Level 1:colcon.colcon_core.package_discovery:discover_packages(recursive) using defaults
[0.100s] Level 1:colcon.colcon_core.package_discovery:discover_packages(ignore) discover
[0.100s] Level 1:colcon.colcon_core.package_discovery:discover_packages(ignore) using defaults
[0.100s] Level 1:colcon.colcon_core.package_discovery:discover_packages(path) discover
[0.100s] Level 1:colcon.colcon_core.package_discovery:discover_packages(path) using defaults
[0.113s] Level 1:colcon.colcon_core.package_discovery:discover_packages(prefix_path) check parameters
[0.113s] Level 1:colcon.colcon_core.package_discovery:discover_packages(prefix_path) discover
[0.114s] DEBUG:colcon.colcon_installed_package_information.package_discovery:Found 5 installed packages in /home/exhausted/Saisarath/stuff/MRM/mrm_irc_2026/install
[0.114s] DEBUG:colcon.colcon_installed_package_information.package_discovery:Found 7 installed packages in /home/exhausted/Saisarath/stuff/MRM/URDF_WS/install
[0.115s] DEBUG:colcon.colcon_installed_package_information.package_discovery:Found 8 installed packages in /home/exhausted/Saisarath/stuff/MRM/ros_ws3/install
[0.115s] DEBUG:colcon.colcon_installed_package_information.package_discovery:Found 3 installed packages in /home/exhausted/zed_wrapper/install
[0.115s] DEBUG:colcon.colcon_installed_package_information.package_discovery:Found 1 installed packages in /home/exhausted/Saisarath/stuff/MRM/ros_nav2_pleasework/install
[0.116s] DEBUG:colcon.colcon_installed_package_information.package_discovery:Found 366 installed packages in /opt/ros/humble
[0.117s] Level 1:colcon.colcon_core.package_discovery:discover_packages(prefix_path) using defaults
[0.141s] WARNING:colcon.colcon_core.package_selection:Some selected packages are already built in one or more underlay workspaces:
	'custom_msgs' is in: /home/exhausted/Saisarath/stuff/MRM/mrm_irc_2026/install/custom_msgs, /home/exhausted/Saisarath/stuff/MRM/ros_ws3/install/custom_msgs
If a package in a merged underlay workspace is overridden and it installs headers, then all packages in the overlay must sort their include directories by workspace order. Failure to do so may result in build failures or undefined behavior at run time.
If the overridden package is used by another package in any underlay, then the overriding package in the overlay must be API and ABI compatible or undefined behavior at run time may occur.

If you understand the risks and want to override a package anyways, add the following to the command line:
	--allow-overriding custom_msgs

This may be promoted to an error in a future release of colcon-override-check.
[0.142s] Level 5:colcon.colcon_core.verb:set package 'custom_msgs' build argument 'cmake_args' from command line to 'None'
[0.142s] Level 5:colcon.colcon_core.verb:set package 'custom_msgs' build argument 'cmake_target' from command line to 'None'
[0.142s] Level 5:colcon.colcon_core.verb:set package 'custom_msgs' build argument 'cmake_target_skip_unavailable' from command line to 'False'
[0.142s] Level 5:colcon.colcon_core.verb:set package 'custom_msgs' build argument 'cmake_clean_cache' from command line to 'False'
[0.142s] Level 5:colcon.colcon_core.verb:set package 'custom_msgs' build argument 'cmake_clean_first' from command line to 'False'
[0.142s] Level 5:colcon.colcon_core.verb:set package 'custom_msgs' build argument 'cmake_force_configure' from command line to 'False'
[0.142s] Level 5:colcon.colcon_core.verb:set package 'custom_msgs' build argument 'ament_cmake_args' from command line to 'None'
[0.142s] Level 5:colcon.colcon_core.verb:set package 'custom_msgs' build argument 'catkin_cmake_args' from command line to 'None'
[0.142s] Level 5:colcon.colcon_core.verb:set package 'custom_msgs' build argument 'catkin_skip_building_tests' from command line to 'False'
[0.142s] DEBUG:colcon.colcon_core.verb:Building package 'custom_msgs' with the following arguments: {'ament_cmake_args': None, 'build_base': '/home/exhausted/Saisarath/stuff/MRM/mrm_irc_2026/mrm_irc_2026/build/custom_msgs', 'catkin_cmake_args': None, 'catkin_skip_building_tests': False, 'cmake_args': None, 'cmake_clean_cache': False, 'cmake_clean_first': False, 'cmake_force_configure': False, 'cmake_target': None, 'cmake_target_skip_unavailable': False, 'install_base': '/home/exhausted/Saisarath/stuff/MRM/mrm_irc_2026/mrm_irc_2026/install/custom_msgs', 'merge_install': False, 'path': '/home/exhausted/Saisarath/stuff/MRM/mrm_irc_2026/mrm_irc_2026/custom_msgs', 'symlink_install': False, 'test_result_base': None}
[0.142s] Level 5:colcon.colcon_core.verb:set package 'gps' build argument 'cmake_args' from command line to 'None'
[0.142s] Level 5:colcon.colcon_core.verb:set package 'gps' build argument 'cmake_target' from command line to 'None'
[0.142s] Level 5:colcon.colcon_core.verb:set package 'gps' build argument 'cmake_target_skip_unavailable' from command line to 'False'
[0.142s] Level 5:colcon.colcon_core.verb:set package 'gps' build argument 'cmake_clean_cache' from command line to 'False'
[0.142s] Level 5:colcon.colcon_core.verb:set package 'gps' build argument 'cmake_clean_first' from command line to 'False'
[0.142s] Level 5:colcon.colcon_core.verb:set package 'gps' build argument 'cmake_force_configure' from command line to 'False'
[0.142s] Level 5:colcon.colcon_core.verb:set package 'gps' build argument 'ament_cmake_args' from command line to 'None'
[0.142s] Level 5:colcon.colcon_core.verb:set package 'gps' build argument 'catkin_cmake_args' from command line to 'None'
[0.142s] Level 5:colcon.colcon_core.verb:set package 'gps' build argument 'catkin_skip_building_tests' from command line to 'False'
[0.142s] DEBUG:colcon.colcon_core.verb:Building package 'gps' with the following arguments: {'ament_cmake_args': None, 'build_base': '/home/exhausted/Saisarath/stuff/MRM/mrm_irc_2026/mrm_irc_2026/build/gps', 'catkin_cmake_args': None, 'catkin_skip_building_tests': False, 'cmake_args': None, 'cmake_clean_cache': False, 'cmake_clean_first': False, 'cmake_force_configure': False, 'cmake_target': None, 'cmake_target_skip_unavailable': False, 'install_base': '/home/exhausted/Saisarath/stuff/MRM/mrm_irc_2026/mrm_irc_2026/install/gps', 'merge_install': False, 'path': '/home/exhausted/Saisarath/stuff/MRM/mrm_irc_2026/mrm_irc_2026/gps', 'symlink_install': False, 'test_result_base': None}
[0.142s] Level 5:colcon.colcon_core.verb:set package 'ex_imu' build argument 'cmake_args' from command line to 'None'
[0.142s] Level 5:colcon.colcon_core.verb:set package 'ex_imu' build argument 'cmake_target' from command line to 'None'
[0.142s] Level 5:colcon.colcon_core.verb:set package 'ex_imu' build argument 'cmake_target_skip_unavailable' from command line to 'False'
[0.142s] Level 5:colcon.colcon_core.verb:set package 'ex_imu' build argument 'cmake_clean_cache' from command line to 'False'
[0.142s] Level 5:colcon.colcon_core.verb:set package 'ex_imu' build argument 'cmake_clean_first' from command line to 'False'
[0.142s] Level 5:colcon.colcon_core.verb:set package 'ex_imu' build argument 'cmake_force_configure' from command line to 'False'
[0.142s] Level 5:colcon.colcon_core.verb:set package 'ex_imu' build argument 'ament_cmake_args' from command line to 'None'
[0.142s] Level 5:colcon.colcon_core.verb:set package 'ex_imu' build argument 'catkin_cmake_args' from command line to 'None'
[0.142s] Level 5:colcon.colcon_core.verb:set package 'ex_imu' build argument 'catkin_skip_building_tests' from command line to 'False'
[0.142s] DEBUG:colcon.colcon_core.verb:Building package 'ex_imu' with the following arguments: {'ament_cmake_args': None, 'build_base': '/home/exhausted/Saisarath/stuff/MRM/mrm_irc_2026/mrm_irc_2026/build/ex_imu', 'catkin_cmake_args': None, 'catkin_skip_building_tests': False, 'cmake_args': None, 'cmake_clean_cache': False, 'cmake_clean_first': False, 'cmake_force_configure': False, 'cmake_target': None, 'cmake_target_skip_unavailable': False, 'install_base': '/home/exhausted/Saisarath/stuff/MRM/mrm_irc_2026/mrm_irc_2026/install/ex_imu', 'merge_install': False, 'path': '/home/exhausted/Saisarath/stuff/MRM/mrm_irc_2026/mrm_irc_2026/ex_imu', 'symlink_install': False, 'test_result_base': None}
[0.142s] Level 5:colcon.colcon_core.verb:set package 'planner' build argument 'cmake_args' from command line to 'None'
[0.143s] Level 5:colcon.colcon_core.verb:set package 'planner' build argument 'cmake_target' from command line to 'None'
[0.143s] Level 5:colcon.colcon_core.verb:set package 'planner' build argument 'cmake_target_skip_unavailable' from command line to 'False'
[0.143s] Level 5:colcon.colcon_core.verb:set package 'planner' build argument 'cmake_clean_cache' from command line to 'False'
[0.143s] Level 5:colcon.colcon_core.verb:set package 'planner' build argument 'cmake_clean_first' from command line to 'False'
[0.143s] Level 5:colcon.colcon_core.verb:set package 'planner' build argument 'cmake_force_configure' from command line to 'False'
[0.143s] Level 5:colcon.colcon_core.verb:set package 'planner' build argument 'ament_cmake_args' from command line to 'None'
[0.143s] Level 5:colcon.colcon_core.verb:set package 'planner' build argument 'catkin_cmake_args' from command line to 'None'
[0.143s] Level 5:colcon.colcon_core.verb:set package 'planner' build argument 'catkin_skip_building_tests' from command line to 'False'
[0.143s] DEBUG:colcon.colcon_core.verb:Building package 'planner' with the following arguments: {'ament_cmake_args': None, 'build_base': '/home/exhausted/Saisarath/stuff/MRM/mrm_irc_2026/mrm_irc_2026/build/planner', 'catkin_cmake_args': None, 'catkin_skip_building_tests': False, 'cmake_args': None, 'cmake_clean_cache': False, 'cmake_clean_first': False, 'cmake_force_configure': False, 'cmake_target': None, 'cmake_target_skip_unavailable': False, 'install_base': '/home/exhausted/Saisarath/stuff/MRM/mrm_irc_2026/mrm_irc_2026/install/planner', 'merge_install': False, 'path': '/home/exhausted/Saisarath/stuff/MRM/mrm_irc_2026/mrm_irc_2026/planner', 'symlink_install': False, 'test_result_base': None}
[0.143s] Level 5:colcon.colcon_core.verb:set package 'yolo' build argument 'cmake_args' from command line to 'None'
[0.143s] Level 5:colcon.colcon_core.verb:set package 'yolo' build argument 'cmake_target' from command line to 'None'
[0.143s] Level 5:colcon.colcon_core.verb:set package 'yolo' build argument 'cmake_target_skip_unavailable' from command line to 'False'
[0.143s] Level 5:colcon.colcon_core.verb:set package 'yolo' build argument 'cmake_clean_cache' from command line to 'False'
[0.143s] Level 5:colcon.colcon_core.verb:set package 'yolo' build argument 'cmake_clean_first' from command line to 'False'
[0.143s] Level 5:colcon.colcon_core.verb:set package 'yolo' build argument 'cmake_force_configure' from command line to 'False'
[0.143s] Level 5:colcon.colcon_core.verb:set package 'yolo' build argument 'ament_cmake_args' from command line to 'None'
[0.143s] Level 5:colcon.colcon_core.verb:set package 'yolo' build argument 'catkin_cmake_args' from command line to 'None'
[0.143s] Level 5:colcon.colcon_core.verb:set package 'yolo' build argument 'catkin_skip_building_tests' from command line to 'False'
[0.143s] DEBUG:colcon.colcon_core.verb:Building package 'yolo' with the following arguments: {'ament_cmake_args': None, 'build_base': '/home/exhausted/Saisarath/stuff/MRM/mrm_irc_2026/mrm_irc_2026/build/yolo', 'catkin_cmake_args': None, 'catkin_skip_building_tests': False, 'cmake_args': None, 'cmake_clean_cache': False, 'cmake_clean_first': False, 'cmake_force_configure': False, 'cmake_target': None, 'cmake_target_skip_unavailable': False, 'install_base': '/home/exhausted/Saisarath/stuff/MRM/mrm_irc_2026/mrm_irc_2026/install/yolo', 'merge_install': False, 'path': '/home/exhausted/Saisarath/stuff/MRM/mrm_irc_2026/mrm_irc_2026/yolo', 'symlink_install': False, 'test_result_base': None}
[0.143s] INFO:colcon.colcon_core.executor:Executing jobs using 'parallel' executor
[0.144s] DEBUG:colcon.colcon_parallel_executor.executor.parallel:run_until_complete
[0.144s] INFO:colcon.colcon_ros.task.ament_cmake.build:Building ROS package in '/home/exhausted/Saisarath/stuff/MRM/mrm_irc_2026/mrm_irc_2026/custom_msgs' with build type 'ament_cmake'
[0.144s] INFO:colcon.colcon_cmake.task.cmake.build:Building CMake package in '/home/exhausted/Saisarath/stuff/MRM/mrm_irc_2026/mrm_irc_2026/custom_msgs'
[0.145s] INFO:colcon.colcon_core.plugin_system:Skipping extension 'colcon_core.shell.bat': Not used on non-Windows systems
[0.145s] INFO:colcon.colcon_core.shell:Skip shell extension 'powershell' for command environment: Not usable outside of PowerShell
[0.145s] DEBUG:colcon.colcon_core.shell:Skip shell extension 'dsv' for command environment
[0.149s] INFO:colcon.colcon_ros.task.ament_python.build:Building ROS package in '/home/exhausted/Saisarath/stuff/MRM/mrm_irc_2026/mrm_irc_2026/gps' with build type 'ament_python'
[0.149s] Level 1:colcon.colcon_core.shell:create_environment_hook('gps', 'ament_prefix_path')
[0.149s] INFO:colcon.colcon_core.shell:Creating environment hook '/home/exhausted/Saisarath/stuff/MRM/mrm_irc_2026/mrm_irc_2026/install/gps/share/gps/hook/ament_prefix_path.ps1'
[0.150s] INFO:colcon.colcon_core.shell:Creating environment descriptor '/home/exhausted/Saisarath/stuff/MRM/mrm_irc_2026/mrm_irc_2026/install/gps/share/gps/hook/ament_prefix_path.dsv'
[0.150s] INFO:colcon.colcon_core.shell:Creating environment hook '/home/exhausted/Saisarath/stuff/MRM/mrm_irc_2026/mrm_irc_2026/install/gps/share/gps/hook/ament_prefix_path.sh'
[0.150s] INFO:colcon.colcon_core.shell:Skip shell extension 'powershell' for command environment: Not usable outside of PowerShell
[0.150s] DEBUG:colcon.colcon_core.shell:Skip shell extension 'dsv' for command environment
[0.155s] DEBUG:colcon.colcon_core.event_handler.log_command:Invoking command in '/home/exhausted/Saisarath/stuff/MRM/mrm_irc_2026/mrm_irc_2026/build/custom_msgs': CMAKE_PREFIX_PATH=${CMAKE_PREFIX_PATH}:/home/exhausted/Saisarath/stuff/MRM/URDF_WS/install/open_cv_stuff:/home/exhausted/Saisarath/stuff/MRM/mrm_irc_2026/install/yolo:/home/exhausted/Saisarath/stuff/MRM/mrm_irc_2026/install/gps:/home/exhausted/Saisarath/stuff/MRM/mrm_irc_2026/install/ex_imu:/home/exhausted/Saisarath/stuff/MRM/ros_ws3/install/image_processing:/home/exhausted/Saisarath/stuff/MRM/ros_ws3/install/gps:/opt/ros/humble /usr/bin/cmake /home/exhausted/Saisarath/stuff/MRM/mrm_irc_2026/mrm_irc_2026/custom_msgs -DCMAKE_INSTALL_PREFIX=/home/exhausted/Saisarath/stuff/MRM/mrm_irc_2026/mrm_irc_2026/install/custom_msgs
[0.290s] INFO:colcon.colcon_core.task.python.build:Building Python package in '/home/exhausted/Saisarath/stuff/MRM/mrm_irc_2026/mrm_irc_2026/gps'
[0.290s] INFO:colcon.colcon_core.shell:Skip shell extension 'powershell' for command environment: Not usable outside of PowerShell
[0.290s] DEBUG:colcon.colcon_core.shell:Skip shell extension 'dsv' for command environment
[0.829s] DEBUG:colcon.colcon_core.event_handler.log_command:Invoking command in '/home/exhausted/Saisarath/stuff/MRM/mrm_irc_2026/mrm_irc_2026/gps': PYTHONPATH=/home/exhausted/Saisarath/stuff/MRM/mrm_irc_2026/mrm_irc_2026/build/gps/prefix_override:/usr/lib/python3/dist-packages/colcon_core/task/python/colcon_distutils_commands:/home/exhausted/Saisarath/stuff/MRM/mrm_irc_2026/mrm_irc_2026/install/gps/lib/python3.10/site-packages:${PYTHONPATH} /usr/bin/python3 -W ignore:setup.py install is deprecated -W ignore:easy_install command is deprecated setup.py egg_info --egg-base ../build/gps build --build-base /home/exhausted/Saisarath/stuff/MRM/mrm_irc_2026/mrm_irc_2026/build/gps/build install --record /home/exhausted/Saisarath/stuff/MRM/mrm_irc_2026/mrm_irc_2026/build/gps/install.log --single-version-externally-managed install_data
[1.160s] DEBUG:colcon.colcon_core.event_handler.log_command:Invoked command in '/home/exhausted/Saisarath/stuff/MRM/mrm_irc_2026/mrm_irc_2026/gps' returned '0': PYTHONPATH=/home/exhausted/Saisarath/stuff/MRM/mrm_irc_2026/mrm_irc_2026/build/gps/prefix_override:/usr/lib/python3/dist-packages/colcon_core/task/python/colcon_distutils_commands:/home/exhausted/Saisarath/stuff/MRM/mrm_irc_2026/mrm_irc_2026/install/gps/lib/python3.10/site-packages:${PYTHONPATH} /usr/bin/python3 -W ignore:setup.py install is deprecated -W ignore:easy_install command is deprecated setup.py egg_info --egg-base ../build/gps build --build-base /home/exhausted/Saisarath/stuff/MRM/mrm_irc_2026/mrm_irc_2026/build/gps/build install --record /home/exhausted/Saisarath/stuff/MRM/mrm_irc_2026/mrm_irc_2026/build/gps/install.log --single-version-externally-managed install_data
[1.162s] Level 1:colcon.colcon_core.environment:checking '/home/exhausted/Saisarath/stuff/MRM/mrm_irc_2026/mrm_irc_2026/install/gps' for CMake module files
[1.168s] Level 1:colcon.colcon_core.environment:checking '/home/exhausted/Saisarath/stuff/MRM/mrm_irc_2026/mrm_irc_2026/install/gps' for CMake config files
[1.169s] Level 1:colcon.colcon_core.environment:checking '/home/exhausted/Saisarath/stuff/MRM/mrm_irc_2026/mrm_irc_2026/install/gps/lib'
[1.169s] Level 1:colcon.colcon_core.environment:checking '/home/exhausted/Saisarath/stuff/MRM/mrm_irc_2026/mrm_irc_2026/install/gps/bin'
[1.169s] Level 1:colcon.colcon_core.environment:checking '/home/exhausted/Saisarath/stuff/MRM/mrm_irc_2026/mrm_irc_2026/install/gps/lib/pkgconfig/gps.pc'
[1.169s] Level 1:colcon.colcon_core.environment:checking '/home/exhausted/Saisarath/stuff/MRM/mrm_irc_2026/mrm_irc_2026/install/gps/lib/python3.10/site-packages'
[1.169s] Level 1:colcon.colcon_core.shell:create_environment_hook('gps', 'pythonpath')
[1.169s] INFO:colcon.colcon_core.shell:Creating environment hook '/home/exhausted/Saisarath/stuff/MRM/mrm_irc_2026/mrm_irc_2026/install/gps/share/gps/hook/pythonpath.ps1'
[1.170s] INFO:colcon.colcon_core.shell:Creating environment descriptor '/home/exhausted/Saisarath/stuff/MRM/mrm_irc_2026/mrm_irc_2026/install/gps/share/gps/hook/pythonpath.dsv'
[1.170s] INFO:colcon.colcon_core.shell:Creating environment hook '/home/exhausted/Saisarath/stuff/MRM/mrm_irc_2026/mrm_irc_2026/install/gps/share/gps/hook/pythonpath.sh'
[1.170s] Level 1:colcon.colcon_core.environment:checking '/home/exhausted/Saisarath/stuff/MRM/mrm_irc_2026/mrm_irc_2026/install/gps/bin'
[1.170s] Level 1:colcon.colcon_core.environment:create_environment_scripts_only(gps)
[1.170s] INFO:colcon.colcon_core.shell:Creating package script '/home/exhausted/Saisarath/stuff/MRM/mrm_irc_2026/mrm_irc_2026/install/gps/share/gps/package.ps1'
[1.171s] INFO:colcon.colcon_core.shell:Creating package descriptor '/home/exhausted/Saisarath/stuff/MRM/mrm_irc_2026/mrm_irc_2026/install/gps/share/gps/package.dsv'
[1.171s] INFO:colcon.colcon_core.shell:Creating package script '/home/exhausted/Saisarath/stuff/MRM/mrm_irc_2026/mrm_irc_2026/install/gps/share/gps/package.sh'
[1.171s] INFO:colcon.colcon_core.shell:Creating package script '/home/exhausted/Saisarath/stuff/MRM/mrm_irc_2026/mrm_irc_2026/install/gps/share/gps/package.bash'
[1.172s] INFO:colcon.colcon_core.shell:Creating package script '/home/exhausted/Saisarath/stuff/MRM/mrm_irc_2026/mrm_irc_2026/install/gps/share/gps/package.zsh'
[1.172s] Level 1:colcon.colcon_core.environment:create_file_with_runtime_dependencies(/home/exhausted/Saisarath/stuff/MRM/mrm_irc_2026/mrm_irc_2026/install/gps/share/colcon-core/packages/gps)
[1.609s] DEBUG:colcon.colcon_core.event_handler.log_command:Invoked command in '/home/exhausted/Saisarath/stuff/MRM/mrm_irc_2026/mrm_irc_2026/build/custom_msgs' returned '0': CMAKE_PREFIX_PATH=${CMAKE_PREFIX_PATH}:/home/exhausted/Saisarath/stuff/MRM/URDF_WS/install/open_cv_stuff:/home/exhausted/Saisarath/stuff/MRM/mrm_irc_2026/install/yolo:/home/exhausted/Saisarath/stuff/MRM/mrm_irc_2026/install/gps:/home/exhausted/Saisarath/stuff/MRM/mrm_irc_2026/install/ex_imu:/home/exhausted/Saisarath/stuff/MRM/ros_ws3/install/image_processing:/home/exhausted/Saisarath/stuff/MRM/ros_ws3/install/gps:/opt/ros/humble /usr/bin/cmake /home/exhausted/Saisarath/stuff/MRM/mrm_irc_2026/mrm_irc_2026/custom_msgs -DCMAKE_INSTALL_PREFIX=/home/exhausted/Saisarath/stuff/MRM/mrm_irc_2026/mrm_irc_2026/install/custom_msgs
[1.610s] DEBUG:colcon.colcon_core.event_handler.log_command:Invoking command in '/home/exhausted/Saisarath/stuff/MRM/mrm_irc_2026/mrm_irc_2026/build/custom_msgs': CMAKE_PREFIX_PATH=${CMAKE_PREFIX_PATH}:/home/exhausted/Saisarath/stuff/MRM/URDF_WS/install/open_cv_stuff:/home/exhausted/Saisarath/stuff/MRM/mrm_irc_2026/install/yolo:/home/exhausted/Saisarath/stuff/MRM/mrm_irc_2026/install/gps:/home/exhausted/Saisarath/stuff/MRM/mrm_irc_2026/install/ex_imu:/home/exhausted/Saisarath/stuff/MRM/ros_ws3/install/image_processing:/home/exhausted/Saisarath/stuff/MRM/ros_ws3/install/gps:/opt/ros/humble /usr/bin/cmake --build /home/exhausted/Saisarath/stuff/MRM/mrm_irc_2026/mrm_irc_2026/build/custom_msgs -- -j16 -l16
[3.893s] DEBUG:colcon.colcon_core.event_handler.log_command:Invoked command in '/home/exhausted/Saisarath/stuff/MRM/mrm_irc_2026/mrm_irc_2026/build/custom_msgs' returned '0': CMAKE_PREFIX_PATH=${CMAKE_PREFIX_PATH}:/home/exhausted/Saisarath/stuff/MRM/URDF_WS/install/open_cv_stuff:/home/exhausted/Saisarath/stuff/MRM/mrm_irc_2026/install/yolo:/home/exhausted/Saisarath/stuff/MRM/mrm_irc_2026/install/gps:/home/exhausted/Saisarath/stuff/MRM/mrm_irc_2026/install/ex_imu:/home/exhausted/Saisarath/stuff/MRM/ros_ws3/install/image_processing:/home/exhausted/Saisarath/stuff/MRM/ros_ws3/install/gps:/opt/ros/humble /usr/bin/cmake --build /home/exhausted/Saisarath/stuff/MRM/mrm_irc_2026/mrm_irc_2026/build/custom_msgs -- -j16 -l16
[3.901s] DEBUG:colcon.colcon_core.event_handler.log_command:Invoking command in '/home/exhausted/Saisarath/stuff/MRM/mrm_irc_2026/mrm_irc_2026/build/custom_msgs': CMAKE_PREFIX_PATH=${CMAKE_PREFIX_PATH}:/home/exhausted/Saisarath/stuff/MRM/URDF_WS/install/open_cv_stuff:/home/exhausted/Saisarath/stuff/MRM/mrm_irc_2026/install/yolo:/home/exhausted/Saisarath/stuff/MRM/mrm_irc_2026/install/gps:/home/exhausted/Saisarath/stuff/MRM/mrm_irc_2026/install/ex_imu:/home/exhausted/Saisarath/stuff/MRM/ros_ws3/install/image_processing:/home/exhausted/Saisarath/stuff/MRM/ros_ws3/install/gps:/opt/ros/humble /usr/bin/cmake --install /home/exhausted/Saisarath/stuff/MRM/mrm_irc_2026/mrm_irc_2026/build/custom_msgs
[3.953s] Level 1:colcon.colcon_core.environment:create_environment_scripts_only(custom_msgs)
[3.953s] DEBUG:colcon.colcon_core.event_handler.log_command:Invoked command in '/home/exhausted/Saisarath/stuff/MRM/mrm_irc_2026/mrm_irc_2026/build/custom_msgs' returned '0': CMAKE_PREFIX_PATH=${CMAKE_PREFIX_PATH}:/home/exhausted/Saisarath/stuff/MRM/URDF_WS/install/open_cv_stuff:/home/exhausted/Saisarath/stuff/MRM/mrm_irc_2026/install/yolo:/home/exhausted/Saisarath/stuff/MRM/mrm_irc_2026/install/gps:/home/exhausted/Saisarath/stuff/MRM/mrm_irc_2026/install/ex_imu:/home/exhausted/Saisarath/stuff/MRM/ros_ws3/install/image_processing:/home/exhausted/Saisarath/stuff/MRM/ros_ws3/install/gps:/opt/ros/humble /usr/bin/cmake --install /home/exhausted/Saisarath/stuff/MRM/mrm_irc_2026/mrm_irc_2026/build/custom_msgs
[3.954s] Level 1:colcon.colcon_core.environment:checking '/home/exhausted/Saisarath/stuff/MRM/mrm_irc_2026/mrm_irc_2026/install/custom_msgs' for CMake module files
[3.954s] Level 1:colcon.colcon_core.environment:checking '/home/exhausted/Saisarath/stuff/MRM/mrm_irc_2026/mrm_irc_2026/install/custom_msgs' for CMake config files
[3.955s] Level 1:colcon.colcon_core.shell:create_environment_hook('custom_msgs', 'cmake_prefix_path')
[3.955s] INFO:colcon.colcon_core.shell:Creating environment hook '/home/exhausted/Saisarath/stuff/MRM/mrm_irc_2026/mrm_irc_2026/install/custom_msgs/share/custom_msgs/hook/cmake_prefix_path.ps1'
[3.956s] INFO:colcon.colcon_core.shell:Creating environment descriptor '/home/exhausted/Saisarath/stuff/MRM/mrm_irc_2026/mrm_irc_2026/install/custom_msgs/share/custom_msgs/hook/cmake_prefix_path.dsv'
[3.956s] INFO:colcon.colcon_core.shell:Creating environment hook '/home/exhausted/Saisarath/stuff/MRM/mrm_irc_2026/mrm_irc_2026/install/custom_msgs/share/custom_msgs/hook/cmake_prefix_path.sh'
[3.956s] Level 1:colcon.colcon_core.environment:checking '/home/exhausted/Saisarath/stuff/MRM/mrm_irc_2026/mrm_irc_2026/install/custom_msgs/lib'
[3.956s] Level 1:colcon.colcon_core.shell:create_environment_hook('custom_msgs', 'ld_library_path_lib')
[3.956s] INFO:colcon.colcon_core.shell:Creating environment hook '/home/exhausted/Saisarath/stuff/MRM/mrm_irc_2026/mrm_irc_2026/install/custom_msgs/share/custom_msgs/hook/ld_library_path_lib.ps1'
[3.957s] INFO:colcon.colcon_core.shell:Creating environment descriptor '/home/exhausted/Saisarath/stuff/MRM/mrm_irc_2026/mrm_irc_2026/install/custom_msgs/share/custom_msgs/hook/ld_library_path_lib.dsv'
[3.957s] INFO:colcon.colcon_core.shell:Creating environment hook '/home/exhausted/Saisarath/stuff/MRM/mrm_irc_2026/mrm_irc_2026/install/custom_msgs/share/custom_msgs/hook/ld_library_path_lib.sh'
[3.957s] Level 1:colcon.colcon_core.environment:checking '/home/exhausted/Saisarath/stuff/MRM/mrm_irc_2026/mrm_irc_2026/install/custom_msgs/bin'
[3.957s] Level 1:colcon.colcon_core.environment:checking '/home/exhausted/Saisarath/stuff/MRM/mrm_irc_2026/mrm_irc_2026/install/custom_msgs/lib/pkgconfig/custom_msgs.pc'
[3.957s] Level 1:colcon.colcon_core.environment:checking '/home/exhausted/Saisarath/stuff/MRM/mrm_irc_2026/mrm_irc_2026/install/custom_msgs/lib/python3.10/site-packages'
[3.957s] Level 1:colcon.colcon_core.environment:checking '/home/exhausted/Saisarath/stuff/MRM/mrm_irc_2026/mrm_irc_2026/install/custom_msgs/bin'
[3.958s] INFO:colcon.colcon_core.shell:Creating package script '/home/exhausted/Saisarath/stuff/MRM/mrm_irc_2026/mrm_irc_2026/install/custom_msgs/share/custom_msgs/package.ps1'
[3.958s] INFO:colcon.colcon_core.shell:Creating package descriptor '/home/exhausted/Saisarath/stuff/MRM/mrm_irc_2026/mrm_irc_2026/install/custom_msgs/share/custom_msgs/package.dsv'
[3.958s] INFO:colcon.colcon_core.shell:Creating package script '/home/exhausted/Saisarath/stuff/MRM/mrm_irc_2026/mrm_irc_2026/install/custom_msgs/share/custom_msgs/package.sh'
[3.958s] INFO:colcon.colcon_core.shell:Creating package script '/home/exhausted/Saisarath/stuff/MRM/mrm_irc_2026/mrm_irc_2026/install/custom_msgs/share/custom_msgs/package.bash'
[3.958s] INFO:colcon.colcon_core.shell:Creating package script '/home/exhausted/Saisarath/stuff/MRM/mrm_irc_2026/mrm_irc_2026/install/custom_msgs/share/custom_msgs/package.zsh'
[3.958s] Level 1:colcon.colcon_core.environment:create_file_with_runtime_dependencies(/home/exhausted/Saisarath/stuff/MRM/mrm_irc_2026/mrm_irc_2026/install/custom_msgs/share/colcon-core/packages/custom_msgs)
[3.959s] Level 1:colcon.colcon_core.environment:create_environment_scripts_only(custom_msgs)
[3.959s] Level 1:colcon.colcon_core.environment:checking '/home/exhausted/Saisarath/stuff/MRM/mrm_irc_2026/mrm_irc_2026/install/custom_msgs' for CMake module files
[3.959s] Level 1:colcon.colcon_core.environment:checking '/home/exhausted/Saisarath/stuff/MRM/mrm_irc_2026/mrm_irc_2026/install/custom_msgs' for CMake config files
[3.959s] Level 1:colcon.colcon_core.shell:create_environment_hook('custom_msgs', 'cmake_prefix_path')
[3.960s] INFO:colcon.colcon_core.shell:Creating environment hook '/home/exhausted/Saisarath/stuff/MRM/mrm_irc_2026/mrm_irc_2026/install/custom_msgs/share/custom_msgs/hook/cmake_prefix_path.ps1'
[3.960s] INFO:colcon.colcon_core.shell:Creating environment descriptor '/home/exhausted/Saisarath/stuff/MRM/mrm_irc_2026/mrm_irc_2026/install/custom_msgs/share/custom_msgs/hook/cmake_prefix_path.dsv'
[3.960s] INFO:colcon.colcon_core.shell:Creating environment hook '/home/exhausted/Saisarath/stuff/MRM/mrm_irc_2026/mrm_irc_2026/install/custom_msgs/share/custom_msgs/hook/cmake_prefix_path.sh'
[3.960s] Level 1:colcon.colcon_core.environment:checking '/home/exhausted/Saisarath/stuff/MRM/mrm_irc_2026/mrm_irc_2026/install/custom_msgs/lib'
[3.960s] Level 1:colcon.colcon_core.shell:create_environment_hook('custom_msgs', 'ld_library_path_lib')
[3.960s] INFO:colcon.colcon_core.shell:Creating environment hook '/home/exhausted/Saisarath/stuff/MRM/mrm_irc_2026/mrm_irc_2026/install/custom_msgs/share/custom_msgs/hook/ld_library_path_lib.ps1'
[3.960s] INFO:colcon.colcon_core.shell:Creating environment descriptor '/home/exhausted/Saisarath/stuff/MRM/mrm_irc_2026/mrm_irc_2026/install/custom_msgs/share/custom_msgs/hook/ld_library_path_lib.dsv'
[3.961s] INFO:colcon.colcon_core.shell:Creating environment hook '/home/exhausted/Saisarath/stuff/MRM/mrm_irc_2026/mrm_irc_2026/install/custom_msgs/share/custom_msgs/hook/ld_library_path_lib.sh'
[3.961s] Level 1:colcon.colcon_core.environment:checking '/home/exhausted/Saisarath/stuff/MRM/mrm_irc_2026/mrm_irc_2026/install/custom_msgs/bin'
[3.961s] Level 1:colcon.colcon_core.environment:checking '/home/exhausted/Saisarath/stuff/MRM/mrm_irc_2026/mrm_irc_2026/install/custom_msgs/lib/pkgconfig/custom_msgs.pc'
[3.961s] Level 1:colcon.colcon_core.environment:checking '/home/exhausted/Saisarath/stuff/MRM/mrm_irc_2026/mrm_irc_2026/install/custom_msgs/lib/python3.10/site-packages'
[3.961s] Level 1:colcon.colcon_core.environment:checking '/home/exhausted/Saisarath/stuff/MRM/mrm_irc_2026/mrm_irc_2026/install/custom_msgs/bin'
[3.961s] INFO:colcon.colcon_core.shell:Creating package script '/home/exhausted/Saisarath/stuff/MRM/mrm_irc_2026/mrm_irc_2026/install/custom_msgs/share/custom_msgs/package.ps1'
[3.962s] INFO:colcon.colcon_core.shell:Creating package descriptor '/home/exhausted/Saisarath/stuff/MRM/mrm_irc_2026/mrm_irc_2026/install/custom_msgs/share/custom_msgs/package.dsv'
[3.962s] INFO:colcon.colcon_core.shell:Creating package script '/home/exhausted/Saisarath/stuff/MRM/mrm_irc_2026/mrm_irc_2026/install/custom_msgs/share/custom_msgs/package.sh'
[3.962s] INFO:colcon.colcon_core.shell:Creating package script '/home/exhausted/Saisarath/stuff/MRM/mrm_irc_2026/mrm_irc_2026/install/custom_msgs/share/custom_msgs/package.bash'
[3.962s] INFO:colcon.colcon_core.shell:Creating package script '/home/exhausted/Saisarath/stuff/MRM/mrm_irc_2026/mrm_irc_2026/install/custom_msgs/share/custom_msgs/package.zsh'
[3.962s] Level 1:colcon.colcon_core.environment:create_file_with_runtime_dependencies(/home/exhausted/Saisarath/stuff/MRM/mrm_irc_2026/mrm_irc_2026/install/custom_msgs/share/colcon-core/packages/custom_msgs)
[3.963s] INFO:colcon.colcon_ros.task.ament_python.build:Building ROS package in '/home/exhausted/Saisarath/stuff/MRM/mrm_irc_2026/mrm_irc_2026/ex_imu' with build type 'ament_python'
[3.963s] Level 1:colcon.colcon_core.shell:create_environment_hook('ex_imu', 'ament_prefix_path')
[3.963s] INFO:colcon.colcon_core.shell:Creating environment hook '/home/exhausted/Saisarath/stuff/MRM/mrm_irc_2026/mrm_irc_2026/install/ex_imu/share/ex_imu/hook/ament_prefix_path.ps1'
[3.963s] INFO:colcon.colcon_core.shell:Creating environment descriptor '/home/exhausted/Saisarath/stuff/MRM/mrm_irc_2026/mrm_irc_2026/install/ex_imu/share/ex_imu/hook/ament_prefix_path.dsv'
[3.963s] INFO:colcon.colcon_core.shell:Creating environment hook '/home/exhausted/Saisarath/stuff/MRM/mrm_irc_2026/mrm_irc_2026/install/ex_imu/share/ex_imu/hook/ament_prefix_path.sh'
[3.964s] INFO:colcon.colcon_core.shell:Skip shell extension 'powershell' for command environment: Not usable outside of PowerShell
[3.964s] DEBUG:colcon.colcon_core.shell:Skip shell extension 'dsv' for command environment
[3.967s] INFO:colcon.colcon_ros.task.ament_cmake.build:Building ROS package in '/home/exhausted/Saisarath/stuff/MRM/mrm_irc_2026/mrm_irc_2026/planner' with build type 'ament_cmake'
[3.967s] INFO:colcon.colcon_cmake.task.cmake.build:Building CMake package in '/home/exhausted/Saisarath/stuff/MRM/mrm_irc_2026/mrm_irc_2026/planner'
[3.967s] INFO:colcon.colcon_core.shell:Skip shell extension 'powershell' for command environment: Not usable outside of PowerShell
[3.967s] DEBUG:colcon.colcon_core.shell:Skip shell extension 'dsv' for command environment
[3.970s] INFO:colcon.colcon_ros.task.ament_python.build:Building ROS package in '/home/exhausted/Saisarath/stuff/MRM/mrm_irc_2026/mrm_irc_2026/yolo' with build type 'ament_python'
[3.970s] Level 1:colcon.colcon_core.shell:create_environment_hook('yolo', 'ament_prefix_path')
[3.970s] INFO:colcon.colcon_core.shell:Creating environment hook '/home/exhausted/Saisarath/stuff/MRM/mrm_irc_2026/mrm_irc_2026/install/yolo/share/yolo/hook/ament_prefix_path.ps1'
[3.970s] INFO:colcon.colcon_core.shell:Creating environment descriptor '/home/exhausted/Saisarath/stuff/MRM/mrm_irc_2026/mrm_irc_2026/install/yolo/share/yolo/hook/ament_prefix_path.dsv'
[3.971s] INFO:colcon.colcon_core.shell:Creating environment hook '/home/exhausted/Saisarath/stuff/MRM/mrm_irc_2026/mrm_irc_2026/install/yolo/share/yolo/hook/ament_prefix_path.sh'
[3.971s] INFO:colcon.colcon_core.shell:Skip shell extension 'powershell' for command environment: Not usable outside of PowerShell
[3.971s] DEBUG:colcon.colcon_core.shell:Skip shell extension 'dsv' for command environment
[4.124s] INFO:colcon.colcon_core.task.python.build:Building Python package in '/home/exhausted/Saisarath/stuff/MRM/mrm_irc_2026/mrm_irc_2026/ex_imu'
[4.125s] INFO:colcon.colcon_core.shell:Skip shell extension 'powershell' for command environment: Not usable outside of PowerShell
[4.125s] DEBUG:colcon.colcon_core.shell:Skip shell extension 'dsv' for command environment
[4.133s] DEBUG:colcon.colcon_core.event_handler.log_command:Invoking command in '/home/exhausted/Saisarath/stuff/MRM/mrm_irc_2026/mrm_irc_2026/build/planner': AMENT_PREFIX_PATH=/home/exhausted/Saisarath/stuff/MRM/mrm_irc_2026/mrm_irc_2026/install/custom_msgs:${AMENT_PREFIX_PATH} CMAKE_PREFIX_PATH=/home/exhausted/Saisarath/stuff/MRM/mrm_irc_2026/mrm_irc_2026/install/custom_msgs:/home/exhausted/Saisarath/stuff/MRM/URDF_WS/install/urdf_test:/home/exhausted/Saisarath/stuff/MRM/URDF_WS/install/robot_wheel:/home/exhausted/Saisarath/stuff/MRM/URDF_WS/install/gui:/home/exhausted/Saisarath/stuff/MRM/URDF_WS/install/gazebo_test:/home/exhausted/Saisarath/stuff/MRM/URDF_WS/install/custom_messsages_interface:/home/exhausted/Saisarath/stuff/MRM/URDF_WS/install/arm_robot:/home/exhausted/Saisarath/stuff/MRM/mrm_irc_2026/install/planner:/home/exhausted/Saisarath/stuff/MRM/mrm_irc_2026/install/custom_msgs:/home/exhausted/Saisarath/stuff/MRM/ros_ws3/install/planner_test:/home/exhausted/Saisarath/stuff/MRM/ros_ws3/install/planner:/home/exhausted/Saisarath/stuff/MRM/ros_ws3/install/robot_interface:/home/exhausted/Saisarath/stuff/MRM/ros_ws3/install/pcl_od:/home/exhausted/Saisarath/stuff/MRM/ros_ws3/install/gui_comm_prot:/home/exhausted/Saisarath/stuff/MRM/ros_ws3/install/custom_msgs:/home/exhausted/Saisarath/stuff/MRM/ros_nav2_pleasework/install/navigation_woho:/home/exhausted/zed_wrapper/install/zed_ros2:/home/exhausted/zed_wrapper/install/zed_wrapper:/home/exhausted/zed_wrapper/install/zed_components:/home/exhausted/Saisarath/stuff/MRM/URDF_WS/install/open_cv_stuff:/home/exhausted/Saisarath/stuff/MRM/mrm_irc_2026/install/yolo:/home/exhausted/Saisarath/stuff/MRM/mrm_irc_2026/install/gps:/home/exhausted/Saisarath/stuff/MRM/mrm_irc_2026/install/ex_imu:/home/exhausted/Saisarath/stuff/MRM/ros_ws3/install/image_processing:/home/exhausted/Saisarath/stuff/MRM/ros_ws3/install/gps:/opt/ros/humble LD_LIBRARY_PATH=/home/exhausted/Saisarath/stuff/MRM/mrm_irc_2026/mrm_irc_2026/install/custom_msgs/lib:${LD_LIBRARY_PATH} PYTHONPATH=/home/exhausted/Saisarath/stuff/MRM/mrm_irc_2026/mrm_irc_2026/install/custom_msgs/local/lib/python3.10/dist-packages:${PYTHONPATH} /usr/bin/cmake /home/exhausted/Saisarath/stuff/MRM/mrm_irc_2026/mrm_irc_2026/planner -DCMAKE_INSTALL_PREFIX=/home/exhausted/Saisarath/stuff/MRM/mrm_irc_2026/mrm_irc_2026/install/planner
[4.282s] INFO:colcon.colcon_core.task.python.build:Building Python package in '/home/exhausted/Saisarath/stuff/MRM/mrm_irc_2026/mrm_irc_2026/yolo'
[4.282s] INFO:colcon.colcon_core.shell:Skip shell extension 'powershell' for command environment: Not usable outside of PowerShell
[4.282s] DEBUG:colcon.colcon_core.shell:Skip shell extension 'dsv' for command environment
[4.735s] DEBUG:colcon.colcon_core.event_handler.log_command:Invoking command in '/home/exhausted/Saisarath/stuff/MRM/mrm_irc_2026/mrm_irc_2026/yolo': AMENT_PREFIX_PATH=/home/exhausted/Saisarath/stuff/MRM/mrm_irc_2026/mrm_irc_2026/install/custom_msgs:${AMENT_PREFIX_PATH} CMAKE_PREFIX_PATH=/home/exhausted/Saisarath/stuff/MRM/mrm_irc_2026/mrm_irc_2026/install/custom_msgs:${CMAKE_PREFIX_PATH} LD_LIBRARY_PATH=/home/exhausted/Saisarath/stuff/MRM/mrm_irc_2026/mrm_irc_2026/install/custom_msgs/lib:${LD_LIBRARY_PATH} PYTHONPATH=/home/exhausted/Saisarath/stuff/MRM/mrm_irc_2026/mrm_irc_2026/build/yolo/prefix_override:/usr/lib/python3/dist-packages/colcon_core/task/python/colcon_distutils_commands:/home/exhausted/Saisarath/stuff/MRM/mrm_irc_2026/mrm_irc_2026/install/yolo/lib/python3.10/site-packages:/home/exhausted/Saisarath/stuff/MRM/mrm_irc_2026/mrm_irc_2026/install/custom_msgs/local/lib/python3.10/dist-packages:${PYTHONPATH} /usr/bin/python3 -W ignore:setup.py install is deprecated -W ignore:easy_install command is deprecated setup.py egg_info --egg-base ../build/yolo build --build-base /home/exhausted/Saisarath/stuff/MRM/mrm_irc_2026/mrm_irc_2026/build/yolo/build install --record /home/exhausted/Saisarath/stuff/MRM/mrm_irc_2026/mrm_irc_2026/build/yolo/install.log --single-version-externally-managed install_data
[4.736s] DEBUG:colcon.colcon_core.event_handler.log_command:Invoking command in '/home/exhausted/Saisarath/stuff/MRM/mrm_irc_2026/mrm_irc_2026/ex_imu': AMENT_PREFIX_PATH=/home/exhausted/Saisarath/stuff/MRM/mrm_irc_2026/mrm_irc_2026/install/custom_msgs:${AMENT_PREFIX_PATH} CMAKE_PREFIX_PATH=/home/exhausted/Saisarath/stuff/MRM/mrm_irc_2026/mrm_irc_2026/install/custom_msgs:${CMAKE_PREFIX_PATH} LD_LIBRARY_PATH=/home/exhausted/Saisarath/stuff/MRM/mrm_irc_2026/mrm_irc_2026/install/custom_msgs/lib:${LD_LIBRARY_PATH} PYTHONPATH=/home/exhausted/Saisarath/stuff/MRM/mrm_irc_2026/mrm_irc_2026/build/ex_imu/prefix_override:/usr/lib/python3/dist-packages/colcon_core/task/python/colcon_distutils_commands:/home/exhausted/Saisarath/stuff/MRM/mrm_irc_2026/mrm_irc_2026/install/ex_imu/lib/python3.10/site-packages:/home/exhausted/Saisarath/stuff/MRM/mrm_irc_2026/mrm_irc_2026/install/custom_msgs/local/lib/python3.10/dist-packages:${PYTHONPATH} /usr/bin/python3 -W ignore:setup.py install is deprecated -W ignore:easy_install command is deprecated setup.py egg_info --egg-base ../build/ex_imu build --build-base /home/exhausted/Saisarath/stuff/MRM/mrm_irc_2026/mrm_irc_2026/build/ex_imu/build install --record /home/exhausted/Saisarath/stuff/MRM/mrm_irc_2026/mrm_irc_2026/build/ex_imu/install.log --single-version-externally-managed install_data
[5.100s] Level 1:colcon.colcon_core.environment:checking '/home/exhausted/Saisarath/stuff/MRM/mrm_irc_2026/mrm_irc_2026/install/ex_imu' for CMake module files
[5.100s] DEBUG:colcon.colcon_core.event_handler.log_command:Invoked command in '/home/exhausted/Saisarath/stuff/MRM/mrm_irc_2026/mrm_irc_2026/ex_imu' returned '0': AMENT_PREFIX_PATH=/home/exhausted/Saisarath/stuff/MRM/mrm_irc_2026/mrm_irc_2026/install/custom_msgs:${AMENT_PREFIX_PATH} CMAKE_PREFIX_PATH=/home/exhausted/Saisarath/stuff/MRM/mrm_irc_2026/mrm_irc_2026/install/custom_msgs:${CMAKE_PREFIX_PATH} LD_LIBRARY_PATH=/home/exhausted/Saisarath/stuff/MRM/mrm_irc_2026/mrm_irc_2026/install/custom_msgs/lib:${LD_LIBRARY_PATH} PYTHONPATH=/home/exhausted/Saisarath/stuff/MRM/mrm_irc_2026/mrm_irc_2026/build/ex_imu/prefix_override:/usr/lib/python3/dist-packages/colcon_core/task/python/colcon_distutils_commands:/home/exhausted/Saisarath/stuff/MRM/mrm_irc_2026/mrm_irc_2026/install/ex_imu/lib/python3.10/site-packages:/home/exhausted/Saisarath/stuff/MRM/mrm_irc_2026/mrm_irc_2026/install/custom_msgs/local/lib/python3.10/dist-packages:${PYTHONPATH} /usr/bin/python3 -W ignore:setup.py install is deprecated -W ignore:easy_install command is deprecated setup.py egg_info --egg-base ../build/ex_imu build --build-base /home/exhausted/Saisarath/stuff/MRM/mrm_irc_2026/mrm_irc_2026/build/ex_imu/build install --record /home/exhausted/Saisarath/stuff/MRM/mrm_irc_2026/mrm_irc_2026/build/ex_imu/install.log --single-version-externally-managed install_data
[5.100s] Level 1:colcon.colcon_core.environment:checking '/home/exhausted/Saisarath/stuff/MRM/mrm_irc_2026/mrm_irc_2026/install/ex_imu' for CMake config files
[5.100s] Level 1:colcon.colcon_core.environment:checking '/home/exhausted/Saisarath/stuff/MRM/mrm_irc_2026/mrm_irc_2026/install/ex_imu/lib'
[5.101s] Level 1:colcon.colcon_core.environment:checking '/home/exhausted/Saisarath/stuff/MRM/mrm_irc_2026/mrm_irc_2026/install/ex_imu/bin'
[5.101s] Level 1:colcon.colcon_core.environment:checking '/home/exhausted/Saisarath/stuff/MRM/mrm_irc_2026/mrm_irc_2026/install/ex_imu/lib/pkgconfig/ex_imu.pc'
[5.101s] Level 1:colcon.colcon_core.environment:checking '/home/exhausted/Saisarath/stuff/MRM/mrm_irc_2026/mrm_irc_2026/install/ex_imu/lib/python3.10/site-packages'
[5.101s] Level 1:colcon.colcon_core.shell:create_environment_hook('ex_imu', 'pythonpath')
[5.101s] INFO:colcon.colcon_core.shell:Creating environment hook '/home/exhausted/Saisarath/stuff/MRM/mrm_irc_2026/mrm_irc_2026/install/ex_imu/share/ex_imu/hook/pythonpath.ps1'
[5.101s] INFO:colcon.colcon_core.shell:Creating environment descriptor '/home/exhausted/Saisarath/stuff/MRM/mrm_irc_2026/mrm_irc_2026/install/ex_imu/share/ex_imu/hook/pythonpath.dsv'
[5.101s] INFO:colcon.colcon_core.shell:Creating environment hook '/home/exhausted/Saisarath/stuff/MRM/mrm_irc_2026/mrm_irc_2026/install/ex_imu/share/ex_imu/hook/pythonpath.sh'
[5.102s] Level 1:colcon.colcon_core.environment:checking '/home/exhausted/Saisarath/stuff/MRM/mrm_irc_2026/mrm_irc_2026/install/ex_imu/bin'
[5.102s] Level 1:colcon.colcon_core.environment:create_environment_scripts_only(ex_imu)
[5.102s] INFO:colcon.colcon_core.shell:Creating package script '/home/exhausted/Saisarath/stuff/MRM/mrm_irc_2026/mrm_irc_2026/install/ex_imu/share/ex_imu/package.ps1'
[5.102s] INFO:colcon.colcon_core.shell:Creating package descriptor '/home/exhausted/Saisarath/stuff/MRM/mrm_irc_2026/mrm_irc_2026/install/ex_imu/share/ex_imu/package.dsv'
[5.103s] INFO:colcon.colcon_core.shell:Creating package script '/home/exhausted/Saisarath/stuff/MRM/mrm_irc_2026/mrm_irc_2026/install/ex_imu/share/ex_imu/package.sh'
[5.103s] INFO:colcon.colcon_core.shell:Creating package script '/home/exhausted/Saisarath/stuff/MRM/mrm_irc_2026/mrm_irc_2026/install/ex_imu/share/ex_imu/package.bash'
[5.103s] INFO:colcon.colcon_core.shell:Creating package script '/home/exhausted/Saisarath/stuff/MRM/mrm_irc_2026/mrm_irc_2026/install/ex_imu/share/ex_imu/package.zsh'
[5.103s] Level 1:colcon.colcon_core.environment:create_file_with_runtime_dependencies(/home/exhausted/Saisarath/stuff/MRM/mrm_irc_2026/mrm_irc_2026/install/ex_imu/share/colcon-core/packages/ex_imu)
[5.109s] Level 1:colcon.colcon_core.environment:checking '/home/exhausted/Saisarath/stuff/MRM/mrm_irc_2026/mrm_irc_2026/install/yolo' for CMake module files
[5.109s] DEBUG:colcon.colcon_core.event_handler.log_command:Invoked command in '/home/exhausted/Saisarath/stuff/MRM/mrm_irc_2026/mrm_irc_2026/yolo' returned '0': AMENT_PREFIX_PATH=/home/exhausted/Saisarath/stuff/MRM/mrm_irc_2026/mrm_irc_2026/install/custom_msgs:${AMENT_PREFIX_PATH} CMAKE_PREFIX_PATH=/home/exhausted/Saisarath/stuff/MRM/mrm_irc_2026/mrm_irc_2026/install/custom_msgs:${CMAKE_PREFIX_PATH} LD_LIBRARY_PATH=/home/exhausted/Saisarath/stuff/MRM/mrm_irc_2026/mrm_irc_2026/install/custom_msgs/lib:${LD_LIBRARY_PATH} PYTHONPATH=/home/exhausted/Saisarath/stuff/MRM/mrm_irc_2026/mrm_irc_2026/build/yolo/prefix_override:/usr/lib/python3/dist-packages/colcon_core/task/python/colcon_distutils_commands:/home/exhausted/Saisarath/stuff/MRM/mrm_irc_2026/mrm_irc_2026/install/yolo/lib/python3.10/site-packages:/home/exhausted/Saisarath/stuff/MRM/mrm_irc_2026/mrm_irc_2026/install/custom_msgs/local/lib/python3.10/dist-packages:${PYTHONPATH} /usr/bin/python3 -W ignore:setup.py install is deprecated -W ignore:easy_install command is deprecated setup.py egg_info --egg-base ../build/yolo build --build-base /home/exhausted/Saisarath/stuff/MRM/mrm_irc_2026/mrm_irc_2026/build/yolo/build install --record /home/exhausted/Saisarath/stuff/MRM/mrm_irc_2026/mrm_irc_2026/build/yolo/install.log --single-version-externally-managed install_data
[5.110s] Level 1:colcon.colcon_core.environment:checking '/home/exhausted/Saisarath/stuff/MRM/mrm_irc_2026/mrm_irc_2026/install/yolo' for CMake config files
[5.110s] Level 1:colcon.colcon_core.environment:checking '/home/exhausted/Saisarath/stuff/MRM/mrm_irc_2026/mrm_irc_2026/install/yolo/lib'
[5.110s] Level 1:colcon.colcon_core.environment:checking '/home/exhausted/Saisarath/stuff/MRM/mrm_irc_2026/mrm_irc_2026/install/yolo/bin'
[5.110s] Level 1:colcon.colcon_core.environment:checking '/home/exhausted/Saisarath/stuff/MRM/mrm_irc_2026/mrm_irc_2026/install/yolo/lib/pkgconfig/yolo.pc'
[5.110s] Level 1:colcon.colcon_core.environment:checking '/home/exhausted/Saisarath/stuff/MRM/mrm_irc_2026/mrm_irc_2026/install/yolo/lib/python3.10/site-packages'
[5.110s] Level 1:colcon.colcon_core.shell:create_environment_hook('yolo', 'pythonpath')
[5.110s] INFO:colcon.colcon_core.shell:Creating environment hook '/home/exhausted/Saisarath/stuff/MRM/mrm_irc_2026/mrm_irc_2026/install/yolo/share/yolo/hook/pythonpath.ps1'
[5.111s] INFO:colcon.colcon_core.shell:Creating environment descriptor '/home/exhausted/Saisarath/stuff/MRM/mrm_irc_2026/mrm_irc_2026/install/yolo/share/yolo/hook/pythonpath.dsv'
[5.111s] INFO:colcon.colcon_core.shell:Creating environment hook '/home/exhausted/Saisarath/stuff/MRM/mrm_irc_2026/mrm_irc_2026/install/yolo/share/yolo/hook/pythonpath.sh'
[5.111s] Level 1:colcon.colcon_core.environment:checking '/home/exhausted/Saisarath/stuff/MRM/mrm_irc_2026/mrm_irc_2026/install/yolo/bin'
[5.111s] Level 1:colcon.colcon_core.environment:create_environment_scripts_only(yolo)
[5.111s] INFO:colcon.colcon_core.shell:Creating package script '/home/exhausted/Saisarath/stuff/MRM/mrm_irc_2026/mrm_irc_2026/install/yolo/share/yolo/package.ps1'
[5.112s] INFO:colcon.colcon_core.shell:Creating package descriptor '/home/exhausted/Saisarath/stuff/MRM/mrm_irc_2026/mrm_irc_2026/install/yolo/share/yolo/package.dsv'
[5.112s] INFO:colcon.colcon_core.shell:Creating package script '/home/exhausted/Saisarath/stuff/MRM/mrm_irc_2026/mrm_irc_2026/install/yolo/share/yolo/package.sh'
[5.112s] INFO:colcon.colcon_core.shell:Creating package script '/home/exhausted/Saisarath/stuff/MRM/mrm_irc_2026/mrm_irc_2026/install/yolo/share/yolo/package.bash'
[5.112s] INFO:colcon.colcon_core.shell:Creating package script '/home/exhausted/Saisarath/stuff/MRM/mrm_irc_2026/mrm_irc_2026/install/yolo/share/yolo/package.zsh'
[5.112s] Level 1:colcon.colcon_core.environment:create_file_with_runtime_dependencies(/home/exhausted/Saisarath/stuff/MRM/mrm_irc_2026/mrm_irc_2026/install/yolo/share/colcon-core/packages/yolo)
[7.078s] DEBUG:colcon.colcon_core.event_handler.log_command:Invoked command in '/home/exhausted/Saisarath/stuff/MRM/mrm_irc_2026/mrm_irc_2026/build/planner' returned '0': AMENT_PREFIX_PATH=/home/exhausted/Saisarath/stuff/MRM/mrm_irc_2026/mrm_irc_2026/install/custom_msgs:${AMENT_PREFIX_PATH} CMAKE_PREFIX_PATH=/home/exhausted/Saisarath/stuff/MRM/mrm_irc_2026/mrm_irc_2026/install/custom_msgs:/home/exhausted/Saisarath/stuff/MRM/URDF_WS/install/urdf_test:/home/exhausted/Saisarath/stuff/MRM/URDF_WS/install/robot_wheel:/home/exhausted/Saisarath/stuff/MRM/URDF_WS/install/gui:/home/exhausted/Saisarath/stuff/MRM/URDF_WS/install/gazebo_test:/home/exhausted/Saisarath/stuff/MRM/URDF_WS/install/custom_messsages_interface:/home/exhausted/Saisarath/stuff/MRM/URDF_WS/install/arm_robot:/home/exhausted/Saisarath/stuff/MRM/mrm_irc_2026/install/planner:/home/exhausted/Saisarath/stuff/MRM/mrm_irc_2026/install/custom_msgs:/home/exhausted/Saisarath/stuff/MRM/ros_ws3/install/planner_test:/home/exhausted/Saisarath/stuff/MRM/ros_ws3/install/planner:/home/exhausted/Saisarath/stuff/MRM/ros_ws3/install/robot_interface:/home/exhausted/Saisarath/stuff/MRM/ros_ws3/install/pcl_od:/home/exhausted/Saisarath/stuff/MRM/ros_ws3/install/gui_comm_prot:/home/exhausted/Saisarath/stuff/MRM/ros_ws3/install/custom_msgs:/home/exhausted/Saisarath/stuff/MRM/ros_nav2_pleasework/install/navigation_woho:/home/exhausted/zed_wrapper/install/zed_ros2:/home/exhausted/zed_wrapper/install/zed_wrapper:/home/exhausted/zed_wrapper/install/zed_components:/home/exhausted/Saisarath/stuff/MRM/URDF_WS/install/open_cv_stuff:/home/exhausted/Saisarath/stuff/MRM/mrm_irc_2026/install/yolo:/home/exhausted/Saisarath/stuff/MRM/mrm_irc_2026/install/gps:/home/exhausted/Saisarath/stuff/MRM/mrm_irc_2026/install/ex_imu:/home/exhausted/Saisarath/stuff/MRM/ros_ws3/install/image_processing:/home/exhausted/Saisarath/stuff/MRM/ros_ws3/install/gps:/opt/ros/humble LD_LIBRARY_PATH=/home/exhausted/Saisarath/stuff/MRM/mrm_irc_2026/mrm_irc_2026/install/custom_msgs/lib:${LD_LIBRARY_PATH} PYTHONPATH=/home/exhausted/Saisarath/stuff/MRM/mrm_irc_2026/mrm_irc_2026/install/custom_msgs/local/lib/python3.10/dist-packages:${PYTHONPATH} /usr/bin/cmake /home/exhausted/Saisarath/stuff/MRM/mrm_irc_2026/mrm_irc_2026/planner -DCMAKE_INSTALL_PREFIX=/home/exhausted/Saisarath/stuff/MRM/mrm_irc_2026/mrm_irc_2026/install/planner
[7.079s] DEBUG:colcon.colcon_core.event_handler.log_command:Invoking command in '/home/exhausted/Saisarath/stuff/MRM/mrm_irc_2026/mrm_irc_2026/build/planner': AMENT_PREFIX_PATH=/home/exhausted/Saisarath/stuff/MRM/mrm_irc_2026/mrm_irc_2026/install/custom_msgs:${AMENT_PREFIX_PATH} CMAKE_PREFIX_PATH=/home/exhausted/Saisarath/stuff/MRM/mrm_irc_2026/mrm_irc_2026/install/custom_msgs:/home/exhausted/Saisarath/stuff/MRM/URDF_WS/install/urdf_test:/home/exhausted/Saisarath/stuff/MRM/URDF_WS/install/robot_wheel:/home/exhausted/Saisarath/stuff/MRM/URDF_WS/install/gui:/home/exhausted/Saisarath/stuff/MRM/URDF_WS/install/gazebo_test:/home/exhausted/Saisarath/stuff/MRM/URDF_WS/install/custom_messsages_interface:/home/exhausted/Saisarath/stuff/MRM/URDF_WS/install/arm_robot:/home/exhausted/Saisarath/stuff/MRM/mrm_irc_2026/install/planner:/home/exhausted/Saisarath/stuff/MRM/mrm_irc_2026/install/custom_msgs:/home/exhausted/Saisarath/stuff/MRM/ros_ws3/install/planner_test:/home/exhausted/Saisarath/stuff/MRM/ros_ws3/install/planner:/home/exhausted/Saisarath/stuff/MRM/ros_ws3/install/robot_interface:/home/exhausted/Saisarath/stuff/MRM/ros_ws3/install/pcl_od:/home/exhausted/Saisarath/stuff/MRM/ros_ws3/install/gui_comm_prot:/home/exhausted/Saisarath/stuff/MRM/ros_ws3/install/custom_msgs:/home/exhausted/Saisarath/stuff/MRM/ros_nav2_pleasework/install/navigation_woho:/home/exhausted/zed_wrapper/install/zed_ros2:/home/exhausted/zed_wrapper/install/zed_wrapper:/home/exhausted/zed_wrapper/install/zed_components:/home/exhausted/Saisarath/stuff/MRM/URDF_WS/install/open_cv_stuff:/home/exhausted/Saisarath/stuff/MRM/mrm_irc_2026/install/yolo:/home/exhausted/Saisarath/stuff/MRM/mrm_irc_2026/install/gps:/home/exhausted/Saisarath/stuff/MRM/mrm_irc_2026/install/ex_imu:/home/exhausted/Saisarath/stuff/MRM/ros_ws3/install/image_processing:/home/exhausted/Saisarath/stuff/MRM/ros_ws3/install/gps:/opt/ros/humble LD_LIBRARY_PATH=/home/exhausted/Saisarath/stuff/MRM/mrm_irc_2026/mrm_irc_2026/install/custom_msgs/lib:${LD_LIBRARY_PATH} PYTHONPATH=/home/exhausted/Saisarath/stuff/MRM/mrm_irc_2026/mrm_irc_2026/install/custom_msgs/local/lib/python3.10/dist-packages:${PYTHONPATH} /usr/bin/cmake --build /home/exhausted/Saisarath/stuff/MRM/mrm_irc_2026/mrm_irc_2026/build/planner -- -j16 -l16
[24.196s] DEBUG:colcon.colcon_core.event_handler.log_command:Invoked command in '/home/exhausted/Saisarath/stuff/MRM/mrm_irc_2026/mrm_irc_2026/build/planner' returned '0': AMENT_PREFIX_PATH=/home/exhausted/Saisarath/stuff/MRM/mrm_irc_2026/mrm_irc_2026/install/custom_msgs:${AMENT_PREFIX_PATH} CMAKE_PREFIX_PATH=/home/exhausted/Saisarath/stuff/MRM/mrm_irc_2026/mrm_irc_2026/install/custom_msgs:/home/exhausted/Saisarath/stuff/MRM/URDF_WS/install/urdf_test:/home/exhausted/Saisarath/stuff/MRM/URDF_WS/install/robot_wheel:/home/exhausted/Saisarath/stuff/MRM/URDF_WS/install/gui:/home/exhausted/Saisarath/stuff/MRM/URDF_WS/install/gazebo_test:/home/exhausted/Saisarath/stuff/MRM/URDF_WS/install/custom_messsages_interface:/home/exhausted/Saisarath/stuff/MRM/URDF_WS/install/arm_robot:/home/exhausted/Saisarath/stuff/MRM/mrm_irc_2026/install/planner:/home/exhausted/Saisarath/stuff/MRM/mrm_irc_2026/install/custom_msgs:/home/exhausted/Saisarath/stuff/MRM/ros_ws3/install/planner_test:/home/exhausted/Saisarath/stuff/MRM/ros_ws3/install/planner:/home/exhausted/Saisarath/stuff/MRM/ros_ws3/install/robot_interface:/home/exhausted/Saisarath/stuff/MRM/ros_ws3/install/pcl_od:/home/exhausted/Saisarath/stuff/MRM/ros_ws3/install/gui_comm_prot:/home/exhausted/Saisarath/stuff/MRM/ros_ws3/install/custom_msgs:/home/exhausted/Saisarath/stuff/MRM/ros_nav2_pleasework/install/navigation_woho:/home/exhausted/zed_wrapper/install/zed_ros2:/home/exhausted/zed_wrapper/install/zed_wrapper:/home/exhausted/zed_wrapper/install/zed_components:/home/exhausted/Saisarath/stuff/MRM/URDF_WS/install/open_cv_stuff:/home/exhausted/Saisarath/stuff/MRM/mrm_irc_2026/install/yolo:/home/exhausted/Saisarath/stuff/MRM/mrm_irc_2026/install/gps:/home/exhausted/Saisarath/stuff/MRM/mrm_irc_2026/install/ex_imu:/home/exhausted/Saisarath/stuff/MRM/ros_ws3/install/image_processing:/home/exhausted/Saisarath/stuff/MRM/ros_ws3/install/gps:/opt/ros/humble LD_LIBRARY_PATH=/home/exhausted/Saisarath/stuff/MRM/mrm_irc_2026/mrm_irc_2026/install/custom_msgs/lib:${LD_LIBRARY_PATH} PYTHONPATH=/home/exhausted/Saisarath/stuff/MRM/mrm_irc_2026/mrm_irc_2026/install/custom_msgs/local/lib/python3.10/dist-packages:${PYTHONPATH} /usr/bin/cmake --build /home/exhausted/Saisarath/stuff/MRM/mrm_irc_2026/mrm_irc_2026/build/planner -- -j16 -l16
[24.198s] DEBUG:colcon.colcon_core.event_handler.log_command:Invoking command in '/home/exhausted/Saisarath/stuff/MRM/mrm_irc_2026/mrm_irc_2026/build/planner': AMENT_PREFIX_PATH=/home/exhausted/Saisarath/stuff/MRM/mrm_irc_2026/mrm_irc_2026/install/custom_msgs:${AMENT_PREFIX_PATH} CMAKE_PREFIX_PATH=/home/exhausted/Saisarath/stuff/MRM/mrm_irc_2026/mrm_irc_2026/install/custom_msgs:/home/exhausted/Saisarath/stuff/MRM/URDF_WS/install/urdf_test:/home/exhausted/Saisarath/stuff/MRM/URDF_WS/install/robot_wheel:/home/exhausted/Saisarath/stuff/MRM/URDF_WS/install/gui:/home/exhausted/Saisarath/stuff/MRM/URDF_WS/install/gazebo_test:/home/exhausted/Saisarath/stuff/MRM/URDF_WS/install/custom_messsages_interface:/home/exhausted/Saisarath/stuff/MRM/URDF_WS/install/arm_robot:/home/exhausted/Saisarath/stuff/MRM/mrm_irc_2026/install/planner:/home/exhausted/Saisarath/stuff/MRM/mrm_irc_2026/install/custom_msgs:/home/exhausted/Saisarath/stuff/MRM/ros_ws3/install/planner_test:/home/exhausted/Saisarath/stuff/MRM/ros_ws3/install/planner:/home/exhausted/Saisarath/stuff/MRM/ros_ws3/install/robot_interface:/home/exhausted/Saisarath/stuff/MRM/ros_ws3/install/pcl_od:/home/exhausted/Saisarath/stuff/MRM/ros_ws3/install/gui_comm_prot:/home/exhausted/Saisarath/stuff/MRM/ros_ws3/install/custom_msgs:/home/exhausted/Saisarath/stuff/MRM/ros_nav2_pleasework/install/navigation_woho:/home/exhausted/zed_wrapper/install/zed_ros2:/home/exhausted/zed_wrapper/install/zed_wrapper:/home/exhausted/zed_wrapper/install/zed_components:/home/exhausted/Saisarath/stuff/MRM/URDF_WS/install/open_cv_stuff:/home/exhausted/Saisarath/stuff/MRM/mrm_irc_2026/install/yolo:/home/exhausted/Saisarath/stuff/MRM/mrm_irc_2026/install/gps:/home/exhausted/Saisarath/stuff/MRM/mrm_irc_2026/install/ex_imu:/home/exhausted/Saisarath/stuff/MRM/ros_ws3/install/image_processing:/home/exhausted/Saisarath/stuff/MRM/ros_ws3/install/gps:/opt/ros/humble LD_LIBRARY_PATH=/home/exhausted/Saisarath/stuff/MRM/mrm_irc_2026/mrm_irc_2026/install/custom_msgs/lib:${LD_LIBRARY_PATH} PYTHONPATH=/home/exhausted/Saisarath/stuff/MRM/mrm_irc_2026/mrm_irc_2026/install/custom_msgs/local/lib/python3.10/dist-packages:${PYTHONPATH} /usr/bin/cmake --install /home/exhausted/Saisarath/stuff/MRM/mrm_irc_2026/mrm_irc_2026/build/planner
[24.224s] Level 1:colcon.colcon_core.environment:create_environment_scripts_only(planner)
[24.224s] DEBUG:colcon.colcon_core.event_handler.log_command:Invoked command in '/home/exhausted/Saisarath/stuff/MRM/mrm_irc_2026/mrm_irc_2026/build/planner' returned '0': AMENT_PREFIX_PATH=/home/exhausted/Saisarath/stuff/MRM/mrm_irc_2026/mrm_irc_2026/install/custom_msgs:${AMENT_PREFIX_PATH} CMAKE_PREFIX_PATH=/home/exhausted/Saisarath/stuff/MRM/mrm_irc_2026/mrm_irc_2026/install/custom_msgs:/home/exhausted/Saisarath/stuff/MRM/URDF_WS/install/urdf_test:/home/exhausted/Saisarath/stuff/MRM/URDF_WS/install/robot_wheel:/home/exhausted/Saisarath/stuff/MRM/URDF_WS/install/gui:/home/exhausted/Saisarath/stuff/MRM/URDF_WS/install/gazebo_test:/home/exhausted/Saisarath/stuff/MRM/URDF_WS/install/custom_messsages_interface:/home/exhausted/Saisarath/stuff/MRM/URDF_WS/install/arm_robot:/home/exhausted/Saisarath/stuff/MRM/mrm_irc_2026/install/planner:/home/exhausted/Saisarath/stuff/MRM/mrm_irc_2026/install/custom_msgs:/home/exhausted/Saisarath/stuff/MRM/ros_ws3/install/planner_test:/home/exhausted/Saisarath/stuff/MRM/ros_ws3/install/planner:/home/exhausted/Saisarath/stuff/MRM/ros_ws3/install/robot_interface:/home/exhausted/Saisarath/stuff/MRM/ros_ws3/install/pcl_od:/home/exhausted/Saisarath/stuff/MRM/ros_ws3/install/gui_comm_prot:/home/exhausted/Saisarath/stuff/MRM/ros_ws3/install/custom_msgs:/home/exhausted/Saisarath/stuff/MRM/ros_nav2_pleasework/install/navigation_woho:/home/exhausted/zed_wrapper/install/zed_ros2:/home/exhausted/zed_wrapper/install/zed_wrapper:/home/exhausted/zed_wrapper/install/zed_components:/home/exhausted/Saisarath/stuff/MRM/URDF_WS/install/open_cv_stuff:/home/exhausted/Saisarath/stuff/MRM/mrm_irc_2026/install/yolo:/home/exhausted/Saisarath/stuff/MRM/mrm_irc_2026/install/gps:/home/exhausted/Saisarath/stuff/MRM/mrm_irc_2026/install/ex_imu:/home/exhausted/Saisarath/stuff/MRM/ros_ws3/install/image_processing:/home/exhausted/Saisarath/stuff/MRM/ros_ws3/install/gps:/opt/ros/humble LD_LIBRARY_PATH=/home/exhausted/Saisarath/stuff/MRM/mrm_irc_2026/mrm_irc_2026/install/custom_msgs/lib:${LD_LIBRARY_PATH} PYTHONPATH=/home/exhausted/Saisarath/stuff/MRM/mrm_irc_2026/mrm_irc_2026/install/custom_msgs/local/lib/python3.10/dist-packages:${PYTHONPATH} /usr/bin/cmake --install /home/exhausted/Saisarath/stuff/MRM/mrm_irc_2026/mrm_irc_2026/build/planner
[24.225s] Level 1:colcon.colcon_core.environment:checking '/home/exhausted/Saisarath/stuff/MRM/mrm_irc_2026/mrm_irc_2026/install/planner' for CMake module files
[24.225s] Level 1:colcon.colcon_core.environment:checking '/home/exhausted/Saisarath/stuff/MRM/mrm_irc_2026/mrm_irc_2026/install/planner' for CMake config files
[24.226s] Level 1:colcon.colcon_core.shell:create_environment_hook('planner', 'cmake_prefix_path')
[24.226s] INFO:colcon.colcon_core.shell:Creating environment hook '/home/exhausted/Saisarath/stuff/MRM/mrm_irc_2026/mrm_irc_2026/install/planner/share/planner/hook/cmake_prefix_path.ps1'
[24.226s] INFO:colcon.colcon_core.shell:Creating environment descriptor '/home/exhausted/Saisarath/stuff/MRM/mrm_irc_2026/mrm_irc_2026/install/planner/share/planner/hook/cmake_prefix_path.dsv'
[24.226s] INFO:colcon.colcon_core.shell:Creating environment hook '/home/exhausted/Saisarath/stuff/MRM/mrm_irc_2026/mrm_irc_2026/install/planner/share/planner/hook/cmake_prefix_path.sh'
[24.227s] Level 1:colcon.colcon_core.environment:checking '/home/exhausted/Saisarath/stuff/MRM/mrm_irc_2026/mrm_irc_2026/install/planner/lib'
[24.227s] Level 1:colcon.colcon_core.environment:checking '/home/exhausted/Saisarath/stuff/MRM/mrm_irc_2026/mrm_irc_2026/install/planner/bin'
[24.227s] Level 1:colcon.colcon_core.environment:checking '/home/exhausted/Saisarath/stuff/MRM/mrm_irc_2026/mrm_irc_2026/install/planner/lib/pkgconfig/planner.pc'
[24.227s] Level 1:colcon.colcon_core.environment:checking '/home/exhausted/Saisarath/stuff/MRM/mrm_irc_2026/mrm_irc_2026/install/planner/lib/python3.10/site-packages'
[24.227s] Level 1:colcon.colcon_core.environment:checking '/home/exhausted/Saisarath/stuff/MRM/mrm_irc_2026/mrm_irc_2026/install/planner/bin'
[24.227s] INFO:colcon.colcon_core.shell:Creating package script '/home/exhausted/Saisarath/stuff/MRM/mrm_irc_2026/mrm_irc_2026/install/planner/share/planner/package.ps1'
[24.228s] INFO:colcon.colcon_core.shell:Creating package descriptor '/home/exhausted/Saisarath/stuff/MRM/mrm_irc_2026/mrm_irc_2026/install/planner/share/planner/package.dsv'
[24.228s] INFO:colcon.colcon_core.shell:Creating package script '/home/exhausted/Saisarath/stuff/MRM/mrm_irc_2026/mrm_irc_2026/install/planner/share/planner/package.sh'
[24.228s] INFO:colcon.colcon_core.shell:Creating package script '/home/exhausted/Saisarath/stuff/MRM/mrm_irc_2026/mrm_irc_2026/install/planner/share/planner/package.bash'
[24.228s] INFO:colcon.colcon_core.shell:Creating package script '/home/exhausted/Saisarath/stuff/MRM/mrm_irc_2026/mrm_irc_2026/install/planner/share/planner/package.zsh'
[24.228s] Level 1:colcon.colcon_core.environment:create_file_with_runtime_dependencies(/home/exhausted/Saisarath/stuff/MRM/mrm_irc_2026/mrm_irc_2026/install/planner/share/colcon-core/packages/planner)
[24.229s] Level 1:colcon.colcon_core.environment:create_environment_scripts_only(planner)
[24.229s] Level 1:colcon.colcon_core.environment:checking '/home/exhausted/Saisarath/stuff/MRM/mrm_irc_2026/mrm_irc_2026/install/planner' for CMake module files
[24.229s] Level 1:colcon.colcon_core.environment:checking '/home/exhausted/Saisarath/stuff/MRM/mrm_irc_2026/mrm_irc_2026/install/planner' for CMake config files
[24.229s] Level 1:colcon.colcon_core.shell:create_environment_hook('planner', 'cmake_prefix_path')
[24.229s] INFO:colcon.colcon_core.shell:Creating environment hook '/home/exhausted/Saisarath/stuff/MRM/mrm_irc_2026/mrm_irc_2026/install/planner/share/planner/hook/cmake_prefix_path.ps1'
[24.229s] INFO:colcon.colcon_core.shell:Creating environment descriptor '/home/exhausted/Saisarath/stuff/MRM/mrm_irc_2026/mrm_irc_2026/install/planner/share/planner/hook/cmake_prefix_path.dsv'
[24.230s] INFO:colcon.colcon_core.shell:Creating environment hook '/home/exhausted/Saisarath/stuff/MRM/mrm_irc_2026/mrm_irc_2026/install/planner/share/planner/hook/cmake_prefix_path.sh'
[24.230s] Level 1:colcon.colcon_core.environment:checking '/home/exhausted/Saisarath/stuff/MRM/mrm_irc_2026/mrm_irc_2026/install/planner/lib'
[24.230s] Level 1:colcon.colcon_core.environment:checking '/home/exhausted/Saisarath/stuff/MRM/mrm_irc_2026/mrm_irc_2026/install/planner/bin'
[24.230s] Level 1:colcon.colcon_core.environment:checking '/home/exhausted/Saisarath/stuff/MRM/mrm_irc_2026/mrm_irc_2026/install/planner/lib/pkgconfig/planner.pc'
[24.230s] Level 1:colcon.colcon_core.environment:checking '/home/exhausted/Saisarath/stuff/MRM/mrm_irc_2026/mrm_irc_2026/install/planner/lib/python3.10/site-packages'
[24.230s] Level 1:colcon.colcon_core.environment:checking '/home/exhausted/Saisarath/stuff/MRM/mrm_irc_2026/mrm_irc_2026/install/planner/bin'
[24.230s] INFO:colcon.colcon_core.shell:Creating package script '/home/exhausted/Saisarath/stuff/MRM/mrm_irc_2026/mrm_irc_2026/install/planner/share/planner/package.ps1'
[24.231s] INFO:colcon.colcon_core.shell:Creating package descriptor '/home/exhausted/Saisarath/stuff/MRM/mrm_irc_2026/mrm_irc_2026/install/planner/share/planner/package.dsv'
[24.231s] INFO:colcon.colcon_core.shell:Creating package script '/home/exhausted/Saisarath/stuff/MRM/mrm_irc_2026/mrm_irc_2026/install/planner/share/planner/package.sh'
[24.231s] INFO:colcon.colcon_core.shell:Creating package script '/home/exhausted/Saisarath/stuff/MRM/mrm_irc_2026/mrm_irc_2026/install/planner/share/planner/package.bash'
[24.231s] INFO:colcon.colcon_core.shell:Creating package script '/home/exhausted/Saisarath/stuff/MRM/mrm_irc_2026/mrm_irc_2026/install/planner/share/planner/package.zsh'
[24.231s] Level 1:colcon.colcon_core.environment:create_file_with_runtime_dependencies(/home/exhausted/Saisarath/stuff/MRM/mrm_irc_2026/mrm_irc_2026/install/planner/share/colcon-core/packages/planner)
[24.232s] DEBUG:colcon.colcon_parallel_executor.executor.parallel:closing loop
[24.232s] DEBUG:colcon.colcon_parallel_executor.executor.parallel:loop closed
[24.232s] DEBUG:colcon.colcon_parallel_executor.executor.parallel:run_until_complete finished with '0'
[24.232s] DEBUG:colcon.colcon_core.event_reactor:joining thread
[24.238s] INFO:colcon.colcon_core.plugin_system:Skipping extension 'colcon_notification.desktop_notification.terminal_notifier': Not used on non-Darwin systems
[24.238s] INFO:colcon.colcon_core.plugin_system:Skipping extension 'colcon_notification.desktop_notification.win32': Not used on non-Windows systems
[24.238s] INFO:colcon.colcon_notification.desktop_notification:Sending desktop notification using 'notify2'
[24.263s] DEBUG:colcon.colcon_core.event_reactor:joined thread
[24.264s] INFO:colcon.colcon_core.shell:Creating prefix script '/home/exhausted/Saisarath/stuff/MRM/mrm_irc_2026/mrm_irc_2026/install/local_setup.ps1'
[24.265s] INFO:colcon.colcon_core.shell:Creating prefix util module '/home/exhausted/Saisarath/stuff/MRM/mrm_irc_2026/mrm_irc_2026/install/_local_setup_util_ps1.py'
[24.269s] INFO:colcon.colcon_core.shell:Creating prefix chain script '/home/exhausted/Saisarath/stuff/MRM/mrm_irc_2026/mrm_irc_2026/install/setup.ps1'
[24.272s] INFO:colcon.colcon_core.shell:Creating prefix script '/home/exhausted/Saisarath/stuff/MRM/mrm_irc_2026/mrm_irc_2026/install/local_setup.sh'
[24.273s] INFO:colcon.colcon_core.shell:Creating prefix util module '/home/exhausted/Saisarath/stuff/MRM/mrm_irc_2026/mrm_irc_2026/install/_local_setup_util_sh.py'
[24.273s] INFO:colcon.colcon_core.shell:Creating prefix chain script '/home/exhausted/Saisarath/stuff/MRM/mrm_irc_2026/mrm_irc_2026/install/setup.sh'
[24.278s] INFO:colcon.colcon_core.shell:Creating prefix script '/home/exhausted/Saisarath/stuff/MRM/mrm_irc_2026/mrm_irc_2026/install/local_setup.bash'
[24.280s] INFO:colcon.colcon_core.shell:Creating prefix chain script '/home/exhausted/Saisarath/stuff/MRM/mrm_irc_2026/mrm_irc_2026/install/setup.bash'
[24.283s] INFO:colcon.colcon_core.shell:Creating prefix script '/home/exhausted/Saisarath/stuff/MRM/mrm_irc_2026/mrm_irc_2026/install/local_setup.zsh'
[24.284s] INFO:colcon.colcon_core.shell:Creating prefix chain script '/home/exhausted/Saisarath/stuff/MRM/mrm_irc_2026/mrm_irc_2026/install/setup.zsh'
