[0.680s] Invoking command in '/home/exhausted/Saisarath/stuff/MRM/mrm_irc_2026/mrm_irc_2026/gps': PYTHONPATH=/home/exhausted/Saisarath/stuff/MRM/mrm_irc_2026/mrm_irc_2026/build/gps/prefix_override:/usr/lib/python3/dist-packages/colcon_core/task/python/colcon_distutils_commands:/home/exhausted/Saisarath/stuff/MRM/mrm_irc_2026/mrm_irc_2026/install/gps/lib/python3.10/site-packages:${PYTHONPATH} /usr/bin/python3 -W ignore:setup.py install is deprecated -W ignore:easy_install command is deprecated setup.py egg_info --egg-base ../build/gps build --build-base /home/exhausted/Saisarath/stuff/MRM/mrm_irc_2026/mrm_irc_2026/build/gps/build install --record /home/exhausted/Saisarath/stuff/MRM/mrm_irc_2026/mrm_irc_2026/build/gps/install.log --single-version-externally-managed install_data
[0.842s] running egg_info
[0.842s] creating ../build/gps/gps.egg-info
[0.852s] writing ../build/gps/gps.egg-info/PKG-INFO
[0.852s] writing dependency_links to ../build/gps/gps.egg-info/dependency_links.txt
[0.852s] writing entry points to ../build/gps/gps.egg-info/entry_points.txt
[0.852s] writing requirements to ../build/gps/gps.egg-info/requires.txt
[0.852s] writing top-level names to ../build/gps/gps.egg-info/top_level.txt
[0.918s] writing manifest file '../build/gps/gps.egg-info/SOURCES.txt'
[0.940s] reading manifest file '../build/gps/gps.egg-info/SOURCES.txt'
[0.940s] writing manifest file '../build/gps/gps.egg-info/SOURCES.txt'
[0.940s] running build
[0.940s] running build_py
[0.940s] creating /home/exhausted/Saisarath/stuff/MRM/mrm_irc_2026/mrm_irc_2026/build/gps/build
[0.940s] creating /home/exhausted/Saisarath/stuff/MRM/mrm_irc_2026/mrm_irc_2026/build/gps/build/lib
[0.940s] creating /home/exhausted/Saisarath/stuff/MRM/mrm_irc_2026/mrm_irc_2026/build/gps/build/lib/gps
[0.940s] copying gps/gps_rtk.py -> /home/exhausted/Saisarath/stuff/MRM/mrm_irc_2026/mrm_irc_2026/build/gps/build/lib/gps
[0.941s] copying gps/gps_rtcm.py -> /home/exhausted/Saisarath/stuff/MRM/mrm_irc_2026/mrm_irc_2026/build/gps/build/lib/gps
[0.941s] copying gps/__init__.py -> /home/exhausted/Saisarath/stuff/MRM/mrm_irc_2026/mrm_irc_2026/build/gps/build/lib/gps
[0.941s] running install
[0.944s] running install_lib
[0.955s] creating /home/exhausted/Saisarath/stuff/MRM/mrm_irc_2026/mrm_irc_2026/install/gps/lib/python3.10/site-packages/gps
[0.955s] copying /home/exhausted/Saisarath/stuff/MRM/mrm_irc_2026/mrm_irc_2026/build/gps/build/lib/gps/gps_rtk.py -> /home/exhausted/Saisarath/stuff/MRM/mrm_irc_2026/mrm_irc_2026/install/gps/lib/python3.10/site-packages/gps
[0.956s] copying /home/exhausted/Saisarath/stuff/MRM/mrm_irc_2026/mrm_irc_2026/build/gps/build/lib/gps/gps_rtcm.py -> /home/exhausted/Saisarath/stuff/MRM/mrm_irc_2026/mrm_irc_2026/install/gps/lib/python3.10/site-packages/gps
[0.956s] copying /home/exhausted/Saisarath/stuff/MRM/mrm_irc_2026/mrm_irc_2026/build/gps/build/lib/gps/__init__.py -> /home/exhausted/Saisarath/stuff/MRM/mrm_irc_2026/mrm_irc_2026/install/gps/lib/python3.10/site-packages/gps
[0.956s] byte-compiling /home/exhausted/Saisarath/stuff/MRM/mrm_irc_2026/mrm_irc_2026/install/gps/lib/python3.10/site-packages/gps/gps_rtk.py to gps_rtk.cpython-310.pyc
[0.956s] byte-compiling /home/exhausted/Saisarath/stuff/MRM/mrm_irc_2026/mrm_irc_2026/install/gps/lib/python3.10/site-packages/gps/gps_rtcm.py to gps_rtcm.cpython-310.pyc
[0.957s] byte-compiling /home/exhausted/Saisarath/stuff/MRM/mrm_irc_2026/mrm_irc_2026/install/gps/lib/python3.10/site-packages/gps/__init__.py to __init__.cpython-310.pyc
[0.957s] running install_data
[0.957s] creating /home/exhausted/Saisarath/stuff/MRM/mrm_irc_2026/mrm_irc_2026/install/gps/share/ament_index
[0.957s] creating /home/exhausted/Saisarath/stuff/MRM/mrm_irc_2026/mrm_irc_2026/install/gps/share/ament_index/resource_index
[0.957s] creating /home/exhausted/Saisarath/stuff/MRM/mrm_irc_2026/mrm_irc_2026/install/gps/share/ament_index/resource_index/packages
[0.957s] copying resource/gps -> /home/exhausted/Saisarath/stuff/MRM/mrm_irc_2026/mrm_irc_2026/install/gps/share/ament_index/resource_index/packages
[0.957s] copying package.xml -> /home/exhausted/Saisarath/stuff/MRM/mrm_irc_2026/mrm_irc_2026/install/gps/share/gps
[0.957s] running install_egg_info
[0.969s] Copying ../build/gps/gps.egg-info to /home/exhausted/Saisarath/stuff/MRM/mrm_irc_2026/mrm_irc_2026/install/gps/lib/python3.10/site-packages/gps-0.0.1-py3.10.egg-info
[0.969s] running install_scripts
[0.995s] Installing gps_rtcm script to /home/exhausted/Saisarath/stuff/MRM/mrm_irc_2026/mrm_irc_2026/install/gps/lib/gps
[0.995s] Installing gps_rtk script to /home/exhausted/Saisarath/stuff/MRM/mrm_irc_2026/mrm_irc_2026/install/gps/lib/gps
[0.995s] writing list of installed files to '/home/exhausted/Saisarath/stuff/MRM/mrm_irc_2026/mrm_irc_2026/build/gps/install.log'
[1.011s] Invoked command in '/home/exhausted/Saisarath/stuff/MRM/mrm_irc_2026/mrm_irc_2026/gps' returned '0': PYTHONPATH=/home/exhausted/Saisarath/stuff/MRM/mrm_irc_2026/mrm_irc_2026/build/gps/prefix_override:/usr/lib/python3/dist-packages/colcon_core/task/python/colcon_distutils_commands:/home/exhausted/Saisarath/stuff/MRM/mrm_irc_2026/mrm_irc_2026/install/gps/lib/python3.10/site-packages:${PYTHONPATH} /usr/bin/python3 -W ignore:setup.py install is deprecated -W ignore:easy_install command is deprecated setup.py egg_info --egg-base ../build/gps build --build-base /home/exhausted/Saisarath/stuff/MRM/mrm_irc_2026/mrm_irc_2026/build/gps/build install --record /home/exhausted/Saisarath/stuff/MRM/mrm_irc_2026/mrm_irc_2026/build/gps/install.log --single-version-externally-managed install_data
